Archive member included because of file (symbol)

C:\CSR_uEnergy_SDK-2.1.0\tools\lib\CSR100x\libgatt_lib.a(gap_app_if.o)
                              depend_Release_CSR100x\alert_client_gatt.o (GapSetMode)
C:\CSR_uEnergy_SDK-2.1.0\tools\lib\CSR100x\libgatt_lib.a(gap_advertising_if.o)
                              depend_Release_CSR100x\alert_client_gatt.o (GapSetAdvInterval)
C:\CSR_uEnergy_SDK-2.1.0\tools\lib\CSR100x\libgatt_lib.a(gap_ls_if.o)
                              C:\CSR_uEnergy_SDK-2.1.0\tools\lib\CSR100x\libgatt_lib.a(gap_app_if.o) (___libgatt_lib_db_18)
C:\CSR_uEnergy_SDK-2.1.0\tools\lib\CSR100x\libgatt_lib.a(ls_advertising_if.o)
                              depend_Release_CSR100x\alert_client_gatt.o (LsStoreAdvScanData)
C:\CSR_uEnergy_SDK-2.1.0\tools\lib\CSR100x\libgatt_lib.a(ls_app_if.o)
                              depend_Release_CSR100x\alert_client.o (LsConnectionParamUpdateReq)
C:\CSR_uEnergy_SDK-2.1.0\tools\lib\CSR100x\libgatt_lib.a(ls_con_db.o)
                              C:\CSR_uEnergy_SDK-2.1.0\tools\lib\CSR100x\libgatt_lib.a(ls_app_if.o) (___libgatt_lib_db_40)
C:\CSR_uEnergy_SDK-2.1.0\tools\lib\CSR100x\libgatt_lib.a(ls_con_mgmt.o)
                              C:\CSR_uEnergy_SDK-2.1.0\tools\lib\CSR100x\libgatt_lib.a(ls_app_if.o) (___libgatt_lib_db_57)
C:\CSR_uEnergy_SDK-2.1.0\tools\lib\CSR100x\libgatt_lib.a(l2cap_ls_if.o)
                              C:\CSR_uEnergy_SDK-2.1.0\tools\lib\CSR100x\libgatt_lib.a(ls_app_if.o) (___libgatt_lib_db_124)
C:\CSR_uEnergy_SDK-2.1.0\tools\lib\CSR100x\libgatt_lib.a(l2cap_sig_handler.o)
                              C:\CSR_uEnergy_SDK-2.1.0\tools\lib\CSR100x\libgatt_lib.a(l2cap_ls_if.o) (___libgatt_lib_db_132)
C:\CSR_uEnergy_SDK-2.1.0\tools\lib\CSR100x\libgatt_lib.a(gatt.o)
                              depend_Release_CSR100x\alert_client.o (GattDisconnectReq)
C:\CSR_uEnergy_SDK-2.1.0\tools\lib\CSR100x\libgatt_lib.a(gatt_client.o)
                              depend_Release_CSR100x\alert_client.o (GattInstallClientRole)
C:\CSR_uEnergy_SDK-2.1.0\tools\lib\CSR100x\libgatt_lib.a(gatt_client_disc_all_prim_serv.o)
                              depend_Release_CSR100x\alert_client.o (GattDiscoverAllPrimaryServices)
C:\CSR_uEnergy_SDK-2.1.0\tools\lib\CSR100x\libgatt_lib.a(gatt_client_disc_char.o)
                              depend_Release_CSR100x\alert_client.o (GattDiscoverServiceChar)
C:\CSR_uEnergy_SDK-2.1.0\tools\lib\CSR100x\libgatt_lib.a(gatt_client_char_desc_disc.o)
                              depend_Release_CSR100x\alert_client.o (GattDiscoverAllCharDescriptors)
C:\CSR_uEnergy_SDK-2.1.0\tools\lib\CSR100x\libgatt_lib.a(gatt_client_read_char.o)
                              depend_Release_CSR100x\alert_client.o (GattReadCharValue)
C:\CSR_uEnergy_SDK-2.1.0\tools\lib\CSR100x\libgatt_lib.a(gatt_client_write_char.o)
                              depend_Release_CSR100x\alert_client.o (GattWriteCharValueReq)
C:\CSR_uEnergy_SDK-2.1.0\tools\lib\CSR100x\libgatt_lib.a(gatt_client_indications.o)
                              C:\CSR_uEnergy_SDK-2.1.0\tools\lib\CSR100x\libgatt_lib.a(gatt_client.o) (___libgatt_lib_db_345)
C:\CSR_uEnergy_SDK-2.1.0\tools\lib\CSR100x\libgatt_lib.a(gatt_server.o)
                              depend_Release_CSR100x\alert_client.o (GattAddDatabaseReq)
C:\CSR_uEnergy_SDK-2.1.0\tools\lib\CSR100x\libgatt_lib.a(gatt_common.o)
                              C:\CSR_uEnergy_SDK-2.1.0\tools\lib\CSR100x\libgatt_lib.a(gatt.o) (___libgatt_lib_db_362)
C:\CSR_uEnergy_SDK-2.1.0\tools\lib\CSR100x\libgatt_lib.a(gatt_att_if.o)
                              C:\CSR_uEnergy_SDK-2.1.0\tools\lib\CSR100x\libgatt_lib.a(gatt_server.o) (GS_add_db_cfm_handler)
C:\CSR_uEnergy_SDK-2.1.0\tools\lib\CSR100x\libgatt_lib.a(sm_pair_auth.o)
                              depend_Release_CSR100x\alert_client.o (SMPairingAuthRsp)
C:\CSR_uEnergy_SDK-2.1.0\tools\lib\CSR100x\libgatt_lib.a(sm_ram.o)
                              C:\CSR_uEnergy_SDK-2.1.0\tools\lib\CSR100x\libgatt_lib.a(gatt.o) (___libgatt_lib_db_431)
C:\CSR_uEnergy_SDK-2.1.0\tools\lib\CSR100x\libgatt_lib.a(sm_host_interface.o)
                              depend_Release_CSR100x\alert_client.o (SMRequestSecurityLevel)
C:\CSR_uEnergy_SDK-2.1.0\tools\lib\CSR100x\libgatt_lib.a(sm.o)
                              C:\CSR_uEnergy_SDK-2.1.0\tools\lib\CSR100x\libgatt_lib.a(gatt.o) (___libgatt_lib_db_471)
C:\CSR_uEnergy_SDK-2.1.0\tools\lib\CSR100x\libgatt_lib.a(sm_config.o)
                              C:\CSR_uEnergy_SDK-2.1.0\tools\lib\CSR100x\libgatt_lib.a(gap_ls_if.o) (___libgatt_lib_db_485)
C:\CSR_uEnergy_SDK-2.1.0\tools\lib\CSR100x\libgatt_lib.a(sm_privacy.o)
                              depend_Release_CSR100x\alert_client.o (SMPrivacyMatchAddress)
C:\CSR_uEnergy_SDK-2.1.0\tools\lib\CSR100x\libgatt_lib.a(sm_div.o)
                              depend_Release_CSR100x\alert_client.o (SMDivApproval)
C:\CSR_uEnergy_SDK-2.1.0\tools\lib\CSR100x\libgatt_lib.a(debug.o)
[...]
Memory Configuration

Name             Origin             Length             Attributes
*default*        0x00000000         0xffffffff

Linker script and memory map

LOAD depend_Release_CSR100x\app_gatt_db.o
LOAD depend_Release_CSR100x\alert_client.o
LOAD depend_Release_CSR100x\alert_client_gatt.o
LOAD depend_Release_CSR100x\alert_client_hw.o
LOAD depend_Release_CSR100x\alert_notification_service_data.o
LOAD depend_Release_CSR100x\gatt_service_data.o
LOAD depend_Release_CSR100x\local_debug.o
LOAD depend_Release_CSR100x\nvm_access.o
LOAD depend_Release_CSR100x\phone_alert_service_data.o
LOAD C:\CSR_uEnergy_SDK-2.1.0\tools\lib\CSR100x\libgatt_lib.a
                0x00000096                SWAP_INTO_DATA = 0x96
                0x00000000                PROG_START = 0x0
                0x00002000                PROG_RAM_START = 0x2000
                0x00008f6a                DATA_RAM_START = (0x9000 - DEFINED (SWAP_INTO_DATA)?SWAP_INTO_DATA:0x0)
                0x00009f9c                CS_START = 0x9f9c
                0x0000a000                DATA_RAM_END = 0xa000
                0x00008000                PROG_ROM_START = 0x8000
                0x00008000                PROG_ROM_SIZE = 0x8000
                0x00010000                PROG_ROM_OFFSET = 0x10000
                0x0000ef80                PERSIST_MEM_START = 0xef80
                0x00000020                PRES_DATA_SIZE = 0x20
                0x00000004                SLT_SIZE = 0x4
                0x000002b4                ALIGNED_SIZE = 0x2b4
                0x00000100                ISTACK_SIZE = 0x100
                0x00000200                USTACK_SIZE = 0x200
                0x80000000                $CODE$ = 0x80000000
                0x00000000                $DATA$ = 0x0
                0x0000ffe0                PROVIDE ($XAP_AH, 0xffe0)
                0x0000ffe1                PROVIDE ($XAP_AL, 0xffe1)
                0x0000ffe2                PROVIDE ($XAP_UXH, 0xffe2)
                0x0000ffe3                PROVIDE ($XAP_UXL, 0xffe3)
                0x0000ffe4                PROVIDE ($XAP_UY, 0xffe4)
                0x0000ffe5                PROVIDE ($XAP_IXH, 0xffe5)
                0x0000ffe6                PROVIDE ($XAP_IXL, 0xffe6)
                0x0000ffe7                PROVIDE ($XAP_IY, 0xffe7)
                0x00008f6a                . = DATA_RAM_START

.rodata         0x00008f6a      0x143
                0x00008f6a                RODATA_START = .
 *(.rodata)
 .rodata        0x00008f6a        0x2 depend_Release_CSR100x\alert_client_gatt.o
 .rodata        0x00008f6c       0x30 C:\CSR_uEnergy_SDK-2.1.0\tools\lib\CSR100x\libgatt_lib.a(sm.o)
                0x00008f88                ___libgatt_lib_db_451
 .rodata        0x00008f9c       0x13 C:\CSR_uEnergy_SDK-2.1.0\tools\lib\CSR100x\libgatt_lib.a(sm_l2cap.o)
 *(.rodata.*)
 .rodata.SetAppState
                0x00008faf        0xc depend_Release_CSR100x\alert_client.o
 .rodata.HandleExtraLongButtonPressTimerExpiry
                0x00008fbb        0x5 depend_Release_CSR100x\alert_client.o
 .rodata.str2.2
                0x00008fc0       0x24 depend_Release_CSR100x\alert_client.o
                                 0x36 (size before relaxing)
 .rodata.C.68..3149.
                0x00008fe4        0x2 depend_Release_CSR100x\alert_client.o
 .rodata.str2.2
                0x00008fe6        0xe depend_Release_CSR100x\alert_client_gatt.o
 .rodata.C.1..2285.
                0x00008ff4        0x3 depend_Release_CSR100x\alert_client_gatt.o
 .rodata.C.0..2284.
                0x00008ff7        0x3 depend_Release_CSR100x\alert_client_gatt.o
 .rodata.str2.2
                0x00008ffa        0x7 depend_Release_CSR100x\local_debug.o
 .rodata.C.1..4022.
                0x00009001        0x2 C:\CSR_uEnergy_SDK-2.1.0\tools\lib\CSR100x\libgatt_lib.a(gatt_client_disc_char.o)
 .rodata.C.8..4076.
                0x00009003        0x2 C:\CSR_uEnergy_SDK-2.1.0\tools\lib\CSR100x\libgatt_lib.a(gatt_client_disc_char.o)
 .rodata.app_att_mssg_handler
                0x00009005       0x17 C:\CSR_uEnergy_SDK-2.1.0\tools\lib\CSR100x\libgatt_lib.a(gatt_att_if.o)
 .rodata.lm_send_hci_ulp_advertising_report
                0x0000901c        0x7 C:\CSR_uEnergy_SDK-2.1.0\tools\lib\CSR100x\libgatt_lib.a(lm_hci_events.o)
 .rodata.le_connection_timeout
                0x00009023        0x9 C:\CSR_uEnergy_SDK-2.1.0\tools\lib\CSR100x\libgatt_lib.a(george.o)
 .rodata.le_rx_control_packet
                0x0000902c        0xe C:\CSR_uEnergy_SDK-2.1.0\tools\lib\CSR100x\libgatt_lib.a(george.o)
 .rodata.le_rx_event_handler
                0x0000903a        0x9 C:\CSR_uEnergy_SDK-2.1.0\tools\lib\CSR100x\libgatt_lib.a(george.o)
 .rodata.sca_limits
                0x00009043        0x7 C:\CSR_uEnergy_SDK-2.1.0\tools\lib\CSR100x\libgatt_lib.a(george.o)
 .rodata.ll_control_pdus
                0x0000904a       0x1c C:\CSR_uEnergy_SDK-2.1.0\tools\lib\CSR100x\libgatt_lib.a(george_ll.o)
 .rodata.C.8..8909.
                0x00009066        0x4 C:\CSR_uEnergy_SDK-2.1.0\tools\lib\CSR100x\libgatt_lib.a(george_adv.o)
 .rodata.timer_prio
                0x0000906a        0x3 C:\CSR_uEnergy_SDK-2.1.0\tools\lib\CSR100x\libgatt_lib.a(timer.o)
 .rodata.timer_events
                0x0000906d        0x3 C:\CSR_uEnergy_SDK-2.1.0\tools\lib\CSR100x\libgatt_lib.a(timer.o)
 .rodata.sizeof_irq_func_ptr
                0x00009070        0x1 C:\CSR_uEnergy_SDK-2.1.0\tools\lib\CSR100x\libgatt_lib.a(interrupts.o)
                0x00009070                ___libgatt_lib_db_4162
 .rodata.pool_totals.5219.
                0x00009071        0x4 C:\CSR_uEnergy_SDK-2.1.0\tools\lib\CSR100x\libgatt_lib.a(pools.o)
 .rodata.build_identifier_integer
                0x00009075        0x1 C:\CSR_uEnergy_SDK-2.1.0\tools\lib\CSR100x\libgatt_lib.a(id.o)
                0x00009075                build_identifier_integer
 .rodata.hlAttr
                0x00009076        0x3 C:\CSR_uEnergy_SDK-2.1.0\tools\lib\CSR100x\libgatt_lib.a(l2cap_common.o)
 .rodata.att_base_uuid
                0x00009079        0x8 C:\CSR_uEnergy_SDK-2.1.0\tools\lib\CSR100x\libgatt_lib.a(att.o)
                0x00009079                ___libgatt_lib_db_136
 .rodata.att_l2cap_handler
                0x00009081        0x7 C:\CSR_uEnergy_SDK-2.1.0\tools\lib\CSR100x\libgatt_lib.a(att_l2cap.o)
 .rodata.group_uuids
                0x00009088        0x2 C:\CSR_uEnergy_SDK-2.1.0\tools\lib\CSR100x\libgatt_lib.a(att_db.o)
                0x00009088                ___libgatt_lib_db_266
 .rodata.aux_uuids
                0x0000908a        0x1 C:\CSR_uEnergy_SDK-2.1.0\tools\lib\CSR100x\libgatt_lib.a(att_db.o)
                0x0000908a                ___libgatt_lib_db_265
 .rodata.C.0..4124.
                0x0000908b        0x8 C:\CSR_uEnergy_SDK-2.1.0\tools\lib\CSR100x\libgatt_lib.a(att_db.o)
 .rodata.attr_info
                0x00009093       0x14 C:\CSR_uEnergy_SDK-2.1.0\tools\lib\CSR100x\libgatt_lib.a(att_onchipdb.o)
                0x00009093                ___libgatt_lib_db_286
 .rodata.region_start
                0x000090a7        0x3 C:\CSR_uEnergy_SDK-2.1.0\tools\lib\CSR100x\libgatt_lib.a(persistent.o)
 .rodata.region_size
                0x000090aa        0x3 C:\CSR_uEnergy_SDK-2.1.0\tools\lib\CSR100x\libgatt_lib.a(persistent.o)
                0x000090ad                RODATA_END = .

.bss            0x000090ae      0x5fc
                0x000090ae                BSS_START = .
 *(.bss)
 .bss           0x000090ae        0x8 C:\CSR_uEnergy_SDK-2.1.0\tools\lib\CSR100x\libgatt_lib.a(sm_pair_auth.o)
 .bss           0x000090b6       0x27 C:\CSR_uEnergy_SDK-2.1.0\tools\lib\CSR100x\libgatt_lib.a(sm.o)
 .bss           0x000090dd        0x1 C:\CSR_uEnergy_SDK-2.1.0\tools\lib\CSR100x\libgatt_lib.a(xap2crt0.o)
 *(.bss.*)
 .bss.g_pts_send_only_silent_mode
                0x000090de        0x1 depend_Release_CSR100x\alert_client.o
                0x000090de                g_pts_send_only_silent_mode
 .bss.g_pts_disable_notify_ccd
                0x000090df        0x1 depend_Release_CSR100x\alert_client.o
                0x000090df                g_pts_disable_notify_ccd
 .bss.app_timers
                0x000090e0       0x2a depend_Release_CSR100x\alert_client.o
 .bss.tid_advertise
                0x0000910a        0x1 C:\CSR_uEnergy_SDK-2.1.0\tools\lib\CSR100x\libgatt_lib.a(ls_advertising_if.o)
 .bss.tid_con_param_update
                0x0000910b        0x1 C:\CSR_uEnergy_SDK-2.1.0\tools\lib\CSR100x\libgatt_lib.a(ls_con_db.o)
                0x0000910b                tid_con_param_update
 .bss.tid_con_param_proc_timeout
                0x0000910c        0x1 C:\CSR_uEnergy_SDK-2.1.0\tools\lib\CSR100x\libgatt_lib.a(ls_con_db.o)
                0x0000910c                tid_con_param_proc_timeout
 .bss.ls_con_min_ce_length
                0x0000910d        0x1 C:\CSR_uEnergy_SDK-2.1.0\tools\lib\CSR100x\libgatt_lib.a(ls_con_mgmt.o)
                0x0000910d                ls_con_min_ce_length
 .bss.ls_con_max_ce_length
                0x0000910e        0x1 C:\CSR_uEnergy_SDK-2.1.0\tools\lib\CSR100x\libgatt_lib.a(ls_con_mgmt.o)
                0x0000910e                ls_con_max_ce_length
 .bss.GS_add_db_cfm_handler
                0x0000910f        0x1 C:\CSR_uEnergy_SDK-2.1.0\tools\lib\CSR100x\libgatt_lib.a(gatt_att_if.o)
                0x0000910f                GS_add_db_cfm_handler
 .bss.GS_mtu_ind_handler
                0x00009110        0x1 C:\CSR_uEnergy_SDK-2.1.0\tools\lib\CSR100x\libgatt_lib.a(gatt_att_if.o)
                0x00009110                GS_mtu_ind_handler
 .bss.GS_access_ind_handler
                0x00009111        0x1 C:\CSR_uEnergy_SDK-2.1.0\tools\lib\CSR100x\libgatt_lib.a(gatt_att_if.o)
                0x00009111                GS_access_ind_handler
 .bss.GC_char_value_ind_handler
                0x00009112        0x1 C:\CSR_uEnergy_SDK-2.1.0\tools\lib\CSR100x\libgatt_lib.a(gatt_att_if.o)
                0x00009112                GC_char_value_ind_handler
 *fill*         0x00009113        0x2 00
 .bss.uart_rx_buffer
                0x00009114       0x40 C:\CSR_uEnergy_SDK-2.1.0\tools\lib\CSR100x\libgatt_lib.a(debug.o)
 .bss.uart_tx_buffer
                0x00009154       0x40 C:\CSR_uEnergy_SDK-2.1.0\tools\lib\CSR100x\libgatt_lib.a(debug.o)
 .bss.hci_lost_events
                0x00009194        0xc C:\CSR_uEnergy_SDK-2.1.0\tools\lib\CSR100x\libgatt_lib.a(lm_hci_events.o)
                0x00009194                hci_lost_events
 .bss.nocp_filter_handles
                0x000091a0        0x1 C:\CSR_uEnergy_SDK-2.1.0\tools\lib\CSR100x\libgatt_lib.a(lm_hci_events.o)
                0x000091a0                nocp_filter_handles
 .bss.notify_disconnect
                0x000091a1        0x1 C:\CSR_uEnergy_SDK-2.1.0\tools\lib\CSR100x\libgatt_lib.a(lm_hci_events.o)
                0x000091a1                notify_disconnect
 .bss.acl_data_handler
                0x000091a2        0x1 C:\CSR_uEnergy_SDK-2.1.0\tools\lib\CSR100x\libgatt_lib.a(lm_hci_events.o)
 .bss.hci_event_handler
                0x000091a3        0x1 C:\CSR_uEnergy_SDK-2.1.0\tools\lib\CSR100x\libgatt_lib.a(lm_hci_events.o)
 .bss.george_rx_rr.9881.
                0x000091a4        0x1 C:\CSR_uEnergy_SDK-2.1.0\tools\lib\CSR100x\libgatt_lib.a(george.o)
 .bss.i.8910.   0x000091a5        0x1 C:\CSR_uEnergy_SDK-2.1.0\tools\lib\CSR100x\libgatt_lib.a(george_ll.o)
 .bss.whitelist_free
                0x000091a6        0x1 C:\CSR_uEnergy_SDK-2.1.0\tools\lib\CSR100x\libgatt_lib.a(whitelist.o)
 .bss.single_tx_radio_buffer
                0x000091a7        0x1 C:\CSR_uEnergy_SDK-2.1.0\tools\lib\CSR100x\libgatt_lib.a(halbtle.o)
                0x000091a7                single_tx_radio_buffer
 .bss.single_rx_radio_buffer
                0x000091a8        0x1 C:\CSR_uEnergy_SDK-2.1.0\tools\lib\CSR100x\libgatt_lib.a(halbtle.o)
                0x000091a8                single_rx_radio_buffer
 .bss.tx_power_table
                0x000091a9        0x5 C:\CSR_uEnergy_SDK-2.1.0\tools\lib\CSR100x\libgatt_lib.a(halradiotrim.o)
 .bss.radio_trim_temp
                0x000091ae        0x1 C:\CSR_uEnergy_SDK-2.1.0\tools\lib\CSR100x\libgatt_lib.a(halradiotrim.o)
 .bss.uart_data_in
                0x000091af        0x1 C:\CSR_uEnergy_SDK-2.1.0\tools\lib\CSR100x\libgatt_lib.a(uart.o)
                0x000091af                uart_data_in
 .bss.uart_data_out
                0x000091b0        0x1 C:\CSR_uEnergy_SDK-2.1.0\tools\lib\CSR100x\libgatt_lib.a(uart.o)
                0x000091b0                uart_data_out
 .bss.uart_tx_buffer_size_units
                0x000091b1        0x1 C:\CSR_uEnergy_SDK-2.1.0\tools\lib\CSR100x\libgatt_lib.a(uart.o)
 .bss.uart_rx_buffer_size_units
                0x000091b2        0x1 C:\CSR_uEnergy_SDK-2.1.0\tools\lib\CSR100x\libgatt_lib.a(uart.o)
 .bss.data_mode
                0x000091b3        0x1 C:\CSR_uEnergy_SDK-2.1.0\tools\lib\CSR100x\libgatt_lib.a(uart.o)
 .bss.uart_out_index_units
                0x000091b4        0x1 C:\CSR_uEnergy_SDK-2.1.0\tools\lib\CSR100x\libgatt_lib.a(uart.o)
 .bss.uart_in_index_units
                0x000091b5        0x1 C:\CSR_uEnergy_SDK-2.1.0\tools\lib\CSR100x\libgatt_lib.a(uart.o)
 .bss.uart_requested_data_size_units
                0x000091b6        0x1 C:\CSR_uEnergy_SDK-2.1.0\tools\lib\CSR100x\libgatt_lib.a(uart.o)
 .bss.app_timer_queue
                0x000091b7        0x1 C:\CSR_uEnergy_SDK-2.1.0\tools\lib\CSR100x\libgatt_lib.a(timer.o)
 .bss.max_app_timers
                0x000091b8        0x1 C:\CSR_uEnergy_SDK-2.1.0\tools\lib\CSR100x\libgatt_lib.a(timer.o)
 .bss.fw_timer_queue
                0x000091b9       0x24 C:\CSR_uEnergy_SDK-2.1.0\tools\lib\CSR100x\libgatt_lib.a(timer.o)
 .bss.timer_queue_head
                0x000091dd        0x3 C:\CSR_uEnergy_SDK-2.1.0\tools\lib\CSR100x\libgatt_lib.a(timer.o)
 .bss.swirqs    0x000091e0        0x1 C:\CSR_uEnergy_SDK-2.1.0\tools\lib\CSR100x\libgatt_lib.a(swirq.o)
 .bss.bl_int_cnt
                0x000091e1        0x1 C:\CSR_uEnergy_SDK-2.1.0\tools\lib\CSR100x\libgatt_lib.a(interrupts.o)
                0x000091e1                bl_int_cnt
 .bss.storage_read
                0x000091e2        0x1 C:\CSR_uEnergy_SDK-2.1.0\tools\lib\CSR100x\libgatt_lib.a(nvm.o)
                0x000091e2                storage_read
 .bss.storage_write
                0x000091e3        0x1 C:\CSR_uEnergy_SDK-2.1.0\tools\lib\CSR100x\libgatt_lib.a(nvm.o)
                0x000091e3                storage_write
 .bss.storage_erase
                0x000091e4        0x1 C:\CSR_uEnergy_SDK-2.1.0\tools\lib\CSR100x\libgatt_lib.a(nvm.o)
                0x000091e4                storage_erase
 .bss.storage_disable
                0x000091e5        0x1 C:\CSR_uEnergy_SDK-2.1.0\tools\lib\CSR100x\libgatt_lib.a(nvm.o)
                0x000091e5                storage_disable
 .bss.storage_enable
                0x000091e6        0x1 C:\CSR_uEnergy_SDK-2.1.0\tools\lib\CSR100x\libgatt_lib.a(nvm.o)
                0x000091e6                storage_enable
 .bss.erase_chunk.5624.
                0x000091e7       0x10 C:\CSR_uEnergy_SDK-2.1.0\tools\lib\CSR100x\libgatt_lib.a(i2c_app_mem_mgr.o)
 .bss.nvm_i2c_scl_low
                0x000091f7        0x1 C:\CSR_uEnergy_SDK-2.1.0\tools\lib\CSR100x\libgatt_lib.a(i2c_app_mem_mgr.o)
 .bss.nvm_i2c_scl_high
                0x000091f8        0x1 C:\CSR_uEnergy_SDK-2.1.0\tools\lib\CSR100x\libgatt_lib.a(i2c_app_mem_mgr.o)
 .bss.last_radio_active_setting
                0x000091f9        0x1 C:\CSR_uEnergy_SDK-2.1.0\tools\lib\CSR100x\libgatt_lib.a(pmu.o)
 .bss.pmu_ana_ctrl_radio_on
                0x000091fa        0x6 C:\CSR_uEnergy_SDK-2.1.0\tools\lib\CSR100x\libgatt_lib.a(pmu.o)
 .bss.pmu_ana_ctrl_radio_off
                0x00009200        0x6 C:\CSR_uEnergy_SDK-2.1.0\tools\lib\CSR100x\libgatt_lib.a(pmu.o)
 .bss.smps_freq_update_temp
                0x00009206        0x1 C:\CSR_uEnergy_SDK-2.1.0\tools\lib\CSR100x\libgatt_lib.a(pmu.o)
 .bss.pmu_smps_voltage_normal
                0x00009207        0x1 C:\CSR_uEnergy_SDK-2.1.0\tools\lib\CSR100x\libgatt_lib.a(pmu.o)
 .bss.pmu_smps_voltage_hot
                0x00009208        0x1 C:\CSR_uEnergy_SDK-2.1.0\tools\lib\CSR100x\libgatt_lib.a(pmu.o)
 .bss.radiotest_enabled
                0x00009209        0x1 C:\CSR_uEnergy_SDK-2.1.0\tools\lib\CSR100x\libgatt_lib.a(radiotest_init.o)
                0x00009209                radiotest_enabled
 .bss.l2capPrim
                0x0000920a        0x8 C:\CSR_uEnergy_SDK-2.1.0\tools\lib\CSR100x\libgatt_lib.a(l2cap_common.o)
 .bss.dataRcvdFromLC
                0x00009212       0x17 C:\CSR_uEnergy_SDK-2.1.0\tools\lib\CSR100x\libgatt_lib.a(l2cap_hci_if.o)
 .bss.gatt_installed
                0x00009229        0x1 C:\CSR_uEnergy_SDK-2.1.0\tools\lib\CSR100x\libgatt_lib.a(att_server_mtu.o)
 .bss.wd_kick_needed
                0x0000922a        0x1 C:\CSR_uEnergy_SDK-2.1.0\tools\lib\CSR100x\libgatt_lib.a(wd.o)
 .bss.wd_timeout_saved
                0x0000922b        0x1 C:\CSR_uEnergy_SDK-2.1.0\tools\lib\CSR100x\libgatt_lib.a(wd.o)
 .bss.num_overdue_updates
                0x0000922c        0x1 C:\CSR_uEnergy_SDK-2.1.0\tools\lib\CSR100x\libgatt_lib.a(wd.o)
 .bss.app_background_tick
                0x0000922d        0x1 C:\CSR_uEnergy_SDK-2.1.0\tools\lib\CSR100x\libgatt_lib.a(wd.o)
 .bss.i2c_activity_timeout_time
                0x0000922e        0x1 C:\CSR_uEnergy_SDK-2.1.0\tools\lib\CSR100x\libgatt_lib.a(i2c_eeprom.o)
 .bss.last_event_voltage
                0x0000922f        0x1 C:\CSR_uEnergy_SDK-2.1.0\tools\lib\CSR100x\libgatt_lib.a(battery.o)
 .bss.cached_battery_voltage
                0x00009230        0x1 C:\CSR_uEnergy_SDK-2.1.0\tools\lib\CSR100x\libgatt_lib.a(battery.o)
 .bss.overdue_tasks
                0x00009231        0x1 C:\CSR_uEnergy_SDK-2.1.0\tools\lib\CSR100x\libgatt_lib.a(updates.o)
 .bss.battery_update_count
                0x00009232        0x1 C:\CSR_uEnergy_SDK-2.1.0\tools\lib\CSR100x\libgatt_lib.a(updates.o)
 .bss.discovered_device
                0x00009233        0x1 C:\CSR_uEnergy_SDK-2.1.0\tools\lib\CSR100x\libgatt_lib.a(ls_scanning_if.o)
 COMMON         0x00009234       0x21 depend_Release_CSR100x\alert_client.o
                0x00009234                g_app_data
 COMMON         0x00009255        0x2 depend_Release_CSR100x\alert_client_hw.o
                0x00009255                g_app_hw_data
 COMMON         0x00009257       0x29 depend_Release_CSR100x\alert_notification_service_data.o
                0x00009257                g_app_ans_data
 COMMON         0x00009280        0x3 depend_Release_CSR100x\gatt_service_data.o
                0x00009280                g_app_gatt_data
 COMMON         0x00009283        0xc depend_Release_CSR100x\phone_alert_service_data.o
                0x00009283                g_app_pas_data
 COMMON         0x0000928f       0x30 C:\CSR_uEnergy_SDK-2.1.0\tools\lib\CSR100x\libgatt_lib.a(ls_con_db.o)
                0x0000928f                ls_random_address
                0x00009293                conMgmtDB
 COMMON         0x000092bf       0x2e C:\CSR_uEnergy_SDK-2.1.0\tools\lib\CSR100x\libgatt_lib.a(gatt.o)
                0x000092bf                gatt
 COMMON         0x000092ed        0x1 C:\CSR_uEnergy_SDK-2.1.0\tools\lib\CSR100x\libgatt_lib.a(sm_pair_auth.o)
                0x000092ed                pairing_req_instance
 COMMON         0x000092ee        0x6 C:\CSR_uEnergy_SDK-2.1.0\tools\lib\CSR100x\libgatt_lib.a(sm.o)
                0x000092ee                smcb
                0x000092f3                sm_pairing_auth_ind
 COMMON         0x000092f4        0x5 C:\CSR_uEnergy_SDK-2.1.0\tools\lib\CSR100x\libgatt_lib.a(lm_hci_events.o)
                0x000092f4                lm_acl_rx_data
 COMMON         0x000092f9       0xde C:\CSR_uEnergy_SDK-2.1.0\tools\lib\CSR100x\libgatt_lib.a(george.o)
                0x000092f9                tx_event_log
                0x000092fe                rx_event_log
                0x0000930d                random_addr
                0x00009310                le_device
 COMMON         0x000093d7      0x128 C:\CSR_uEnergy_SDK-2.1.0\tools\lib\CSR100x\libgatt_lib.a(pools.o)
                0x000093d7                pools
 COMMON         0x000094ff        0x1 C:\CSR_uEnergy_SDK-2.1.0\tools\lib\CSR100x\libgatt_lib.a(pmu.o)
                0x000094ff                cached_vbg
 COMMON         0x00009500        0x8 C:\CSR_uEnergy_SDK-2.1.0\tools\lib\CSR100x\libgatt_lib.a(l2cap_common.o)
                0x00009500                fixedChCB
                0x00009506                sigIdentifier
 COMMON         0x00009508      0x138 C:\CSR_uEnergy_SDK-2.1.0\tools\lib\CSR100x\libgatt_lib.a(att.o)
                0x00009508                att
 COMMON         0x00009640       0x3c C:\CSR_uEnergy_SDK-2.1.0\tools\lib\CSR100x\libgatt_lib.a(att_l2cap.o)
                0x00009640                ll_data_pdu
                0x00009657                att_hl_prim
                0x00009665                hl_prepare_wr_data
 COMMON         0x0000967c       0x2c C:\CSR_uEnergy_SDK-2.1.0\tools\lib\CSR100x\libgatt_lib.a(sm_static.o)
                0x0000967c                sm_pairing
 COMMON         0x000096a8        0x2 C:\CSR_uEnergy_SDK-2.1.0\tools\lib\CSR100x\libgatt_lib.a(i2c.o)
                0x000096a8                i2c_byte_timeout
                0x000096a9                i2c_activity_started
                0x000096aa                BSS_END = .
                0x000005fc                BSS_SIZE = (BSS_END - BSS_START)

.data           0x000096aa      0x139
                0x000096aa                DATA_START = .
 *(.data)
 .data          0x000096aa        0x5 C:\CSR_uEnergy_SDK-2.1.0\tools\lib\CSR100x\libgatt_lib.a(sm_config.o)
                0x000096aa                ___libgatt_lib_db_485
 *(.data.*)
 .data.gattDatabase
                0x000096af       0x54 depend_Release_CSR100x\app_gatt_db.o
                0x000096af                gattDatabase
 .data.gap_db   0x00009703       0x54 C:\CSR_uEnergy_SDK-2.1.0\tools\lib\CSR100x\libgatt_lib.a(gap_ls_if.o)
                0x00009703                ___libgatt_lib_db_18
 .data.ls_con_default_params
                0x00009757        0x4 C:\CSR_uEnergy_SDK-2.1.0\tools\lib\CSR100x\libgatt_lib.a(ls_con_mgmt.o)
                0x00009757                ___libgatt_lib_db_58
 .data.ls_con_scan_interval
                0x0000975b        0x1 C:\CSR_uEnergy_SDK-2.1.0\tools\lib\CSR100x\libgatt_lib.a(ls_con_mgmt.o)
                0x0000975b                ___libgatt_lib_db_59
 .data.ls_con_scan_window
                0x0000975c        0x1 C:\CSR_uEnergy_SDK-2.1.0\tools\lib\CSR100x\libgatt_lib.a(ls_con_mgmt.o)
                0x0000975c                ___libgatt_lib_db_60
 .data.default_chm
                0x0000975d        0x3 C:\CSR_uEnergy_SDK-2.1.0\tools\lib\CSR100x\libgatt_lib.a(george.o)
 .data.pending_pdu_acks
                0x00009760        0xc C:\CSR_uEnergy_SDK-2.1.0\tools\lib\CSR100x\libgatt_lib.a(george_ll.o)
 .data.swirq_handler
                0x0000976c        0x6 C:\CSR_uEnergy_SDK-2.1.0\tools\lib\CSR100x\libgatt_lib.a(swirq.o)
 .data.irq_branch_table
                0x00009772       0x20 C:\CSR_uEnergy_SDK-2.1.0\tools\lib\CSR100x\libgatt_lib.a(interrupts.o)
                0x00009772                ___libgatt_lib_db_4159
 .data.pcblist  0x00009792        0xc C:\CSR_uEnergy_SDK-2.1.0\tools\lib\CSR100x\libgatt_lib.a(pools.o)
 .data.cached_temperature
                0x0000979e        0x1 C:\CSR_uEnergy_SDK-2.1.0\tools\lib\CSR100x\libgatt_lib.a(thermometer.o)
 .data.con_trigger_client
                0x0000979f        0x1 C:\CSR_uEnergy_SDK-2.1.0\tools\lib\CSR100x\libgatt_lib.a(l2cap_common.o)
                0x0000979f                ___libgatt_lib_db_89
 .data.att_handlers
                0x000097a0       0x3e C:\CSR_uEnergy_SDK-2.1.0\tools\lib\CSR100x\libgatt_lib.a(att_l2cap.o)
 .data.i2c_power_pio
                0x000097de        0x1 C:\CSR_uEnergy_SDK-2.1.0\tools\lib\CSR100x\libgatt_lib.a(i2c.o)
 .data.i2c_sda_pio
                0x000097df        0x1 C:\CSR_uEnergy_SDK-2.1.0\tools\lib\CSR100x\libgatt_lib.a(i2c.o)
 .data.i2c_scl_pio
                0x000097e0        0x1 C:\CSR_uEnergy_SDK-2.1.0\tools\lib\CSR100x\libgatt_lib.a(i2c.o)
 .data.eeprom_page_size
                0x000097e1        0x1 C:\CSR_uEnergy_SDK-2.1.0\tools\lib\CSR100x\libgatt_lib.a(i2c_eeprom.o)
 .data.eeprom_write_cycle
                0x000097e2        0x1 C:\CSR_uEnergy_SDK-2.1.0\tools\lib\CSR100x\libgatt_lib.a(i2c_eeprom.o)
                0x000097e3                DATA_END = .
                0x0000ef80                . = PERSIST_MEM_START

PERSIST_MEM     0x0000ef80       0x80
 *(PERSIST_MEM)
 PERSIST_MEM    0x0000ef80       0x80 C:\CSR_uEnergy_SDK-2.1.0\tools\lib\CSR100x\libgatt_lib.a(persistent.o)
                0x0000ef80                ___libgatt_lib_db_4218
 *(PERSIST_MEM.*)
                0x0000f000                PERSIST_MEM_END = .
                0x00009f9c                . = CS_START

CONFIG_STORE    0x00009f9c       0x3f
 *(CONFIG_STORE)
 CONFIG_STORE   0x00009f9c       0x3f C:\CSR_uEnergy_SDK-2.1.0\tools\lib\CSR100x\libgatt_lib.a(config_store.o)
                0x00009f9c                ___libgatt_lib_db_4150
 *(CONFIG_STORE.*)
                0x00009fdb                CS_END = .
                0x0000003f                CS_SIZE = (CS_END - CS_START)
                0x00009fdc                . = ((DATA_RAM_END - PRES_DATA_SIZE) - SLT_SIZE)

SLT             0x00009fdc        0x4
                0x00009fdc                SLT_START = .
 *(SLT)
 SLT            0x00009fdc        0x4 C:\CSR_uEnergy_SDK-2.1.0\tools\lib\CSR100x\libgatt_lib.a(slut.o)
                0x00009fdc                slut
 *(SLT.*)

.preserved      0x00009fe0        0x0
                0x00009fe0                PRESERVED_START = .
 *(PRES_DATA)
 *(PRES_DATA.*)
                0x00009f9c                STACK_END = CS_START
                0x00009c9c                . = ((STACK_END - ISTACK_SIZE) - USTACK_SIZE)

.stack          0x00009c9c      0x300
                0x00009c9c                STACK_START = .
                0x00009c9c                USTACK_START = .
                0x00009e9c                USTACK_END = (USTACK_START + USTACK_SIZE)
 *(USTACK)
 *(USTACK.*)
                0x00009e9c                . = USTACK_END
 *fill*         0x00009c9c      0x400 00
                0x00009e9c                ISTACK_START = .
                0x00009f9c                ISTACK_END = (ISTACK_START + ISTACK_SIZE)
 *(ISTACK)
 *(ISTACK.*)
                0x00009f9c                . = ISTACK_END
 *fill*         0x00009e9c      0x200 00
                0x00009c9c                ALIGNED_DATA_END = STACK_START
                0x000099e8                . = (ALIGNED_DATA_END - ALIGNED_SIZE)

.aligned_data   0x000099e8      0x2b4
                0x000099e8                ALIGNED_DATA_START = .
 *(EXCLUDE_FILE(*whitelist.o) ALIGN64)
 ALIGN64        0x000099e8      0x294 C:\CSR_uEnergy_SDK-2.1.0\tools\lib\CSR100x\libgatt_lib.a(halradio.o)
                0x00009b10                ___libgatt_lib_db_4076
                0x000099e8                ___libgatt_lib_db_4081
                0x00009b78                ___libgatt_lib_db_4078
                0x00009ae8                ___libgatt_lib_db_4075
                0x00009b18                ___libgatt_lib_db_4080
 *whitelist.o(ALIGN64)
 ALIGN64        0x00009c7c       0x20 C:\CSR_uEnergy_SDK-2.1.0\tools\lib\CSR100x\libgatt_lib.a(whitelist.o)
                0x00000000                . = PROG_START

.text           0x00000000     0x6f48 load address 0x80000000
 *xap2crt0.o(.text)
 .text          0x00000000       0xbf C:\CSR_uEnergy_SDK-2.1.0\tools\lib\CSR100x\libgatt_lib.a(xap2crt0.o)
                0x00000000                reset_vector
                0x000000bd                ___libgatt_lib_db_3801
                0x0000008b                ___libgatt_lib_db_2828
 *xap2crt0.o(.text.*)
 *(.text)
 .text          0x000000bf       0x34 C:\CSR_uEnergy_SDK-2.1.0\tools\lib\CSR100x\libgatt_lib.a(sm_pair_auth.o)
                0x000000bf                SMPairingAuthRsp
                0x000000d1                ___libgatt_lib_db_428
 .text          0x000000f3        0xd C:\CSR_uEnergy_SDK-2.1.0\tools\lib\CSR100x\libgatt_lib.a(sm_ram.o)
                0x000000f3                ___libgatt_lib_db_431
                0x000000f8                SMFeaturesReq
 .text          0x00000100       0xa8 C:\CSR_uEnergy_SDK-2.1.0\tools\lib\CSR100x\libgatt_lib.a(sm_host_interface.o)
                0x00000191                SMRequestSecurityLevel
                0x0000015b                SMPasskeyInput
                0x00000129                ___libgatt_lib_db_442
                0x00000150                SMPasskeyInputNeg
                0x00000100                ___libgatt_lib_db_441
                0x00000173                ___libgatt_lib_db_440
                0x0000013a                ___libgatt_lib_db_439
 .text          0x000001a8      0x4c3 C:\CSR_uEnergy_SDK-2.1.0\tools\lib\CSR100x\libgatt_lib.a(sm.o)
                0x00000627                ___libgatt_lib_db_469
                0x00000326                ___libgatt_lib_db_475
                0x0000045b                ___libgatt_lib_db_477
                0x000003ab                ___libgatt_lib_db_474
                0x000001a8                ___libgatt_lib_db_471
                0x000001ba                SMInit
                0x0000034e                ___libgatt_lib_db_476
                0x0000064a                ___libgatt_lib_db_468
                0x0000047c                ___libgatt_lib_db_478
                0x000001cb                ___libgatt_lib_db_473
                0x000002d0                ___libgatt_lib_db_470
                0x000002aa                ___libgatt_lib_db_472
                0x000002e1                ___libgatt_lib_db_480
                0x000003b7                ___libgatt_lib_db_479
                0x0000046c                ___libgatt_lib_db_452
 .text          0x0000066b       0x25 C:\CSR_uEnergy_SDK-2.1.0\tools\lib\CSR100x\libgatt_lib.a(sm_config.o)
                0x00000674                SMSetMinEncKeySize
                0x0000066e                SMSetMaxEncKeySize
                0x0000066b                SMSetIOCapabilities
                0x0000067a                ___libgatt_lib_db_486
 .text          0x00000690       0x93 C:\CSR_uEnergy_SDK-2.1.0\tools\lib\CSR100x\libgatt_lib.a(sm_privacy.o)
                0x000006b2                SMPrivacyMatchAddress
                0x000006df                SMPrivacyRegenerateAddress
 .text          0x00000723       0x21 C:\CSR_uEnergy_SDK-2.1.0\tools\lib\CSR100x\libgatt_lib.a(sm_div.o)
                0x00000734                ___libgatt_lib_db_491
                0x00000723                SMDivApproval
 .text          0x00000744       0x2a C:\CSR_uEnergy_SDK-2.1.0\tools\lib\CSR100x\libgatt_lib.a(memcpy_pack.o)
                0x00000744                ___libgatt_lib_db_3831
                0x00000744                MemCopyPack
 .text          0x0000076e       0x25 C:\CSR_uEnergy_SDK-2.1.0\tools\lib\CSR100x\libgatt_lib.a(memcpy_unpack.o)
                0x0000076e                MemCopyUnPack
                0x0000076e                ___libgatt_lib_db_3832
 .text          0x00000793        0xc C:\CSR_uEnergy_SDK-2.1.0\tools\lib\CSR100x\libgatt_lib.a(memset.o)
                0x00000793                ___libgatt_lib_db_3834
                0x00000793                MemSet
                0x00000793                ___libgatt_lib_db_3833
 .text          0x0000079f       0x10 C:\CSR_uEnergy_SDK-2.1.0\tools\lib\CSR100x\libgatt_lib.a(udiv3216.o)
                0x0000079f                ___libgatt_lib_db_3850
 .text          0x000007af       0xe8 C:\CSR_uEnergy_SDK-2.1.0\tools\lib\CSR100x\libgatt_lib.a(patch.o)
                0x000007af                ___libgatt_lib_db_4240
 .text          0x00000897      0x166 C:\CSR_uEnergy_SDK-2.1.0\tools\lib\CSR100x\libgatt_lib.a(sm_l2cap.o)
                0x00000897                ___libgatt_lib_db_391
                0x000008ee                ___libgatt_lib_db_389
                0x00000918                ___libgatt_lib_db_385
                0x000008ad                ___libgatt_lib_db_386
                0x000009a0                ___libgatt_lib_db_384
                0x000008db                ___libgatt_lib_db_390
                0x0000090a                ___libgatt_lib_db_387
                0x000008bd                ___libgatt_lib_db_383
                0x00000924                ___libgatt_lib_db_388
 .text          0x000009fd       0x53 C:\CSR_uEnergy_SDK-2.1.0\tools\lib\CSR100x\libgatt_lib.a(sm_static.o)
                0x00000a44                ___libgatt_lib_db_400
                0x00000a1e                ___libgatt_lib_db_398
                0x00000a42                ___libgatt_lib_db_401
                0x00000a05                ___libgatt_lib_db_402
                0x000009fd                ___libgatt_lib_db_399
                0x00000a0d                ___libgatt_lib_db_403
 .text          0x00000a50      0x155 C:\CSR_uEnergy_SDK-2.1.0\tools\lib\CSR100x\libgatt_lib.a(sm_pairing.o)
                0x00000ac8                ___libgatt_lib_db_420
                0x00000ab6                ___libgatt_lib_db_423
                0x00000aea                ___libgatt_lib_db_405
                0x00000b72                ___libgatt_lib_db_417
                0x00000a86                ___libgatt_lib_db_424
                0x00000af0                ___libgatt_lib_db_419
                0x00000a80                ___libgatt_lib_db_422
                0x00000b91                ___libgatt_lib_db_418
                0x00000aa2                ___libgatt_lib_db_421
                0x00000a50                ___libgatt_lib_db_425
                0x00000ae4                ___libgatt_lib_db_404
 .text          0x00000ba5       0x4f C:\CSR_uEnergy_SDK-2.1.0\tools\lib\CSR100x\libgatt_lib.a(timeasm.o)
                0x00000bb9                TimeGet48WithOffset
                0x00000bac                TimeGet48
                0x00000bd0                TimeIncrement48
                0x00000bdc                TimeSub48
                0x00000ba5                TimeGet32
                0x00000baa                TimeGet16
 *(.text.*)
 .text.GattGetDatabase
                0x00000bf4        0x7 depend_Release_CSR100x\app_gatt_db.o
                0x00000bf4                GattGetDatabase
 .text.AppPowerOnReset
                0x00000bfb        0x1 depend_Release_CSR100x\alert_client.o
                0x00000bfb                AppPowerOnReset
 .text.MainEnableNotifications
                0x00000bfc       0x17 depend_Release_CSR100x\alert_client.o
                0x00000bfc                MainEnableNotifications
 .text.appDataInit
                0x00000c13       0x32 depend_Release_CSR100x\alert_client.o
 .text.delayInReadingTimerHandler
                0x00000c45        0xb depend_Release_CSR100x\alert_client.o
 .text.AppInit  0x00000c50       0x91 depend_Release_CSR100x\alert_client.o
                0x00000c50                AppInit
 .text.gattDiscoveryHandler
                0x00000ce1        0xb depend_Release_CSR100x\alert_client.o
 .text.ReportPanic
                0x00000cec        0x2 depend_Release_CSR100x\alert_client.o
                0x00000cec                ReportPanic
 .text.requestConnParamUpdate
                0x00000cee       0x12 depend_Release_CSR100x\alert_client.o
 .text.handleConnParamUpdateRequestTimerExpiry
                0x00000d00        0xf depend_Release_CSR100x\alert_client.o
 .text.SetAppState
                0x00000d0f       0x75 depend_Release_CSR100x\alert_client.o
                0x00000d0f                SetAppState
 .text.StartDiscoveryProcedure
                0x00000d84        0x2 depend_Release_CSR100x\alert_client.o
                0x00000d84                StartDiscoveryProcedure
 .text.handleBondingChanceTimerExpiry
                0x00000d86        0xa depend_Release_CSR100x\alert_client.o
 .text.HandlePIOChangedEvent
                0x00000d90       0x66 depend_Release_CSR100x\alert_client.o
                0x00000d90                HandlePIOChangedEvent
 .text.AppProcessSystemEvent
                0x00000df6        0xa depend_Release_CSR100x\alert_client.o
                0x00000df6                AppProcessSystemEvent
 .text.HandleExtraLongButtonPressTimerExpiry
                0x00000e00       0x3a depend_Release_CSR100x\alert_client.o
                0x00000e00                HandleExtraLongButtonPressTimerExpiry
 .text.AppProcessLmEvent
                0x00000e3a      0x50d depend_Release_CSR100x\alert_client.o
                0x00000e3a                AppProcessLmEvent
 .text.GattIsAddressResolvableRandom
                0x00001347       0x11 depend_Release_CSR100x\alert_client_gatt.o
                0x00001347                GattIsAddressResolvableRandom
 .text.GattStopAdverts
                0x00001358        0x2 depend_Release_CSR100x\alert_client_gatt.o
                0x00001358                GattStopAdverts
 .text.gattAdvertTimerHandler
                0x0000135a       0x16 depend_Release_CSR100x\alert_client_gatt.o
 .text.gattSetAdvertParams
                0x00001370       0x96 depend_Release_CSR100x\alert_client_gatt.o
 .text.GattStartAdverts
                0x00001406       0x2d depend_Release_CSR100x\alert_client_gatt.o
                0x00001406                GattStartAdverts
 .text.GattTriggerFastAdverts
                0x00001433        0xd depend_Release_CSR100x\alert_client_gatt.o
                0x00001433                GattTriggerFastAdverts
 .text.SoundBuzzer
                0x00001440        0x1 depend_Release_CSR100x\alert_client_hw.o
                0x00001440                SoundBuzzer
 .text.HandlePhoneAlertStatusValue
                0x00001441        0x1 depend_Release_CSR100x\alert_client_hw.o
                0x00001441                HandlePhoneAlertStatusValue
 .text.HandleRingerSettingValue
                0x00001442        0x1 depend_Release_CSR100x\alert_client_hw.o
                0x00001442                HandleRingerSettingValue
 .text.DisplaySupportedCategories
                0x00001443       0x10 depend_Release_CSR100x\alert_client_hw.o
                0x00001443                DisplaySupportedCategories
 .text.HandleAlertUpdate
                0x00001453        0xb depend_Release_CSR100x\alert_client_hw.o
                0x00001453                HandleAlertUpdate
 .text.SetIndication
                0x0000145e       0x3f depend_Release_CSR100x\alert_client_hw.o
                0x0000145e                SetIndication
 .text.AppHwDataInit
                0x0000149d        0xc depend_Release_CSR100x\alert_client_hw.o
                0x0000149d                AppHwDataInit
 .text.HandleLongButtonPressTimerExpiry
                0x000014a9       0x17 depend_Release_CSR100x\alert_client_hw.o
                0x000014a9                HandleLongButtonPressTimerExpiry
 .text.InitAlertTagHardware
                0x000014c0       0x36 depend_Release_CSR100x\alert_client_hw.o
                0x000014c0                InitAlertTagHardware
 .text.IsAlertCategoryValid
                0x000014f6        0x6 depend_Release_CSR100x\alert_notification_service_data.o
 .text.handleANSGattCharValInd
                0x000014fc       0x3a depend_Release_CSR100x\alert_notification_service_data.o
                0x000014fc                handleANSGattCharValInd
 .text.ConfigureAlertNotificationServer
                0x00001536        0xd depend_Release_CSR100x\alert_notification_service_data.o
                0x00001536                ConfigureAlertNotificationServer
 .text.SendAlertControlPointCommand
                0x00001543       0x12 depend_Release_CSR100x\alert_notification_service_data.o
                0x00001543                SendAlertControlPointCommand
 .text.handleANSGattReadCharValCFM
                0x00001555       0x34 depend_Release_CSR100x\alert_notification_service_data.o
                0x00001555                handleANSGattReadCharValCFM
 .text.handleGattServiceCharValInd
                0x00001589        0xb depend_Release_CSR100x\gatt_service_data.o
                0x00001589                handleGattServiceCharValInd
 .text.writeString
                0x00001594        0x8 depend_Release_CSR100x\local_debug.o
                0x00001594                writeString
 .text.writeNumAlerts
                0x0000159c        0xa depend_Release_CSR100x\local_debug.o
                0x0000159c                writeNumAlerts
 .text.Nvm_Disable
                0x000015a6        0x7 depend_Release_CSR100x\nvm_access.o
                0x000015a6                Nvm_Disable
 .text.Nvm_Write
                0x000015ad        0xd depend_Release_CSR100x\nvm_access.o
                0x000015ad                Nvm_Write
 .text.Nvm_Read
                0x000015ba        0xd depend_Release_CSR100x\nvm_access.o
                0x000015ba                Nvm_Read
 .text.InitPASData
                0x000015c7        0x4 depend_Release_CSR100x\phone_alert_service_data.o
                0x000015c7                InitPASData
 .text.WritePASRingerCtrlPoint
                0x000015cb       0x16 depend_Release_CSR100x\phone_alert_service_data.o
                0x000015cb                WritePASRingerCtrlPoint
 .text.ReadPASRingerSettingChar
                0x000015e1        0xa depend_Release_CSR100x\phone_alert_service_data.o
                0x000015e1                ReadPASRingerSettingChar
 .text.ReadPASPhoneAlertChar
                0x000015eb        0xa depend_Release_CSR100x\phone_alert_service_data.o
                0x000015eb                ReadPASPhoneAlertChar
 .text.HandlePASGattReadCharValCFM
                0x000015f5       0x28 depend_Release_CSR100x\phone_alert_service_data.o
                0x000015f5                HandlePASGattReadCharValCFM
 .text.HandlePASGattCharValInd
                0x0000161d       0x17 depend_Release_CSR100x\phone_alert_service_data.o
                0x0000161d                HandlePASGattCharValInd
 .text.ConfigurePhoneAlertServer
                0x00001634        0xa depend_Release_CSR100x\phone_alert_service_data.o
                0x00001634                ConfigurePhoneAlertServer
 .text.GapSetMode
                0x0000163e       0x3c C:\CSR_uEnergy_SDK-2.1.0\tools\lib\CSR100x\libgatt_lib.a(gap_app_if.o)
                0x0000163e                GapSetMode
 .text.GapSetStaticAddress
                0x0000167a       0x17 C:\CSR_uEnergy_SDK-2.1.0\tools\lib\CSR100x\libgatt_lib.a(gap_app_if.o)
                0x0000167a                GapSetStaticAddress
 .text.GAP_TGAP_to_slots
                0x00001691        0x9 C:\CSR_uEnergy_SDK-2.1.0\tools\lib\CSR100x\libgatt_lib.a(gap_advertising_if.o)
 .text.GapSetAdvInterval
                0x0000169a       0x20 C:\CSR_uEnergy_SDK-2.1.0\tools\lib\CSR100x\libgatt_lib.a(gap_advertising_if.o)
                0x0000169a                GapSetAdvInterval
 .text.___libgatt_lib_db_19
                0x000016ba        0xc C:\CSR_uEnergy_SDK-2.1.0\tools\lib\CSR100x\libgatt_lib.a(gap_ls_if.o)
                0x000016ba                ___libgatt_lib_db_19
 .text.GapLsFindAdType
                0x000016c6       0x37 C:\CSR_uEnergy_SDK-2.1.0\tools\lib\CSR100x\libgatt_lib.a(gap_ls_if.o)
                0x000016c6                GapLsFindAdType
 .text.LsStartStopAdvertise
                0x000016fd       0x91 C:\CSR_uEnergy_SDK-2.1.0\tools\lib\CSR100x\libgatt_lib.a(ls_advertising_if.o)
                0x000016fd                LsStartStopAdvertise
 .text.advertising_timer_handler
                0x0000178e        0xe C:\CSR_uEnergy_SDK-2.1.0\tools\lib\CSR100x\libgatt_lib.a(ls_advertising_if.o)
 .text.LsStoreAdvScanData
                0x0000179c       0x59 C:\CSR_uEnergy_SDK-2.1.0\tools\lib\CSR100x\libgatt_lib.a(ls_advertising_if.o)
                0x0000179c                LsStoreAdvScanData
 .text.LsConnectionParamUpdateReq
                0x000017f5       0x63 C:\CSR_uEnergy_SDK-2.1.0\tools\lib\CSR100x\libgatt_lib.a(ls_app_if.o)
                0x000017f5                LsConnectionParamUpdateReq
 .text.LsReadTransmitPowerLevel
                0x00001858        0x8 C:\CSR_uEnergy_SDK-2.1.0\tools\lib\CSR100x\libgatt_lib.a(ls_app_if.o)
                0x00001858                LsReadTransmitPowerLevel
 .text.LsAddWhiteListDevice
                0x00001860        0x9 C:\CSR_uEnergy_SDK-2.1.0\tools\lib\CSR100x\libgatt_lib.a(ls_app_if.o)
                0x00001860                LsAddWhiteListDevice
 .text.LsResetWhiteList
                0x00001869        0x2 C:\CSR_uEnergy_SDK-2.1.0\tools\lib\CSR100x\libgatt_lib.a(ls_app_if.o)
                0x00001869                LsResetWhiteList
 .text.___libgatt_lib_db_40
                0x0000186b        0xf C:\CSR_uEnergy_SDK-2.1.0\tools\lib\CSR100x\libgatt_lib.a(ls_con_db.o)
                0x0000186b                ___libgatt_lib_db_40
 .text.___libgatt_lib_db_43
                0x0000187a       0x4e C:\CSR_uEnergy_SDK-2.1.0\tools\lib\CSR100x\libgatt_lib.a(ls_con_db.o)
                0x0000187a                ___libgatt_lib_db_43
 .text.___libgatt_lib_db_42
                0x000018c8       0x3e C:\CSR_uEnergy_SDK-2.1.0\tools\lib\CSR100x\libgatt_lib.a(ls_con_db.o)
                0x000018c8                ___libgatt_lib_db_42
 .text.___libgatt_lib_db_44
                0x00001906       0x15 C:\CSR_uEnergy_SDK-2.1.0\tools\lib\CSR100x\libgatt_lib.a(ls_con_db.o)
                0x00001906                ___libgatt_lib_db_44
 .text.___libgatt_lib_db_39
                0x0000191b       0x24 C:\CSR_uEnergy_SDK-2.1.0\tools\lib\CSR100x\libgatt_lib.a(ls_con_db.o)
                0x0000191b                ___libgatt_lib_db_39
 .text.___libgatt_lib_db_45
                0x0000193f       0x13 C:\CSR_uEnergy_SDK-2.1.0\tools\lib\CSR100x\libgatt_lib.a(ls_con_db.o)
                0x0000193f                ___libgatt_lib_db_45
 .text.___libgatt_lib_db_46
                0x00001952        0xb C:\CSR_uEnergy_SDK-2.1.0\tools\lib\CSR100x\libgatt_lib.a(ls_con_db.o)
                0x00001952                ___libgatt_lib_db_46
 .text.___libgatt_lib_db_47
                0x0000195d        0xd C:\CSR_uEnergy_SDK-2.1.0\tools\lib\CSR100x\libgatt_lib.a(ls_con_db.o)
                0x0000195d                ___libgatt_lib_db_47
 .text.___libgatt_lib_db_41
                0x0000196a        0xa C:\CSR_uEnergy_SDK-2.1.0\tools\lib\CSR100x\libgatt_lib.a(ls_con_db.o)
                0x0000196a                ___libgatt_lib_db_41
 .text.___libgatt_lib_db_70
                0x00001974        0x8 C:\CSR_uEnergy_SDK-2.1.0\tools\lib\CSR100x\libgatt_lib.a(ls_con_mgmt.o)
                0x00001974                ___libgatt_lib_db_70
 .text.___libgatt_lib_db_57
                0x0000197c       0x34 C:\CSR_uEnergy_SDK-2.1.0\tools\lib\CSR100x\libgatt_lib.a(ls_con_mgmt.o)
                0x0000197c                ___libgatt_lib_db_57
 .text.___libgatt_lib_db_71
                0x000019b0        0xf C:\CSR_uEnergy_SDK-2.1.0\tools\lib\CSR100x\libgatt_lib.a(ls_con_mgmt.o)
                0x000019b0                ___libgatt_lib_db_71
 .text.___libgatt_lib_db_61
                0x000019bf       0x1c C:\CSR_uEnergy_SDK-2.1.0\tools\lib\CSR100x\libgatt_lib.a(ls_con_mgmt.o)
                0x000019bf                ___libgatt_lib_db_61
 .text.___libgatt_lib_db_63
                0x000019db       0x49 C:\CSR_uEnergy_SDK-2.1.0\tools\lib\CSR100x\libgatt_lib.a(ls_con_mgmt.o)
                0x000019db                ___libgatt_lib_db_63
 .text.___libgatt_lib_db_62
                0x00001a24       0x12 C:\CSR_uEnergy_SDK-2.1.0\tools\lib\CSR100x\libgatt_lib.a(ls_con_mgmt.o)
                0x00001a24                ___libgatt_lib_db_62
 .text.___libgatt_lib_db_124
                0x00001a36       0x27 C:\CSR_uEnergy_SDK-2.1.0\tools\lib\CSR100x\libgatt_lib.a(l2cap_ls_if.o)
                0x00001a36                ___libgatt_lib_db_124
 .text.___libgatt_lib_db_122
                0x00001a5d       0x4c C:\CSR_uEnergy_SDK-2.1.0\tools\lib\CSR100x\libgatt_lib.a(l2cap_ls_if.o)
                0x00001a5d                ___libgatt_lib_db_122
 .text.___libgatt_lib_db_125
                0x00001aa9       0x31 C:\CSR_uEnergy_SDK-2.1.0\tools\lib\CSR100x\libgatt_lib.a(l2cap_ls_if.o)
                0x00001aa9                ___libgatt_lib_db_125
 .text.___libgatt_lib_db_123
                0x00001ada       0x2c C:\CSR_uEnergy_SDK-2.1.0\tools\lib\CSR100x\libgatt_lib.a(l2cap_ls_if.o)
                0x00001ada                ___libgatt_lib_db_123
 .text.___libgatt_lib_db_132
                0x00001b06       0x17 C:\CSR_uEnergy_SDK-2.1.0\tools\lib\CSR100x\libgatt_lib.a(l2cap_sig_handler.o)
                0x00001b06                ___libgatt_lib_db_132
 .text.send_le_signal_command_reject
                0x00001b1d       0x23 C:\CSR_uEnergy_SDK-2.1.0\tools\lib\CSR100x\libgatt_lib.a(l2cap_sig_handler.o)
 .text.___libgatt_lib_db_133
                0x00001b40       0x80 C:\CSR_uEnergy_SDK-2.1.0\tools\lib\CSR100x\libgatt_lib.a(l2cap_sig_handler.o)
                0x00001b40                ___libgatt_lib_db_133
 .text.___libgatt_lib_db_316
                0x00001bc0       0x19 C:\CSR_uEnergy_SDK-2.1.0\tools\lib\CSR100x\libgatt_lib.a(gatt.o)
                0x00001bc0                ___libgatt_lib_db_316
 .text.___libgatt_lib_db_315
                0x00001bd9       0x1b C:\CSR_uEnergy_SDK-2.1.0\tools\lib\CSR100x\libgatt_lib.a(gatt.o)
                0x00001bd9                ___libgatt_lib_db_315
 .text.___libgatt_lib_db_312
                0x00001bf4       0x11 C:\CSR_uEnergy_SDK-2.1.0\tools\lib\CSR100x\libgatt_lib.a(gatt.o)
                0x00001bf4                ___libgatt_lib_db_312
 .text.___libgatt_lib_db_314
                0x00001c05       0x20 C:\CSR_uEnergy_SDK-2.1.0\tools\lib\CSR100x\libgatt_lib.a(gatt.o)
                0x00001c05                ___libgatt_lib_db_314
 .text.___libgatt_lib_db_313
                0x00001c25       0x26 C:\CSR_uEnergy_SDK-2.1.0\tools\lib\CSR100x\libgatt_lib.a(gatt.o)
                0x00001c25                ___libgatt_lib_db_313
 .text.GattDisconnectReq
                0x00001c4b        0x3 C:\CSR_uEnergy_SDK-2.1.0\tools\lib\CSR100x\libgatt_lib.a(gatt.o)
                0x00001c4b                GattDisconnectReq
 .text.GattCancelConnectReq
                0x00001c4e        0x2 C:\CSR_uEnergy_SDK-2.1.0\tools\lib\CSR100x\libgatt_lib.a(gatt.o)
                0x00001c4e                GattCancelConnectReq
 .text.GattConnectReq
                0x00001c50        0x2 C:\CSR_uEnergy_SDK-2.1.0\tools\lib\CSR100x\libgatt_lib.a(gatt.o)
                0x00001c50                GattConnectReq
 .text.GattInit
                0x00001c52       0x18 C:\CSR_uEnergy_SDK-2.1.0\tools\lib\CSR100x\libgatt_lib.a(gatt.o)
                0x00001c52                GattInit
 .text.GattInstallClientRole
                0x00001c6a        0x6 C:\CSR_uEnergy_SDK-2.1.0\tools\lib\CSR100x\libgatt_lib.a(gatt_client.o)
                0x00001c6a                GattInstallClientRole
 .text.GattDiscoverAllPrimaryServices
                0x00001c70       0x1a C:\CSR_uEnergy_SDK-2.1.0\tools\lib\CSR100x\libgatt_lib.a(gatt_client_disc_all_prim_serv.o)
                0x00001c70                GattDiscoverAllPrimaryServices
 .text.GattDiscoverAllPrimaryServices_handler
                0x00001c8a       0x5a C:\CSR_uEnergy_SDK-2.1.0\tools\lib\CSR100x\libgatt_lib.a(gatt_client_disc_all_prim_serv.o)
 .text.GattDiscoverServiceChar
                0x00001ce4       0x37 C:\CSR_uEnergy_SDK-2.1.0\tools\lib\CSR100x\libgatt_lib.a(gatt_client_disc_char.o)
                0x00001ce4                GattDiscoverServiceChar
 .text.GattDiscoverServiceChar_handler
                0x00001d1b       0xc0 C:\CSR_uEnergy_SDK-2.1.0\tools\lib\CSR100x\libgatt_lib.a(gatt_client_disc_char.o)
 .text.GattDiscoverAllCharDescriptors
                0x00001ddb       0x1d C:\CSR_uEnergy_SDK-2.1.0\tools\lib\CSR100x\libgatt_lib.a(gatt_client_char_desc_disc.o)
                0x00001ddb                GattDiscoverAllCharDescriptors
 .text.GattDiscoverAllCharDescriptors_handler
                0x00001df8       0x96 C:\CSR_uEnergy_SDK-2.1.0\tools\lib\CSR100x\libgatt_lib.a(gatt_client_char_desc_disc.o)
 .text.GattReadCharValue
                0x00001e8e       0x18 C:\CSR_uEnergy_SDK-2.1.0\tools\lib\CSR100x\libgatt_lib.a(gatt_client_read_char.o)
                0x00001e8e                GattReadCharValue
 .text.GattReadCharValue_handler
                0x00001ea6       0x2e C:\CSR_uEnergy_SDK-2.1.0\tools\lib\CSR100x\libgatt_lib.a(gatt_client_read_char.o)
 .text.GattWriteCharValueReq
                0x00001ed4       0x38 C:\CSR_uEnergy_SDK-2.1.0\tools\lib\CSR100x\libgatt_lib.a(gatt_client_write_char.o)
                0x00001ed4                GattWriteCharValueReq
 .text.GattWriteCharValueReq_handler
                0x00001f0c       0x26 C:\CSR_uEnergy_SDK-2.1.0\tools\lib\CSR100x\libgatt_lib.a(gatt_client_write_char.o)
 .text.___libgatt_lib_db_345
                0x00001f32       0x38 C:\CSR_uEnergy_SDK-2.1.0\tools\lib\CSR100x\libgatt_lib.a(gatt_client_indications.o)
                0x00001f32                ___libgatt_lib_db_345
 .text.GattAccessRsp
                0x00001f6a       0x14 C:\CSR_uEnergy_SDK-2.1.0\tools\lib\CSR100x\libgatt_lib.a(gatt_server.o)
                0x00001f6a                GattAccessRsp
 .text.___libgatt_lib_db_347
                0x00001f7e       0x3b C:\CSR_uEnergy_SDK-2.1.0\tools\lib\CSR100x\libgatt_lib.a(gatt_server.o)
                0x00001f7e                ___libgatt_lib_db_347
 .text.___libgatt_lib_db_348
                0x00001fb9        0xf C:\CSR_uEnergy_SDK-2.1.0\tools\lib\CSR100x\libgatt_lib.a(gatt_server.o)
                0x00001fb9                ___libgatt_lib_db_348
 .text.GattAddDatabaseReq
                0x00001fc8       0x14 C:\CSR_uEnergy_SDK-2.1.0\tools\lib\CSR100x\libgatt_lib.a(gatt_server.o)
                0x00001fc8                GattAddDatabaseReq
 .text.___libgatt_lib_db_362
                0x00001fdc        0xf C:\CSR_uEnergy_SDK-2.1.0\tools\lib\CSR100x\libgatt_lib.a(gatt_common.o)
                0x00001fdc                ___libgatt_lib_db_362
 .text.___libgatt_lib_db_360
                0x00001feb       0x16 C:\CSR_uEnergy_SDK-2.1.0\tools\lib\CSR100x\libgatt_lib.a(gatt_common.o)
                0x00001feb                ___libgatt_lib_db_360
 .text.___libgatt_lib_db_361
                0x00002001       0x1c C:\CSR_uEnergy_SDK-2.1.0\tools\lib\CSR100x\libgatt_lib.a(gatt_common.o)
                0x00002001                ___libgatt_lib_db_361
 .text.___libgatt_lib_db_364
                0x0000201d       0x15 C:\CSR_uEnergy_SDK-2.1.0\tools\lib\CSR100x\libgatt_lib.a(gatt_common.o)
                0x0000201d                ___libgatt_lib_db_364
 .text.___libgatt_lib_db_371
                0x00002032       0x21 C:\CSR_uEnergy_SDK-2.1.0\tools\lib\CSR100x\libgatt_lib.a(gatt_common.o)
                0x00002032                ___libgatt_lib_db_371
 .text.___libgatt_lib_db_363
                0x00002053       0x1b C:\CSR_uEnergy_SDK-2.1.0\tools\lib\CSR100x\libgatt_lib.a(gatt_common.o)
                0x00002053                ___libgatt_lib_db_363
 .text.___libgatt_lib_db_372
                0x0000206e       0x49 C:\CSR_uEnergy_SDK-2.1.0\tools\lib\CSR100x\libgatt_lib.a(gatt_att_if.o)
                0x0000206e                ___libgatt_lib_db_372
 .text.DebugWriteString
                0x000020b7        0x8 C:\CSR_uEnergy_SDK-2.1.0\tools\lib\CSR100x\libgatt_lib.a(debug.o)
                0x000020b7                DebugWriteString
 .text.write_uint_n
                0x000020bf       0x30 C:\CSR_uEnergy_SDK-2.1.0\tools\lib\CSR100x\libgatt_lib.a(debug.o)
 .text.DebugWriteUint8
                0x000020ef        0x6 C:\CSR_uEnergy_SDK-2.1.0\tools\lib\CSR100x\libgatt_lib.a(debug.o)
                0x000020ef                DebugWriteUint8
 .text.DebugInit
                0x000020f5       0x1e C:\CSR_uEnergy_SDK-2.1.0\tools\lib\CSR100x\libgatt_lib.a(debug.o)
                0x000020f5                DebugInit
 .text.___libgatt_lib_db_3809
                0x00002113       0x1e C:\CSR_uEnergy_SDK-2.1.0\tools\lib\CSR100x\libgatt_lib.a(memcmp.o)
                0x00002113                MemCmp
                0x00002113                ___libgatt_lib_db_3809
 .text.___libgatt_lib_db_3814
                0x00002131        0xb C:\CSR_uEnergy_SDK-2.1.0\tools\lib\CSR100x\libgatt_lib.a(strlen.o)
                0x00002131                ___libgatt_lib_db_3814
                0x00002131                StrLen
 .text.__udivhi3
                0x0000213c        0x1 C:\CSR_uEnergy_SDK-2.1.0\tools\lib\CSR100x\libgatt_lib.a(udiv.o)
                0x0000213c                __udivhi3
 .text.___libgatt_lib_db_3844
                0x0000213d       0x56 C:\CSR_uEnergy_SDK-2.1.0\tools\lib\CSR100x\libgatt_lib.a(udiv3232.o)
                0x0000213d                ___libgatt_lib_db_3844
 .text.___libgatt_lib_db_3866
                0x00002193        0x5 C:\CSR_uEnergy_SDK-2.1.0\tools\lib\CSR100x\libgatt_lib.a(lm_hci_events.o)
                0x00002193                ___libgatt_lib_db_3866
 .text.___libgatt_lib_db_3865
                0x00002198        0x1 C:\CSR_uEnergy_SDK-2.1.0\tools\lib\CSR100x\libgatt_lib.a(lm_hci_events.o)
                0x00002198                ___libgatt_lib_db_3865
 .text.___libgatt_lib_db_3870
                0x00002199       0x30 C:\CSR_uEnergy_SDK-2.1.0\tools\lib\CSR100x\libgatt_lib.a(lm_hci_events.o)
                0x00002199                ___libgatt_lib_db_3870
 .text.lm_create_bulk_event
                0x000021c9       0x10 C:\CSR_uEnergy_SDK-2.1.0\tools\lib\CSR100x\libgatt_lib.a(lm_hci_events.o)
 .text.___libgatt_lib_db_3871
                0x000021d9        0xb C:\CSR_uEnergy_SDK-2.1.0\tools\lib\CSR100x\libgatt_lib.a(lm_hci_events.o)
                0x000021d9                ___libgatt_lib_db_3871
 .text.___libgatt_lib_db_3869
                0x000021e4       0x25 C:\CSR_uEnergy_SDK-2.1.0\tools\lib\CSR100x\libgatt_lib.a(lm_hci_events.o)
                0x000021e4                ___libgatt_lib_db_3869
 .text.___libgatt_lib_db_3880
                0x00002209       0x5d C:\CSR_uEnergy_SDK-2.1.0\tools\lib\CSR100x\libgatt_lib.a(lm_hci_events.o)
                0x00002209                ___libgatt_lib_db_3880
 .text.___libgatt_lib_db_3868
                0x00002266       0x32 C:\CSR_uEnergy_SDK-2.1.0\tools\lib\CSR100x\libgatt_lib.a(lm_hci_events.o)
                0x00002266                ___libgatt_lib_db_3868
 .text.___libgatt_lib_db_3867
                0x00002298       0x23 C:\CSR_uEnergy_SDK-2.1.0\tools\lib\CSR100x\libgatt_lib.a(lm_hci_events.o)
                0x00002298                ___libgatt_lib_db_3867
 .text.___libgatt_lib_db_3876
                0x000022bb        0xd C:\CSR_uEnergy_SDK-2.1.0\tools\lib\CSR100x\libgatt_lib.a(lm_hci_events.o)
                0x000022bb                ___libgatt_lib_db_3876
 .text.___libgatt_lib_db_3879
                0x000022c8       0x1d C:\CSR_uEnergy_SDK-2.1.0\tools\lib\CSR100x\libgatt_lib.a(lm_hci_events.o)
                0x000022c8                ___libgatt_lib_db_3879
 .text.___libgatt_lib_db_3873
                0x000022e5       0x18 C:\CSR_uEnergy_SDK-2.1.0\tools\lib\CSR100x\libgatt_lib.a(lm_hci_events.o)
                0x000022e5                ___libgatt_lib_db_3873
 .text.___libgatt_lib_db_3875
                0x000022fd       0x10 C:\CSR_uEnergy_SDK-2.1.0\tools\lib\CSR100x\libgatt_lib.a(lm_hci_events.o)
                0x000022fd                ___libgatt_lib_db_3875
 .text.___libgatt_lib_db_3874
                0x0000230d       0x12 C:\CSR_uEnergy_SDK-2.1.0\tools\lib\CSR100x\libgatt_lib.a(lm_hci_events.o)
                0x0000230d                ___libgatt_lib_db_3874
 .text.___libgatt_lib_db_3884
                0x0000231f       0x17 C:\CSR_uEnergy_SDK-2.1.0\tools\lib\CSR100x\libgatt_lib.a(lm_hci_events.o)
                0x0000231f                ___libgatt_lib_db_3884
 .text.___libgatt_lib_db_3883
                0x00002336       0x18 C:\CSR_uEnergy_SDK-2.1.0\tools\lib\CSR100x\libgatt_lib.a(lm_hci_events.o)
                0x00002336                ___libgatt_lib_db_3883
 .text.___libgatt_lib_db_3882
                0x0000234e       0x17 C:\CSR_uEnergy_SDK-2.1.0\tools\lib\CSR100x\libgatt_lib.a(lm_hci_events.o)
                0x0000234e                ___libgatt_lib_db_3882
 .text.___libgatt_lib_db_3881
                0x00002365       0x29 C:\CSR_uEnergy_SDK-2.1.0\tools\lib\CSR100x\libgatt_lib.a(lm_hci_events.o)
                0x00002365                ___libgatt_lib_db_3881
 .text.___libgatt_lib_db_3878
                0x0000238e       0x3b C:\CSR_uEnergy_SDK-2.1.0\tools\lib\CSR100x\libgatt_lib.a(lm_hci_events.o)
                0x0000238e                ___libgatt_lib_db_3878
 .text.Random16
                0x000023c9       0x1b C:\CSR_uEnergy_SDK-2.1.0\tools\lib\CSR100x\libgatt_lib.a(random.o)
                0x000023c9                Random16
 .text.le_assign_handle
                0x000023e4       0x15 C:\CSR_uEnergy_SDK-2.1.0\tools\lib\CSR100x\libgatt_lib.a(george.o)
 .text.le_convert_george_to_handle
                0x000023f9        0x6 C:\CSR_uEnergy_SDK-2.1.0\tools\lib\CSR100x\libgatt_lib.a(george.o)
 .text.___libgatt_lib_db_3915
                0x000023ff        0xe C:\CSR_uEnergy_SDK-2.1.0\tools\lib\CSR100x\libgatt_lib.a(george.o)
                0x000023ff                ___libgatt_lib_db_3915
 .text.___libgatt_lib_db_3922
                0x0000240d        0xf C:\CSR_uEnergy_SDK-2.1.0\tools\lib\CSR100x\libgatt_lib.a(george.o)
                0x0000240d                ___libgatt_lib_db_3922
 .text.___libgatt_lib_db_3929
                0x0000241c        0xe C:\CSR_uEnergy_SDK-2.1.0\tools\lib\CSR100x\libgatt_lib.a(george.o)
                0x0000241c                ___libgatt_lib_db_3929
 .text.___libgatt_lib_db_3937
                0x0000242a       0x19 C:\CSR_uEnergy_SDK-2.1.0\tools\lib\CSR100x\libgatt_lib.a(george.o)
                0x0000242a                ___libgatt_lib_db_3937
 .text.___libgatt_lib_db_3913
                0x00002443        0x5 C:\CSR_uEnergy_SDK-2.1.0\tools\lib\CSR100x\libgatt_lib.a(george.o)
                0x00002443                ___libgatt_lib_db_3913
 .text.___libgatt_lib_db_3930
                0x00002448       0x16 C:\CSR_uEnergy_SDK-2.1.0\tools\lib\CSR100x\libgatt_lib.a(george.o)
                0x00002448                ___libgatt_lib_db_3930
 .text.___libgatt_lib_db_3938
                0x0000245e       0x14 C:\CSR_uEnergy_SDK-2.1.0\tools\lib\CSR100x\libgatt_lib.a(george.o)
                0x0000245e                ___libgatt_lib_db_3938
 .text.___libgatt_lib_db_3925
                0x00002472       0x1d C:\CSR_uEnergy_SDK-2.1.0\tools\lib\CSR100x\libgatt_lib.a(george.o)
                0x00002472                ___libgatt_lib_db_3925
 .text.___libgatt_lib_db_3923
                0x0000248f        0x2 C:\CSR_uEnergy_SDK-2.1.0\tools\lib\CSR100x\libgatt_lib.a(george.o)
                0x0000248f                ___libgatt_lib_db_3923
 .text.get_update_instant
                0x00002491       0x12 C:\CSR_uEnergy_SDK-2.1.0\tools\lib\CSR100x\libgatt_lib.a(george.o)
 .text.cancel_local_prt
                0x000024a3        0xe C:\CSR_uEnergy_SDK-2.1.0\tools\lib\CSR100x\libgatt_lib.a(george.o)
 .text.le_radio_event_ind
                0x000024b1       0x5c C:\CSR_uEnergy_SDK-2.1.0\tools\lib\CSR100x\libgatt_lib.a(george.o)
 .text.initiate_connection_update
                0x0000250d       0x90 C:\CSR_uEnergy_SDK-2.1.0\tools\lib\CSR100x\libgatt_lib.a(george.o)
 .text.___libgatt_lib_db_3914
                0x0000259d       0x37 C:\CSR_uEnergy_SDK-2.1.0\tools\lib\CSR100x\libgatt_lib.a(george.o)
                0x0000259d                ___libgatt_lib_db_3914
 .text.reject_encryption_pdu
                0x000025d4        0xc C:\CSR_uEnergy_SDK-2.1.0\tools\lib\CSR100x\libgatt_lib.a(george.o)
 .text.initiate_channel_map_update
                0x000025e0       0x47 C:\CSR_uEnergy_SDK-2.1.0\tools\lib\CSR100x\libgatt_lib.a(george.o)
 .text.le_send_feature_info
                0x00002627       0x10 C:\CSR_uEnergy_SDK-2.1.0\tools\lib\CSR100x\libgatt_lib.a(george.o)
 .text.restart_local_prt
                0x00002637        0xf C:\CSR_uEnergy_SDK-2.1.0\tools\lib\CSR100x\libgatt_lib.a(george.o)
 .text.___libgatt_lib_db_3911
                0x00002646       0x44 C:\CSR_uEnergy_SDK-2.1.0\tools\lib\CSR100x\libgatt_lib.a(george.o)
                0x00002646                ___libgatt_lib_db_3911
 .text.___libgatt_lib_db_3920
                0x0000268a       0x31 C:\CSR_uEnergy_SDK-2.1.0\tools\lib\CSR100x\libgatt_lib.a(george.o)
                0x0000268a                ___libgatt_lib_db_3920
 .text.___libgatt_lib_db_3918
                0x000026bb        0x9 C:\CSR_uEnergy_SDK-2.1.0\tools\lib\CSR100x\libgatt_lib.a(george.o)
                0x000026bb                ___libgatt_lib_db_3918
 .text.send_version_info_to_host
                0x000026c4       0x10 C:\CSR_uEnergy_SDK-2.1.0\tools\lib\CSR100x\libgatt_lib.a(george.o)
 .text.le_send_version_info
                0x000026d4       0x13 C:\CSR_uEnergy_SDK-2.1.0\tools\lib\CSR100x\libgatt_lib.a(george.o)
 .text.le_start_queued_procedure_or_cancel
                0x000026e7       0x2e C:\CSR_uEnergy_SDK-2.1.0\tools\lib\CSR100x\libgatt_lib.a(george.o)
 .text.le_reset_george
                0x00002715       0xf9 C:\CSR_uEnergy_SDK-2.1.0\tools\lib\CSR100x\libgatt_lib.a(george.o)
 .text.local_prt_timeout
                0x0000280e       0x47 C:\CSR_uEnergy_SDK-2.1.0\tools\lib\CSR100x\libgatt_lib.a(george.o)
 .text.le_connection_timeout
                0x00002855       0x38 C:\CSR_uEnergy_SDK-2.1.0\tools\lib\CSR100x\libgatt_lib.a(george.o)
 .text.le_rx_control_packet
                0x0000288d      0x32d C:\CSR_uEnergy_SDK-2.1.0\tools\lib\CSR100x\libgatt_lib.a(george.o)
 .text.le_rx_event_handler
                0x00002bba      0x14e C:\CSR_uEnergy_SDK-2.1.0\tools\lib\CSR100x\libgatt_lib.a(george.o)
 .text.le_connection_complete
                0x00002d08       0x76 C:\CSR_uEnergy_SDK-2.1.0\tools\lib\CSR100x\libgatt_lib.a(george.o)
 .text.___libgatt_lib_db_3932
                0x00002d7e       0x1f C:\CSR_uEnergy_SDK-2.1.0\tools\lib\CSR100x\libgatt_lib.a(george.o)
                0x00002d7e                ___libgatt_lib_db_3932
 .text.le_handle_event
                0x00002d9d      0x116 C:\CSR_uEnergy_SDK-2.1.0\tools\lib\CSR100x\libgatt_lib.a(george.o)
 .text.___libgatt_lib_db_3910
                0x00002eb3        0x7 C:\CSR_uEnergy_SDK-2.1.0\tools\lib\CSR100x\libgatt_lib.a(george.o)
                0x00002eb3                ___libgatt_lib_db_3910
 .text.___libgatt_lib_db_3909
                0x00002eba        0x7 C:\CSR_uEnergy_SDK-2.1.0\tools\lib\CSR100x\libgatt_lib.a(george.o)
                0x00002eba                ___libgatt_lib_db_3909
 .text.___libgatt_lib_db_3912
                0x00002ec1       0x21 C:\CSR_uEnergy_SDK-2.1.0\tools\lib\CSR100x\libgatt_lib.a(george.o)
                0x00002ec1                ___libgatt_lib_db_3912
 .text.___libgatt_lib_db_3917
                0x00002ee2       0x2d C:\CSR_uEnergy_SDK-2.1.0\tools\lib\CSR100x\libgatt_lib.a(george.o)
                0x00002ee2                ___libgatt_lib_db_3917
 .text.___libgatt_lib_db_3933
                0x00002f0f        0xb C:\CSR_uEnergy_SDK-2.1.0\tools\lib\CSR100x\libgatt_lib.a(george.o)
                0x00002f0f                ___libgatt_lib_db_3933
 .text.___libgatt_lib_db_3936
                0x00002f1a       0x38 C:\CSR_uEnergy_SDK-2.1.0\tools\lib\CSR100x\libgatt_lib.a(george.o)
                0x00002f1a                ___libgatt_lib_db_3936
 .text.___libgatt_lib_db_3916
                0x00002f52      0x1ae C:\CSR_uEnergy_SDK-2.1.0\tools\lib\CSR100x\libgatt_lib.a(george.o)
                0x00002f52                ___libgatt_lib_db_3916
 .text.___libgatt_lib_db_3935
                0x00003100       0x11 C:\CSR_uEnergy_SDK-2.1.0\tools\lib\CSR100x\libgatt_lib.a(george.o)
                0x00003100                ___libgatt_lib_db_3935
 .text.___libgatt_lib_db_3928
                0x00003111       0x4a C:\CSR_uEnergy_SDK-2.1.0\tools\lib\CSR100x\libgatt_lib.a(george.o)
                0x00003111                ___libgatt_lib_db_3928
 .text.___libgatt_lib_db_3970
                0x0000315b       0x1e C:\CSR_uEnergy_SDK-2.1.0\tools\lib\CSR100x\libgatt_lib.a(george_ll.o)
                0x0000315b                ___libgatt_lib_db_3970
 .text.le_send_ll_connection_update_req
                0x00003179       0x1e C:\CSR_uEnergy_SDK-2.1.0\tools\lib\CSR100x\libgatt_lib.a(george_ll.o)
 .text.le_send_ll_channel_map_req
                0x00003197       0x1b C:\CSR_uEnergy_SDK-2.1.0\tools\lib\CSR100x\libgatt_lib.a(george_ll.o)
 .text.le_send_ll_terminate_ind
                0x000031b2        0x9 C:\CSR_uEnergy_SDK-2.1.0\tools\lib\CSR100x\libgatt_lib.a(george_ll.o)
 .text.le_send_ll_unknown_rsp
                0x000031bb        0x9 C:\CSR_uEnergy_SDK-2.1.0\tools\lib\CSR100x\libgatt_lib.a(george_ll.o)
 .text.le_send_ll_feature_req
                0x000031c4       0x20 C:\CSR_uEnergy_SDK-2.1.0\tools\lib\CSR100x\libgatt_lib.a(george_ll.o)
 .text.le_send_ll_feature_rsp
                0x000031e4       0x20 C:\CSR_uEnergy_SDK-2.1.0\tools\lib\CSR100x\libgatt_lib.a(george_ll.o)
 .text.le_send_ll_version_ind
                0x00003204       0x12 C:\CSR_uEnergy_SDK-2.1.0\tools\lib\CSR100x\libgatt_lib.a(george_ll.o)
 .text.le_send_ll_reject_ind
                0x00003216        0x9 C:\CSR_uEnergy_SDK-2.1.0\tools\lib\CSR100x\libgatt_lib.a(george_ll.o)
 .text.___libgatt_lib_db_3969
                0x0000321f       0x3c C:\CSR_uEnergy_SDK-2.1.0\tools\lib\CSR100x\libgatt_lib.a(george_ll.o)
                0x0000321f                ___libgatt_lib_db_3969
 .text.le_process_queue
                0x0000325b       0xed C:\CSR_uEnergy_SDK-2.1.0\tools\lib\CSR100x\libgatt_lib.a(george_ll.o)
 .text.___libgatt_lib_db_3971
                0x00003348       0x38 C:\CSR_uEnergy_SDK-2.1.0\tools\lib\CSR100x\libgatt_lib.a(george_ll.o)
                0x00003348                ___libgatt_lib_db_3971
 .text.___libgatt_lib_db_3973
                0x00003380       0x58 C:\CSR_uEnergy_SDK-2.1.0\tools\lib\CSR100x\libgatt_lib.a(george_ll.o)
                0x00003380                ___libgatt_lib_db_3973
 .text.le_send_ll_enc_rsp
                0x000033d8       0x19 C:\CSR_uEnergy_SDK-2.1.0\tools\lib\CSR100x\libgatt_lib.a(george_ll.o)
 .text.le_send_ll_enc_req
                0x000033f1       0x2e C:\CSR_uEnergy_SDK-2.1.0\tools\lib\CSR100x\libgatt_lib.a(george_ll.o)
 .text.___libgatt_lib_db_3972
                0x0000341f       0x34 C:\CSR_uEnergy_SDK-2.1.0\tools\lib\CSR100x\libgatt_lib.a(george_ll.o)
                0x0000341f                ___libgatt_lib_db_3972
 .text.find_compatible_interval
                0x00003453       0x68 C:\CSR_uEnergy_SDK-2.1.0\tools\lib\CSR100x\libgatt_lib.a(george_intervals.o)
 .text.find_compatible_anchor
                0x000034bb       0x6c C:\CSR_uEnergy_SDK-2.1.0\tools\lib\CSR100x\libgatt_lib.a(george_intervals.o)
 .text.___libgatt_lib_db_3979
                0x00003527       0x80 C:\CSR_uEnergy_SDK-2.1.0\tools\lib\CSR100x\libgatt_lib.a(george_intervals.o)
                0x00003527                ___libgatt_lib_db_3979
 .text.___libgatt_lib_db_3992
                0x000035a7        0x3 C:\CSR_uEnergy_SDK-2.1.0\tools\lib\CSR100x\libgatt_lib.a(george_adv.o)
                0x000035a7                ___libgatt_lib_db_3992
 .text.___libgatt_lib_db_3991
                0x000035aa       0xc1 C:\CSR_uEnergy_SDK-2.1.0\tools\lib\CSR100x\libgatt_lib.a(george_adv.o)
                0x000035aa                ___libgatt_lib_db_3991
 .text.ls_directed_advert_timeout
                0x0000366b       0x25 C:\CSR_uEnergy_SDK-2.1.0\tools\lib\CSR100x\libgatt_lib.a(george_adv.o)
 .text.___libgatt_lib_db_3989
                0x00003690       0x8b C:\CSR_uEnergy_SDK-2.1.0\tools\lib\CSR100x\libgatt_lib.a(george_adv.o)
                0x00003690                ___libgatt_lib_db_3989
 .text.___libgatt_lib_db_3990
                0x0000371b       0x87 C:\CSR_uEnergy_SDK-2.1.0\tools\lib\CSR100x\libgatt_lib.a(george_adv.o)
                0x0000371b                ___libgatt_lib_db_3990
 .text.___libgatt_lib_db_4003
                0x000037a2        0x4 C:\CSR_uEnergy_SDK-2.1.0\tools\lib\CSR100x\libgatt_lib.a(encryption.o)
                0x000037a2                ___libgatt_lib_db_4003
 .text.___libgatt_lib_db_4005
                0x000037a6       0x33 C:\CSR_uEnergy_SDK-2.1.0\tools\lib\CSR100x\libgatt_lib.a(encryption.o)
                0x000037a6                ___libgatt_lib_db_4005
 .text.___libgatt_lib_db_4007
                0x000037d9       0x56 C:\CSR_uEnergy_SDK-2.1.0\tools\lib\CSR100x\libgatt_lib.a(encryption.o)
                0x000037d9                ___libgatt_lib_db_4007
 .text.___libgatt_lib_db_4008
                0x0000382f       0x78 C:\CSR_uEnergy_SDK-2.1.0\tools\lib\CSR100x\libgatt_lib.a(encryption.o)
                0x0000382f                ___libgatt_lib_db_4008
 .text.___libgatt_lib_db_4006
                0x000038a7       0x4d C:\CSR_uEnergy_SDK-2.1.0\tools\lib\CSR100x\libgatt_lib.a(encryption.o)
                0x000038a7                ___libgatt_lib_db_4006
 .text.whitelist_update_permitted
                0x000038f4       0x2b C:\CSR_uEnergy_SDK-2.1.0\tools\lib\CSR100x\libgatt_lib.a(whitelist.o)
 .text.whitelist_clear
                0x0000391f        0xc C:\CSR_uEnergy_SDK-2.1.0\tools\lib\CSR100x\libgatt_lib.a(whitelist.o)
 .text.___libgatt_lib_db_4016
                0x0000392b        0x9 C:\CSR_uEnergy_SDK-2.1.0\tools\lib\CSR100x\libgatt_lib.a(whitelist.o)
                0x0000392b                ___libgatt_lib_db_4016
 .text.___libgatt_lib_db_4017
                0x00003934        0xc C:\CSR_uEnergy_SDK-2.1.0\tools\lib\CSR100x\libgatt_lib.a(whitelist.o)
                0x00003934                ___libgatt_lib_db_4017
 .text.whitelist_search
                0x00003940       0x1f C:\CSR_uEnergy_SDK-2.1.0\tools\lib\CSR100x\libgatt_lib.a(whitelist.o)
 .text.___libgatt_lib_db_4015
                0x0000395f       0x2d C:\CSR_uEnergy_SDK-2.1.0\tools\lib\CSR100x\libgatt_lib.a(whitelist.o)
                0x0000395f                ___libgatt_lib_db_4015
 .text.___libgatt_lib_db_4025
                0x0000398c        0x8 C:\CSR_uEnergy_SDK-2.1.0\tools\lib\CSR100x\libgatt_lib.a(dbase.o)
                0x0000398c                ___libgatt_lib_db_4025
 .text.___libgatt_lib_db_4030
                0x00003994        0x6 C:\CSR_uEnergy_SDK-2.1.0\tools\lib\CSR100x\libgatt_lib.a(dbase.o)
                0x00003994                ___libgatt_lib_db_4030
 .text.___libgatt_lib_db_4033
                0x0000399a       0x1c C:\CSR_uEnergy_SDK-2.1.0\tools\lib\CSR100x\libgatt_lib.a(dbase.o)
                0x0000399a                ___libgatt_lib_db_4033
 .text.___libgatt_lib_db_4028
                0x000039b6       0x16 C:\CSR_uEnergy_SDK-2.1.0\tools\lib\CSR100x\libgatt_lib.a(dbase.o)
                0x000039b6                ___libgatt_lib_db_4028
 .text.___libgatt_lib_db_4034
                0x000039cc       0x1f C:\CSR_uEnergy_SDK-2.1.0\tools\lib\CSR100x\libgatt_lib.a(dbase.o)
                0x000039cc                ___libgatt_lib_db_4034
 .text.___libgatt_lib_db_4029
                0x000039eb       0x1a C:\CSR_uEnergy_SDK-2.1.0\tools\lib\CSR100x\libgatt_lib.a(dbase.o)
                0x000039eb                ___libgatt_lib_db_4029
 .text.___libgatt_lib_db_4032
                0x00003a05       0x1d C:\CSR_uEnergy_SDK-2.1.0\tools\lib\CSR100x\libgatt_lib.a(dbase.o)
                0x00003a05                ___libgatt_lib_db_4032
 .text.___libgatt_lib_db_4031
                0x00003a22       0x15 C:\CSR_uEnergy_SDK-2.1.0\tools\lib\CSR100x\libgatt_lib.a(dbase.o)
                0x00003a22                ___libgatt_lib_db_4031
 .text.___libgatt_lib_db_4026
                0x00003a37        0xf C:\CSR_uEnergy_SDK-2.1.0\tools\lib\CSR100x\libgatt_lib.a(dbase.o)
                0x00003a37                ___libgatt_lib_db_4026
 .text.___libgatt_lib_db_4045
                0x00003a46       0x30 C:\CSR_uEnergy_SDK-2.1.0\tools\lib\CSR100x\libgatt_lib.a(access_address.o)
                0x00003a46                ___libgatt_lib_db_4045
 .text.___libgatt_lib_db_4046
                0x00003a76       0x66 C:\CSR_uEnergy_SDK-2.1.0\tools\lib\CSR100x\libgatt_lib.a(access_address.o)
                0x00003a76                ___libgatt_lib_db_4046
 .text.btle_get_register
                0x00003adc        0xa C:\CSR_uEnergy_SDK-2.1.0\tools\lib\CSR100x\libgatt_lib.a(halbtle.o)
 .text.___libgatt_lib_db_4053
                0x00003ae6        0x7 C:\CSR_uEnergy_SDK-2.1.0\tools\lib\CSR100x\libgatt_lib.a(halbtle.o)
                0x00003ae6                ___libgatt_lib_db_4053
 .text.___libgatt_lib_db_4058
                0x00003aed        0x9 C:\CSR_uEnergy_SDK-2.1.0\tools\lib\CSR100x\libgatt_lib.a(halbtle.o)
                0x00003aed                ___libgatt_lib_db_4058
 .text.___libgatt_lib_db_4052
                0x00003af6        0x7 C:\CSR_uEnergy_SDK-2.1.0\tools\lib\CSR100x\libgatt_lib.a(halbtle.o)
                0x00003af6                ___libgatt_lib_db_4052
 .text.___libgatt_lib_db_4056
                0x00003afd        0x7 C:\CSR_uEnergy_SDK-2.1.0\tools\lib\CSR100x\libgatt_lib.a(halbtle.o)
                0x00003afd                ___libgatt_lib_db_4056
 .text.___libgatt_lib_db_4055
                0x00003b04        0x7 C:\CSR_uEnergy_SDK-2.1.0\tools\lib\CSR100x\libgatt_lib.a(halbtle.o)
                0x00003b04                ___libgatt_lib_db_4055
 .text.___libgatt_lib_db_4059
                0x00003b0b        0x9 C:\CSR_uEnergy_SDK-2.1.0\tools\lib\CSR100x\libgatt_lib.a(halbtle.o)
                0x00003b0b                ___libgatt_lib_db_4059
 .text.___libgatt_lib_db_4051
                0x00003b14        0xc C:\CSR_uEnergy_SDK-2.1.0\tools\lib\CSR100x\libgatt_lib.a(halbtle.o)
                0x00003b14                ___libgatt_lib_db_4051
 .text.get_btle_txrx_buffer_ptr
                0x00003b20       0x10 C:\CSR_uEnergy_SDK-2.1.0\tools\lib\CSR100x\libgatt_lib.a(halbtle.o)
 .text.___libgatt_lib_db_4054
                0x00003b30        0x8 C:\CSR_uEnergy_SDK-2.1.0\tools\lib\CSR100x\libgatt_lib.a(halbtle.o)
                0x00003b30                ___libgatt_lib_db_4054
 .text.___libgatt_lib_db_4057
                0x00003b38        0x8 C:\CSR_uEnergy_SDK-2.1.0\tools\lib\CSR100x\libgatt_lib.a(halbtle.o)
                0x00003b38                ___libgatt_lib_db_4057
 .text.___libgatt_lib_db_4077
                0x00003b40       0x90 C:\CSR_uEnergy_SDK-2.1.0\tools\lib\CSR100x\libgatt_lib.a(halradio.o)
                0x00003b40                ___libgatt_lib_db_4077
 .text.___libgatt_lib_db_4085
                0x00003bd0       0x27 C:\CSR_uEnergy_SDK-2.1.0\tools\lib\CSR100x\libgatt_lib.a(halradiotrim.o)
                0x00003bd0                ___libgatt_lib_db_4085
 .text.___libgatt_lib_db_4083
                0x00003bf7        0x3 C:\CSR_uEnergy_SDK-2.1.0\tools\lib\CSR100x\libgatt_lib.a(halradiotrim.o)
                0x00003bf7                ___libgatt_lib_db_4083
 .text.calc_and_set_synth_in_half_mhz
                0x00003bfa       0x40 C:\CSR_uEnergy_SDK-2.1.0\tools\lib\CSR100x\libgatt_lib.a(halradiotrim.o)
 .text.stop_rx_adc_dc_offset_push
                0x00003c3a        0xa C:\CSR_uEnergy_SDK-2.1.0\tools\lib\CSR100x\libgatt_lib.a(halradiotrim.o)
 .text.get_reg_btle_rc_lo_trim_offset_status_as_int16
                0x00003c44        0xd C:\CSR_uEnergy_SDK-2.1.0\tools\lib\CSR100x\libgatt_lib.a(halradiotrim.o)
 .text.___libgatt_lib_db_4087
                0x00003c51       0x28 C:\CSR_uEnergy_SDK-2.1.0\tools\lib\CSR100x\libgatt_lib.a(halradiotrim.o)
                0x00003c51                ___libgatt_lib_db_4087
 .text.___libgatt_lib_db_4088
                0x00003c79       0x1d C:\CSR_uEnergy_SDK-2.1.0\tools\lib\CSR100x\libgatt_lib.a(halradiotrim.o)
                0x00003c79                ___libgatt_lib_db_4088
 .text.clear_and_init_bt_dcrs_agc_pwr_meas
                0x00003c96        0xb C:\CSR_uEnergy_SDK-2.1.0\tools\lib\CSR100x\libgatt_lib.a(halradiotrim.o)
 .text.setup_ana_lo_lvl
                0x00003ca1       0xcd C:\CSR_uEnergy_SDK-2.1.0\tools\lib\CSR100x\libgatt_lib.a(halradiotrim.o)
 .text.optimise_lo_trim_offset
                0x00003d6e       0x4d C:\CSR_uEnergy_SDK-2.1.0\tools\lib\CSR100x\libgatt_lib.a(halradiotrim.o)
 .text.start_rx_adc_dc_offset_push
                0x00003dbb       0x29 C:\CSR_uEnergy_SDK-2.1.0\tools\lib\CSR100x\libgatt_lib.a(halradiotrim.o)
 .text.___libgatt_lib_db_4084
                0x00003de4      0x5c6 C:\CSR_uEnergy_SDK-2.1.0\tools\lib\CSR100x\libgatt_lib.a(halradiotrim.o)
                0x00003de4                ___libgatt_lib_db_4084
 .text.___libgatt_lib_db_4082
                0x000043aa       0x22 C:\CSR_uEnergy_SDK-2.1.0\tools\lib\CSR100x\libgatt_lib.a(halradiotrim.o)
                0x000043aa                ___libgatt_lib_db_4082
 .text.___libgatt_lib_db_4098
                0x000043cc       0x30 C:\CSR_uEnergy_SDK-2.1.0\tools\lib\CSR100x\libgatt_lib.a(hal_freq_counter.o)
                0x000043cc                ___libgatt_lib_db_4098
 .text.___libgatt_lib_db_4097
                0x000043fc       0x24 C:\CSR_uEnergy_SDK-2.1.0\tools\lib\CSR100x\libgatt_lib.a(hal_freq_counter.o)
                0x000043fc                ___libgatt_lib_db_4097
 .text.___libgatt_lib_db_4096
                0x00004420        0xc C:\CSR_uEnergy_SDK-2.1.0\tools\lib\CSR100x\libgatt_lib.a(hal_freq_counter.o)
                0x00004420                ___libgatt_lib_db_4096
 .text.___libgatt_lib_db_4103
                0x0000442c        0xc C:\CSR_uEnergy_SDK-2.1.0\tools\lib\CSR100x\libgatt_lib.a(hal_debugbus.o)
                0x0000442c                ___libgatt_lib_db_4103
 .text.___libgatt_lib_db_4102
                0x00004438        0xc C:\CSR_uEnergy_SDK-2.1.0\tools\lib\CSR100x\libgatt_lib.a(hal_debugbus.o)
                0x00004438                ___libgatt_lib_db_4102
 .text.uart_get_out_index_units
                0x00004444       0x14 C:\CSR_uEnergy_SDK-2.1.0\tools\lib\CSR100x\libgatt_lib.a(uart.o)
 .text.uart_do_tx
                0x00004458       0x21 C:\CSR_uEnergy_SDK-2.1.0\tools\lib\CSR100x\libgatt_lib.a(uart.o)
 .text.___libgatt_lib_db_4116
                0x00004479        0x8 C:\CSR_uEnergy_SDK-2.1.0\tools\lib\CSR100x\libgatt_lib.a(uart.o)
                0x00004479                ___libgatt_lib_db_4116
 .text.___libgatt_lib_db_4115
                0x00004481       0x8c C:\CSR_uEnergy_SDK-2.1.0\tools\lib\CSR100x\libgatt_lib.a(uart.o)
                0x00004481                ___libgatt_lib_db_4115
 .text.UartWrite
                0x0000450d       0x38 C:\CSR_uEnergy_SDK-2.1.0\tools\lib\CSR100x\libgatt_lib.a(uart.o)
                0x0000450d                UartWrite
 .text.UartWriteBlocking
                0x00004545       0x10 C:\CSR_uEnergy_SDK-2.1.0\tools\lib\CSR100x\libgatt_lib.a(uart.o)
                0x00004545                UartWriteBlocking
 .text.UartRead
                0x00004555       0x19 C:\CSR_uEnergy_SDK-2.1.0\tools\lib\CSR100x\libgatt_lib.a(uart.o)
                0x00004555                UartRead
 .text.UartEnable
                0x0000456e       0x51 C:\CSR_uEnergy_SDK-2.1.0\tools\lib\CSR100x\libgatt_lib.a(uart.o)
                0x0000456e                UartEnable
 .text.UartConfig
                0x000045bf       0x41 C:\CSR_uEnergy_SDK-2.1.0\tools\lib\CSR100x\libgatt_lib.a(uart.o)
                0x000045bf                UartConfig
 .text.UartInit
                0x00004600       0x37 C:\CSR_uEnergy_SDK-2.1.0\tools\lib\CSR100x\libgatt_lib.a(uart.o)
                0x00004600                UartInit
 .text.init_queue
                0x00004637        0xc C:\CSR_uEnergy_SDK-2.1.0\tools\lib\CSR100x\libgatt_lib.a(timer.o)
 .text.get_timer_queue_from_qid
                0x00004643       0x15 C:\CSR_uEnergy_SDK-2.1.0\tools\lib\CSR100x\libgatt_lib.a(timer.o)
 .text.___libgatt_lib_db_4117
                0x00004658        0x6 C:\CSR_uEnergy_SDK-2.1.0\tools\lib\CSR100x\libgatt_lib.a(timer.o)
                0x00004658                ___libgatt_lib_db_4117
 .text.___libgatt_lib_db_4129
                0x0000465e        0xe C:\CSR_uEnergy_SDK-2.1.0\tools\lib\CSR100x\libgatt_lib.a(timer.o)
                0x0000465e                ___libgatt_lib_db_4129
 .text.TimerInit
                0x0000466c        0xf C:\CSR_uEnergy_SDK-2.1.0\tools\lib\CSR100x\libgatt_lib.a(timer.o)
                0x0000466c                TimerInit
 .text.timer_program_hardware
                0x0000467b       0x2e C:\CSR_uEnergy_SDK-2.1.0\tools\lib\CSR100x\libgatt_lib.a(timer.o)
 .text.timer_delete_from_queue
                0x000046a9       0x29 C:\CSR_uEnergy_SDK-2.1.0\tools\lib\CSR100x\libgatt_lib.a(timer.o)
 .text.___libgatt_lib_db_4128
                0x000046d2       0x26 C:\CSR_uEnergy_SDK-2.1.0\tools\lib\CSR100x\libgatt_lib.a(timer.o)
                0x000046d2                ___libgatt_lib_db_4128
 .text.TimerDelete
                0x000046f8        0x4 C:\CSR_uEnergy_SDK-2.1.0\tools\lib\CSR100x\libgatt_lib.a(timer.o)
                0x000046f8                TimerDelete
 .text.timer_trigger
                0x000046fc       0x11 C:\CSR_uEnergy_SDK-2.1.0\tools\lib\CSR100x\libgatt_lib.a(timer.o)
 .text.timer3_event
                0x0000470d        0x2 C:\CSR_uEnergy_SDK-2.1.0\tools\lib\CSR100x\libgatt_lib.a(timer.o)
 .text.timer2_event
                0x0000470f        0x2 C:\CSR_uEnergy_SDK-2.1.0\tools\lib\CSR100x\libgatt_lib.a(timer.o)
 .text.timer1_event
                0x00004711        0x2 C:\CSR_uEnergy_SDK-2.1.0\tools\lib\CSR100x\libgatt_lib.a(timer.o)
 .text.timer_create_on_queue
                0x00004713       0x89 C:\CSR_uEnergy_SDK-2.1.0\tools\lib\CSR100x\libgatt_lib.a(timer.o)
 .text.___libgatt_lib_db_4126
                0x0000479c       0x10 C:\CSR_uEnergy_SDK-2.1.0\tools\lib\CSR100x\libgatt_lib.a(timer.o)
                0x0000479c                ___libgatt_lib_db_4126
 .text.___libgatt_lib_db_4127
                0x000047ac        0xa C:\CSR_uEnergy_SDK-2.1.0\tools\lib\CSR100x\libgatt_lib.a(timer.o)
                0x000047ac                ___libgatt_lib_db_4127
 .text.TimerCreate
                0x000047b6        0xf C:\CSR_uEnergy_SDK-2.1.0\tools\lib\CSR100x\libgatt_lib.a(timer.o)
                0x000047b6                TimerCreate
 .text.___libgatt_lib_db_4146
                0x000047c5       0x13 C:\CSR_uEnergy_SDK-2.1.0\tools\lib\CSR100x\libgatt_lib.a(swirq.o)
                0x000047c5                ___libgatt_lib_db_4146
 .text.___libgatt_lib_db_4149
                0x000047d8       0x2f C:\CSR_uEnergy_SDK-2.1.0\tools\lib\CSR100x\libgatt_lib.a(swirq.o)
                0x000047d8                ___libgatt_lib_db_4149
 .text.___libgatt_lib_db_4147
                0x00004807        0xb C:\CSR_uEnergy_SDK-2.1.0\tools\lib\CSR100x\libgatt_lib.a(swirq.o)
                0x00004807                ___libgatt_lib_db_4147
 .text.CSReadBdaddr
                0x00004812       0x1b C:\CSR_uEnergy_SDK-2.1.0\tools\lib\CSR100x\libgatt_lib.a(config_store.o)
                0x00004812                CSReadBdaddr
 .text.CSReadUserKey
                0x0000482d        0xb C:\CSR_uEnergy_SDK-2.1.0\tools\lib\CSR100x\libgatt_lib.a(config_store.o)
                0x0000482d                CSReadUserKey
 .text.___libgatt_lib_db_4157
                0x00004838        0x9 C:\CSR_uEnergy_SDK-2.1.0\tools\lib\CSR100x\libgatt_lib.a(interrupts.o)
                0x00004838                ___libgatt_lib_db_4157
 .text.___libgatt_lib_db_4164
                0x00004841        0xe C:\CSR_uEnergy_SDK-2.1.0\tools\lib\CSR100x\libgatt_lib.a(interrupts.o)
                0x00004841                ___libgatt_lib_db_4164
 .text.___libgatt_lib_db_4158
                0x0000484f       0x2a C:\CSR_uEnergy_SDK-2.1.0\tools\lib\CSR100x\libgatt_lib.a(interrupts.o)
                0x0000484f                ___libgatt_lib_db_4158
 .text.___libgatt_lib_db_4165
                0x00004879       0x26 C:\CSR_uEnergy_SDK-2.1.0\tools\lib\CSR100x\libgatt_lib.a(pools.o)
                0x00004879                ___libgatt_lib_db_4165
 .text.___libgatt_lib_db_4167
                0x0000489f       0x31 C:\CSR_uEnergy_SDK-2.1.0\tools\lib\CSR100x\libgatt_lib.a(pools.o)
                0x0000489f                ___libgatt_lib_db_4167
 .text.___libgatt_lib_db_4166
                0x000048d0       0x2f C:\CSR_uEnergy_SDK-2.1.0\tools\lib\CSR100x\libgatt_lib.a(pools.o)
                0x000048d0                ___libgatt_lib_db_4166
 .text.___libgatt_lib_db_4168
                0x000048ff       0x25 C:\CSR_uEnergy_SDK-2.1.0\tools\lib\CSR100x\libgatt_lib.a(pools.o)
                0x000048ff                ___libgatt_lib_db_4168
 .text.___libgatt_lib_db_4178
                0x00004924       0x21 C:\CSR_uEnergy_SDK-2.1.0\tools\lib\CSR100x\libgatt_lib.a(queue.o)
                0x00004924                ___libgatt_lib_db_4178
 .text.___libgatt_lib_db_4176
                0x00004945        0x4 C:\CSR_uEnergy_SDK-2.1.0\tools\lib\CSR100x\libgatt_lib.a(queue.o)
                0x00004945                ___libgatt_lib_db_4176
 .text.___libgatt_lib_db_4182
                0x00004949        0x4 C:\CSR_uEnergy_SDK-2.1.0\tools\lib\CSR100x\libgatt_lib.a(queue.o)
                0x00004949                ___libgatt_lib_db_4182
 .text.___libgatt_lib_db_4174
                0x0000494d       0x12 C:\CSR_uEnergy_SDK-2.1.0\tools\lib\CSR100x\libgatt_lib.a(queue.o)
                0x0000494d                ___libgatt_lib_db_4174
 .text.___libgatt_lib_db_4177
                0x0000495f        0xe C:\CSR_uEnergy_SDK-2.1.0\tools\lib\CSR100x\libgatt_lib.a(queue.o)
                0x0000495f                ___libgatt_lib_db_4177
 .text.___libgatt_lib_db_4183
                0x0000496d       0x13 C:\CSR_uEnergy_SDK-2.1.0\tools\lib\CSR100x\libgatt_lib.a(queue.o)
                0x0000496d                ___libgatt_lib_db_4183
 .text.___libgatt_lib_db_4184
                0x00004980       0x1d C:\CSR_uEnergy_SDK-2.1.0\tools\lib\CSR100x\libgatt_lib.a(queue.o)
                0x00004980                ___libgatt_lib_db_4184
 .text.___libgatt_lib_db_4173
                0x0000499d       0x20 C:\CSR_uEnergy_SDK-2.1.0\tools\lib\CSR100x\libgatt_lib.a(queue.o)
                0x0000499d                ___libgatt_lib_db_4173
 .text.queue_new_implementation
                0x000049bd       0x34 C:\CSR_uEnergy_SDK-2.1.0\tools\lib\CSR100x\libgatt_lib.a(queue.o)
 .text.___libgatt_lib_db_4180
                0x000049f1        0x7 C:\CSR_uEnergy_SDK-2.1.0\tools\lib\CSR100x\libgatt_lib.a(queue.o)
                0x000049f1                ___libgatt_lib_db_4180
 .text.___libgatt_lib_db_4181
                0x000049f8        0x7 C:\CSR_uEnergy_SDK-2.1.0\tools\lib\CSR100x\libgatt_lib.a(queue.o)
                0x000049f8                ___libgatt_lib_db_4181
 .text.___libgatt_lib_db_4179
                0x000049ff        0x5 C:\CSR_uEnergy_SDK-2.1.0\tools\lib\CSR100x\libgatt_lib.a(queue.o)
                0x000049ff                ___libgatt_lib_db_4179
 .text.encryption_start_block
                0x00004a04        0xd C:\CSR_uEnergy_SDK-2.1.0\tools\lib\CSR100x\libgatt_lib.a(crypt.o)
 .text.encryption_end_block
                0x00004a11       0x1d C:\CSR_uEnergy_SDK-2.1.0\tools\lib\CSR100x\libgatt_lib.a(crypt.o)
 .text.___libgatt_lib_db_4197
                0x00004a2e       0x6f C:\CSR_uEnergy_SDK-2.1.0\tools\lib\CSR100x\libgatt_lib.a(crypt.o)
                0x00004a2e                ___libgatt_lib_db_4197
 .text.___libgatt_lib_db_4198
                0x00004a9d       0x45 C:\CSR_uEnergy_SDK-2.1.0\tools\lib\CSR100x\libgatt_lib.a(crypt.o)
                0x00004a9d                ___libgatt_lib_db_4198
 .text.fault    0x00004ae2       0x5a C:\CSR_uEnergy_SDK-2.1.0\tools\lib\CSR100x\libgatt_lib.a(fault.o)
                0x00004ae2                fault
 .text.NvmDisable
                0x00004b3c       0x13 C:\CSR_uEnergy_SDK-2.1.0\tools\lib\CSR100x\libgatt_lib.a(nvm.o)
                0x00004b3c                NvmDisable
 .text.reinitialise_nvm
                0x00004b4f        0xa C:\CSR_uEnergy_SDK-2.1.0\tools\lib\CSR100x\libgatt_lib.a(nvm.o)
 .text.NvmWrite
                0x00004b59       0x26 C:\CSR_uEnergy_SDK-2.1.0\tools\lib\CSR100x\libgatt_lib.a(nvm.o)
                0x00004b59                NvmWrite
 .text.NvmRead  0x00004b7f       0x26 C:\CSR_uEnergy_SDK-2.1.0\tools\lib\CSR100x\libgatt_lib.a(nvm.o)
                0x00004b7f                NvmRead
 .text.read_i2c
                0x00004ba5       0x14 C:\CSR_uEnergy_SDK-2.1.0\tools\lib\CSR100x\libgatt_lib.a(i2c_app_mem_mgr.o)
 .text.NvmConfigureI2cEeprom
                0x00004bb9       0x4d C:\CSR_uEnergy_SDK-2.1.0\tools\lib\CSR100x\libgatt_lib.a(i2c_app_mem_mgr.o)
                0x00004bb9                NvmConfigureI2cEeprom
 .text.disable_i2c
                0x00004c06        0x8 C:\CSR_uEnergy_SDK-2.1.0\tools\lib\CSR100x\libgatt_lib.a(i2c_app_mem_mgr.o)
 .text.write_i2c
                0x00004c0e       0x14 C:\CSR_uEnergy_SDK-2.1.0\tools\lib\CSR100x\libgatt_lib.a(i2c_app_mem_mgr.o)
 .text.erase_i2c
                0x00004c22       0x26 C:\CSR_uEnergy_SDK-2.1.0\tools\lib\CSR100x\libgatt_lib.a(i2c_app_mem_mgr.o)
 .text.___libgatt_lib_db_4313
                0x00004c48        0x3 C:\CSR_uEnergy_SDK-2.1.0\tools\lib\CSR100x\libgatt_lib.a(pmu.o)
                0x00004c48                ___libgatt_lib_db_4313
 .text.___libgatt_lib_db_4320
                0x00004c4b       0x1e C:\CSR_uEnergy_SDK-2.1.0\tools\lib\CSR100x\libgatt_lib.a(pmu.o)
                0x00004c4b                ___libgatt_lib_db_4320
 .text.___libgatt_lib_db_4333
                0x00004c69        0x7 C:\CSR_uEnergy_SDK-2.1.0\tools\lib\CSR100x\libgatt_lib.a(pmu.o)
                0x00004c69                ___libgatt_lib_db_4333
 .text.___libgatt_lib_db_4332
                0x00004c70        0x5 C:\CSR_uEnergy_SDK-2.1.0\tools\lib\CSR100x\libgatt_lib.a(pmu.o)
                0x00004c70                ___libgatt_lib_db_4332
 .text.___libgatt_lib_db_4314
                0x00004c75       0x3c C:\CSR_uEnergy_SDK-2.1.0\tools\lib\CSR100x\libgatt_lib.a(pmu.o)
                0x00004c75                ___libgatt_lib_db_4314
 .text.___libgatt_lib_db_4318
                0x00004cb1       0x3b C:\CSR_uEnergy_SDK-2.1.0\tools\lib\CSR100x\libgatt_lib.a(pmu.o)
                0x00004cb1                ___libgatt_lib_db_4318
 .text.___libgatt_lib_db_4319
                0x00004cec        0xf C:\CSR_uEnergy_SDK-2.1.0\tools\lib\CSR100x\libgatt_lib.a(pmu.o)
                0x00004cec                ___libgatt_lib_db_4319
 .text.___libgatt_lib_db_4317
                0x00004cfb       0x3e C:\CSR_uEnergy_SDK-2.1.0\tools\lib\CSR100x\libgatt_lib.a(pmu.o)
                0x00004cfb                ___libgatt_lib_db_4317