Archive member included because of file (symbol)

C:\CSR_uEnergy_SDK-2.1.0\tools\lib\CSR100x\libgatt_lib.a(gap_app_if.o)
                              depend_Release_CSR100x\alert_client_gatt.o (GapSetMode)
C:\CSR_uEnergy_SDK-2.1.0\tools\lib\CSR100x\libgatt_lib.a(gap_advertising_if.o)
                              depend_Release_CSR100x\alert_client_gatt.o (GapSetAdvInterval)
C:\CSR_uEnergy_SDK-2.1.0\tools\lib\CSR100x\libgatt_lib.a(gap_ls_if.o)
                              C:\CSR_uEnergy_SDK-2.1.0\tools\lib\CSR100x\libgatt_lib.a(gap_app_if.o) (___libgatt_lib_db_18)
C:\CSR_uEnergy_SDK-2.1.0\tools\lib\CSR100x\libgatt_lib.a(ls_advertising_if.o)
                              depend_Release_CSR100x\alert_client_gatt.o (LsStoreAdvScanData)
C:\CSR_uEnergy_SDK-2.1.0\tools\lib\CSR100x\libgatt_lib.a(ls_app_if.o)
                              depend_Release_CSR100x\alert_client.o (LsConnectionParamUpdateReq)
C:\CSR_uEnergy_SDK-2.1.0\tools\lib\CSR100x\libgatt_lib.a(ls_con_db.o)
                              C:\CSR_uEnergy_SDK-2.1.0\tools\lib\CSR100x\libgatt_lib.a(ls_app_if.o) (___libgatt_lib_db_40)
C:\CSR_uEnergy_SDK-2.1.0\tools\lib\CSR100x\libgatt_lib.a(ls_con_mgmt.o)
                              C:\CSR_uEnergy_SDK-2.1.0\tools\lib\CSR100x\libgatt_lib.a(ls_app_if.o) (___libgatt_lib_db_57)
C:\CSR_uEnergy_SDK-2.1.0\tools\lib\CSR100x\libgatt_lib.a(l2cap_ls_if.o)
                              C:\CSR_uEnergy_SDK-2.1.0\tools\lib\CSR100x\libgatt_lib.a(ls_app_if.o) (___libgatt_lib_db_124)
C:\CSR_uEnergy_SDK-2.1.0\tools\lib\CSR100x\libgatt_lib.a(l2cap_sig_handler.o)
                              C:\CSR_uEnergy_SDK-2.1.0\tools\lib\CSR100x\libgatt_lib.a(l2cap_ls_if.o) (___libgatt_lib_db_132)
C:\CSR_uEnergy_SDK-2.1.0\tools\lib\CSR100x\libgatt_lib.a(gatt.o)
                              depend_Release_CSR100x\alert_client.o (GattDisconnectReq)
C:\CSR_uEnergy_SDK-2.1.0\tools\lib\CSR100x\libgatt_lib.a(gatt_client.o)
                              depend_Release_CSR100x\alert_client.o (GattInstallClientRole)
C:\CSR_uEnergy_SDK-2.1.0\tools\lib\CSR100x\libgatt_lib.a(gatt_client_disc_all_prim_serv.o)
                              depend_Release_CSR100x\alert_client.o (GattDiscoverAllPrimaryServices)
C:\CSR_uEnergy_SDK-2.1.0\tools\lib\CSR100x\libgatt_lib.a(gatt_client_disc_char.o)
                              depend_Release_CSR100x\alert_client.o (GattDiscoverServiceChar)
C:\CSR_uEnergy_SDK-2.1.0\tools\lib\CSR100x\libgatt_lib.a(gatt_client_char_desc_disc.o)
                              depend_Release_CSR100x\alert_client.o (GattDiscoverAllCharDescriptors)
C:\CSR_uEnergy_SDK-2.1.0\tools\lib\CSR100x\libgatt_lib.a(gatt_client_read_char.o)
                              depend_Release_CSR100x\alert_client.o (GattReadCharValue)
C:\CSR_uEnergy_SDK-2.1.0\tools\lib\CSR100x\libgatt_lib.a(gatt_client_write_char.o)
                              depend_Release_CSR100x\alert_client.o (GattWriteCharValueReq)
C:\CSR_uEnergy_SDK-2.1.0\tools\lib\CSR100x\libgatt_lib.a(gatt_client_indications.o)
                              C:\CSR_uEnergy_SDK-2.1.0\tools\lib\CSR100x\libgatt_lib.a(gatt_client.o) (___libgatt_lib_db_345)
C:\CSR_uEnergy_SDK-2.1.0\tools\lib\CSR100x\libgatt_lib.a(gatt_server.o)
                              depend_Release_CSR100x\alert_client.o (GattAddDatabaseReq)
C:\CSR_uEnergy_SDK-2.1.0\tools\lib\CSR100x\libgatt_lib.a(gatt_common.o)
                              C:\CSR_uEnergy_SDK-2.1.0\tools\lib\CSR100x\libgatt_lib.a(gatt.o) (___libgatt_lib_db_362)
C:\CSR_uEnergy_SDK-2.1.0\tools\lib\CSR100x\libgatt_lib.a(gatt_att_if.o)
                              C:\CSR_uEnergy_SDK-2.1.0\tools\lib\CSR100x\libgatt_lib.a(gatt_server.o) (GS_add_db_cfm_handler)
C:\CSR_uEnergy_SDK-2.1.0\tools\lib\CSR100x\libgatt_lib.a(sm_pair_auth.o)
                              depend_Release_CSR100x\alert_client.o (SMPairingAuthRsp)
C:\CSR_uEnergy_SDK-2.1.0\tools\lib\CSR100x\libgatt_lib.a(sm_ram.o)
                              C:\CSR_uEnergy_SDK-2.1.0\tools\lib\CSR100x\libgatt_lib.a(gatt.o) (___libgatt_lib_db_431)
C:\CSR_uEnergy_SDK-2.1.0\tools\lib\CSR100x\libgatt_lib.a(sm_host_interface.o)
                              depend_Release_CSR100x\alert_client.o (SMRequestSecurityLevel)
C:\CSR_uEnergy_SDK-2.1.0\tools\lib\CSR100x\libgatt_lib.a(sm.o)
                              C:\CSR_uEnergy_SDK-2.1.0\tools\lib\CSR100x\libgatt_lib.a(gatt.o) (___libgatt_lib_db_471)
C:\CSR_uEnergy_SDK-2.1.0\tools\lib\CSR100x\libgatt_lib.a(sm_config.o)
                              C:\CSR_uEnergy_SDK-2.1.0\tools\lib\CSR100x\libgatt_lib.a(gap_ls_if.o) (___libgatt_lib_db_485)
C:\CSR_uEnergy_SDK-2.1.0\tools\lib\CSR100x\libgatt_lib.a(sm_privacy.o)
                              depend_Release_CSR100x\alert_client.o (SMPrivacyMatchAddress)
C:\CSR_uEnergy_SDK-2.1.0\tools\lib\CSR100x\libgatt_lib.a(sm_div.o)
                              depend_Release_CSR100x\alert_client.o (SMDivApproval)
C:\CSR_uEnergy_SDK-2.1.0\tools\lib\CSR100x\libgatt_lib.a(memcmp.o)
[...]
Memory Configuration

Name             Origin             Length             Attributes
*default*        0x00000000         0xffffffff

Linker script and memory map

LOAD depend_Release_CSR100x\app_gatt_db.o
LOAD depend_Release_CSR100x\alert_client.o
LOAD depend_Release_CSR100x\alert_client_gatt.o
LOAD depend_Release_CSR100x\alert_client_hw.o
LOAD depend_Release_CSR100x\alert_notification_service_data.o
LOAD depend_Release_CSR100x\gatt_service_data.o
LOAD depend_Release_CSR100x\local_debug.o
LOAD depend_Release_CSR100x\nvm_access.o
LOAD depend_Release_CSR100x\phone_alert_service_data.o
LOAD C:\CSR_uEnergy_SDK-2.1.0\tools\lib\CSR100x\libgatt_lib.a
                0x00000096                SWAP_INTO_DATA = 0x96
                0x00000000                PROG_START = 0x0
                0x00002000                PROG_RAM_START = 0x2000
                0x00008f6a                DATA_RAM_START = (0x9000 - DEFINED (SWAP_INTO_DATA)?SWAP_INTO_DATA:0x0)
                0x00009f9c                CS_START = 0x9f9c
                0x0000a000                DATA_RAM_END = 0xa000
                0x00008000                PROG_ROM_START = 0x8000
                0x00008000                PROG_ROM_SIZE = 0x8000
                0x00010000                PROG_ROM_OFFSET = 0x10000
                0x0000ef80                PERSIST_MEM_START = 0xef80
                0x00000020                PRES_DATA_SIZE = 0x20
                0x00000004                SLT_SIZE = 0x4
                0x000002b4                ALIGNED_SIZE = 0x2b4
                0x00000100                ISTACK_SIZE = 0x100
                0x00000200                USTACK_SIZE = 0x200
                0x80000000                $CODE$ = 0x80000000
                0x00000000                $DATA$ = 0x0
                0x0000ffe0                PROVIDE ($XAP_AH, 0xffe0)
                0x0000ffe1                PROVIDE ($XAP_AL, 0xffe1)
                0x0000ffe2                PROVIDE ($XAP_UXH, 0xffe2)
                0x0000ffe3                PROVIDE ($XAP_UXL, 0xffe3)
                0x0000ffe4                PROVIDE ($XAP_UY, 0xffe4)
                0x0000ffe5                PROVIDE ($XAP_IXH, 0xffe5)
                0x0000ffe6                PROVIDE ($XAP_IXL, 0xffe6)
                0x0000ffe7                PROVIDE ($XAP_IY, 0xffe7)
                0x00008f6a                . = DATA_RAM_START

.rodata         0x00008f6a      0x118
                0x00008f6a                RODATA_START = .
 *(.rodata)
 .rodata        0x00008f6a        0x2 depend_Release_CSR100x\alert_client_gatt.o
 .rodata        0x00008f6c       0x30 C:\CSR_uEnergy_SDK-2.1.0\tools\lib\CSR100x\libgatt_lib.a(sm.o)
                0x00008f88                ___libgatt_lib_db_451
 .rodata        0x00008f9c       0x13 C:\CSR_uEnergy_SDK-2.1.0\tools\lib\CSR100x\libgatt_lib.a(sm_l2cap.o)
 *(.rodata.*)
 .rodata.SetAppState
                0x00008faf        0xc depend_Release_CSR100x\alert_client.o
 .rodata.HandleExtraLongButtonPressTimerExpiry
                0x00008fbb        0x5 depend_Release_CSR100x\alert_client.o
 .rodata.C.68..3136.
                0x00008fc0        0x2 depend_Release_CSR100x\alert_client.o
 .rodata.str2.2
                0x00008fc2        0xe depend_Release_CSR100x\alert_client_gatt.o
 .rodata.C.1..2276.
                0x00008fd0        0x3 depend_Release_CSR100x\alert_client_gatt.o
 .rodata.C.0..2275.
                0x00008fd3        0x3 depend_Release_CSR100x\alert_client_gatt.o
 .rodata.C.1..4022.
                0x00008fd6        0x2 C:\CSR_uEnergy_SDK-2.1.0\tools\lib\CSR100x\libgatt_lib.a(gatt_client_disc_char.o)
 .rodata.C.8..4076.
                0x00008fd8        0x2 C:\CSR_uEnergy_SDK-2.1.0\tools\lib\CSR100x\libgatt_lib.a(gatt_client_disc_char.o)
 .rodata.app_att_mssg_handler
                0x00008fda       0x17 C:\CSR_uEnergy_SDK-2.1.0\tools\lib\CSR100x\libgatt_lib.a(gatt_att_if.o)
 .rodata.lm_send_hci_ulp_advertising_report
                0x00008ff1        0x7 C:\CSR_uEnergy_SDK-2.1.0\tools\lib\CSR100x\libgatt_lib.a(lm_hci_events.o)
 .rodata.le_connection_timeout
                0x00008ff8        0x9 C:\CSR_uEnergy_SDK-2.1.0\tools\lib\CSR100x\libgatt_lib.a(george.o)
 .rodata.le_rx_control_packet
                0x00009001        0xe C:\CSR_uEnergy_SDK-2.1.0\tools\lib\CSR100x\libgatt_lib.a(george.o)
 .rodata.le_rx_event_handler
                0x0000900f        0x9 C:\CSR_uEnergy_SDK-2.1.0\tools\lib\CSR100x\libgatt_lib.a(george.o)
 .rodata.sca_limits
                0x00009018        0x7 C:\CSR_uEnergy_SDK-2.1.0\tools\lib\CSR100x\libgatt_lib.a(george.o)
 .rodata.ll_control_pdus
                0x0000901f       0x1c C:\CSR_uEnergy_SDK-2.1.0\tools\lib\CSR100x\libgatt_lib.a(george_ll.o)
 .rodata.C.8..8909.
                0x0000903b        0x4 C:\CSR_uEnergy_SDK-2.1.0\tools\lib\CSR100x\libgatt_lib.a(george_adv.o)
 .rodata.timer_prio
                0x0000903f        0x3 C:\CSR_uEnergy_SDK-2.1.0\tools\lib\CSR100x\libgatt_lib.a(timer.o)
 .rodata.timer_events
                0x00009042        0x3 C:\CSR_uEnergy_SDK-2.1.0\tools\lib\CSR100x\libgatt_lib.a(timer.o)
 .rodata.sizeof_irq_func_ptr
                0x00009045        0x1 C:\CSR_uEnergy_SDK-2.1.0\tools\lib\CSR100x\libgatt_lib.a(interrupts.o)
                0x00009045                ___libgatt_lib_db_4162
 .rodata.pool_totals.5219.
                0x00009046        0x4 C:\CSR_uEnergy_SDK-2.1.0\tools\lib\CSR100x\libgatt_lib.a(pools.o)
 .rodata.region_start
                0x0000904a        0x3 C:\CSR_uEnergy_SDK-2.1.0\tools\lib\CSR100x\libgatt_lib.a(persistent.o)
 .rodata.region_size
                0x0000904d        0x3 C:\CSR_uEnergy_SDK-2.1.0\tools\lib\CSR100x\libgatt_lib.a(persistent.o)
 .rodata.build_identifier_integer
                0x00009050        0x1 C:\CSR_uEnergy_SDK-2.1.0\tools\lib\CSR100x\libgatt_lib.a(id.o)
                0x00009050                build_identifier_integer
 .rodata.hlAttr
                0x00009051        0x3 C:\CSR_uEnergy_SDK-2.1.0\tools\lib\CSR100x\libgatt_lib.a(l2cap_common.o)
 .rodata.att_base_uuid
                0x00009054        0x8 C:\CSR_uEnergy_SDK-2.1.0\tools\lib\CSR100x\libgatt_lib.a(att.o)
                0x00009054                ___libgatt_lib_db_136
 .rodata.att_l2cap_handler
                0x0000905c        0x7 C:\CSR_uEnergy_SDK-2.1.0\tools\lib\CSR100x\libgatt_lib.a(att_l2cap.o)
 .rodata.group_uuids
                0x00009063        0x2 C:\CSR_uEnergy_SDK-2.1.0\tools\lib\CSR100x\libgatt_lib.a(att_db.o)
                0x00009063                ___libgatt_lib_db_266
 .rodata.aux_uuids
                0x00009065        0x1 C:\CSR_uEnergy_SDK-2.1.0\tools\lib\CSR100x\libgatt_lib.a(att_db.o)
                0x00009065                ___libgatt_lib_db_265
 .rodata.C.0..4124.
                0x00009066        0x8 C:\CSR_uEnergy_SDK-2.1.0\tools\lib\CSR100x\libgatt_lib.a(att_db.o)
 .rodata.attr_info
                0x0000906e       0x14 C:\CSR_uEnergy_SDK-2.1.0\tools\lib\CSR100x\libgatt_lib.a(att_onchipdb.o)
                0x0000906e                ___libgatt_lib_db_286
                0x00009082                RODATA_END = .

.bss            0x00009082      0x57b
                0x00009082                BSS_START = .
 *(.bss)
 .bss           0x00009082        0x8 C:\CSR_uEnergy_SDK-2.1.0\tools\lib\CSR100x\libgatt_lib.a(sm_pair_auth.o)
 .bss           0x0000908a       0x27 C:\CSR_uEnergy_SDK-2.1.0\tools\lib\CSR100x\libgatt_lib.a(sm.o)
 .bss           0x000090b1        0x1 C:\CSR_uEnergy_SDK-2.1.0\tools\lib\CSR100x\libgatt_lib.a(xap2crt0.o)
 *(.bss.*)
 .bss.g_pts_send_only_silent_mode
                0x000090b2        0x1 depend_Release_CSR100x\alert_client.o
                0x000090b2                g_pts_send_only_silent_mode
 .bss.g_pts_disable_notify_ccd
                0x000090b3        0x1 depend_Release_CSR100x\alert_client.o
                0x000090b3                g_pts_disable_notify_ccd
 .bss.app_timers
                0x000090b4       0x2a depend_Release_CSR100x\alert_client.o
 .bss.tid_advertise
                0x000090de        0x1 C:\CSR_uEnergy_SDK-2.1.0\tools\lib\CSR100x\libgatt_lib.a(ls_advertising_if.o)
 .bss.tid_con_param_update
                0x000090df        0x1 C:\CSR_uEnergy_SDK-2.1.0\tools\lib\CSR100x\libgatt_lib.a(ls_con_db.o)
                0x000090df                tid_con_param_update
 .bss.tid_con_param_proc_timeout
                0x000090e0        0x1 C:\CSR_uEnergy_SDK-2.1.0\tools\lib\CSR100x\libgatt_lib.a(ls_con_db.o)
                0x000090e0                tid_con_param_proc_timeout
 .bss.ls_con_min_ce_length
                0x000090e1        0x1 C:\CSR_uEnergy_SDK-2.1.0\tools\lib\CSR100x\libgatt_lib.a(ls_con_mgmt.o)
                0x000090e1                ls_con_min_ce_length
 .bss.ls_con_max_ce_length
                0x000090e2        0x1 C:\CSR_uEnergy_SDK-2.1.0\tools\lib\CSR100x\libgatt_lib.a(ls_con_mgmt.o)
                0x000090e2                ls_con_max_ce_length
 .bss.GS_add_db_cfm_handler
                0x000090e3        0x1 C:\CSR_uEnergy_SDK-2.1.0\tools\lib\CSR100x\libgatt_lib.a(gatt_att_if.o)
                0x000090e3                GS_add_db_cfm_handler
 .bss.GS_mtu_ind_handler
                0x000090e4        0x1 C:\CSR_uEnergy_SDK-2.1.0\tools\lib\CSR100x\libgatt_lib.a(gatt_att_if.o)
                0x000090e4                GS_mtu_ind_handler
 .bss.GS_access_ind_handler
                0x000090e5        0x1 C:\CSR_uEnergy_SDK-2.1.0\tools\lib\CSR100x\libgatt_lib.a(gatt_att_if.o)
                0x000090e5                GS_access_ind_handler
 .bss.GC_char_value_ind_handler
                0x000090e6        0x1 C:\CSR_uEnergy_SDK-2.1.0\tools\lib\CSR100x\libgatt_lib.a(gatt_att_if.o)
                0x000090e6                GC_char_value_ind_handler
 .bss.hci_lost_events
                0x000090e7        0xc C:\CSR_uEnergy_SDK-2.1.0\tools\lib\CSR100x\libgatt_lib.a(lm_hci_events.o)
                0x000090e7                hci_lost_events
 .bss.nocp_filter_handles
                0x000090f3        0x1 C:\CSR_uEnergy_SDK-2.1.0\tools\lib\CSR100x\libgatt_lib.a(lm_hci_events.o)
                0x000090f3                nocp_filter_handles
 .bss.notify_disconnect
                0x000090f4        0x1 C:\CSR_uEnergy_SDK-2.1.0\tools\lib\CSR100x\libgatt_lib.a(lm_hci_events.o)
                0x000090f4                notify_disconnect
 .bss.acl_data_handler
                0x000090f5        0x1 C:\CSR_uEnergy_SDK-2.1.0\tools\lib\CSR100x\libgatt_lib.a(lm_hci_events.o)
 .bss.hci_event_handler
                0x000090f6        0x1 C:\CSR_uEnergy_SDK-2.1.0\tools\lib\CSR100x\libgatt_lib.a(lm_hci_events.o)
 .bss.george_rx_rr.9881.
                0x000090f7        0x1 C:\CSR_uEnergy_SDK-2.1.0\tools\lib\CSR100x\libgatt_lib.a(george.o)
 .bss.i.8910.   0x000090f8        0x1 C:\CSR_uEnergy_SDK-2.1.0\tools\lib\CSR100x\libgatt_lib.a(george_ll.o)
 .bss.whitelist_free
                0x000090f9        0x1 C:\CSR_uEnergy_SDK-2.1.0\tools\lib\CSR100x\libgatt_lib.a(whitelist.o)
 .bss.single_tx_radio_buffer
                0x000090fa        0x1 C:\CSR_uEnergy_SDK-2.1.0\tools\lib\CSR100x\libgatt_lib.a(halbtle.o)
                0x000090fa                single_tx_radio_buffer
 .bss.single_rx_radio_buffer
                0x000090fb        0x1 C:\CSR_uEnergy_SDK-2.1.0\tools\lib\CSR100x\libgatt_lib.a(halbtle.o)
                0x000090fb                single_rx_radio_buffer
 .bss.tx_power_table
                0x000090fc        0x5 C:\CSR_uEnergy_SDK-2.1.0\tools\lib\CSR100x\libgatt_lib.a(halradiotrim.o)
 .bss.radio_trim_temp
                0x00009101        0x1 C:\CSR_uEnergy_SDK-2.1.0\tools\lib\CSR100x\libgatt_lib.a(halradiotrim.o)
 .bss.app_timer_queue
                0x00009102        0x1 C:\CSR_uEnergy_SDK-2.1.0\tools\lib\CSR100x\libgatt_lib.a(timer.o)
 .bss.max_app_timers
                0x00009103        0x1 C:\CSR_uEnergy_SDK-2.1.0\tools\lib\CSR100x\libgatt_lib.a(timer.o)
 .bss.fw_timer_queue
                0x00009104       0x24 C:\CSR_uEnergy_SDK-2.1.0\tools\lib\CSR100x\libgatt_lib.a(timer.o)
 .bss.timer_queue_head
                0x00009128        0x3 C:\CSR_uEnergy_SDK-2.1.0\tools\lib\CSR100x\libgatt_lib.a(timer.o)
 .bss.swirqs    0x0000912b        0x1 C:\CSR_uEnergy_SDK-2.1.0\tools\lib\CSR100x\libgatt_lib.a(swirq.o)
 .bss.bl_int_cnt
                0x0000912c        0x1 C:\CSR_uEnergy_SDK-2.1.0\tools\lib\CSR100x\libgatt_lib.a(interrupts.o)
                0x0000912c                bl_int_cnt
 .bss.storage_read
                0x0000912d        0x1 C:\CSR_uEnergy_SDK-2.1.0\tools\lib\CSR100x\libgatt_lib.a(nvm.o)
                0x0000912d                storage_read
 .bss.storage_write
                0x0000912e        0x1 C:\CSR_uEnergy_SDK-2.1.0\tools\lib\CSR100x\libgatt_lib.a(nvm.o)
                0x0000912e                storage_write
 .bss.storage_erase
                0x0000912f        0x1 C:\CSR_uEnergy_SDK-2.1.0\tools\lib\CSR100x\libgatt_lib.a(nvm.o)
                0x0000912f                storage_erase
 .bss.storage_disable
                0x00009130        0x1 C:\CSR_uEnergy_SDK-2.1.0\tools\lib\CSR100x\libgatt_lib.a(nvm.o)
                0x00009130                storage_disable
 .bss.storage_enable
                0x00009131        0x1 C:\CSR_uEnergy_SDK-2.1.0\tools\lib\CSR100x\libgatt_lib.a(nvm.o)
                0x00009131                storage_enable
 .bss.erase_chunk.5624.
                0x00009132       0x10 C:\CSR_uEnergy_SDK-2.1.0\tools\lib\CSR100x\libgatt_lib.a(i2c_app_mem_mgr.o)
 .bss.nvm_i2c_scl_low
                0x00009142        0x1 C:\CSR_uEnergy_SDK-2.1.0\tools\lib\CSR100x\libgatt_lib.a(i2c_app_mem_mgr.o)
 .bss.nvm_i2c_scl_high
                0x00009143        0x1 C:\CSR_uEnergy_SDK-2.1.0\tools\lib\CSR100x\libgatt_lib.a(i2c_app_mem_mgr.o)
 .bss.last_radio_active_setting
                0x00009144        0x1 C:\CSR_uEnergy_SDK-2.1.0\tools\lib\CSR100x\libgatt_lib.a(pmu.o)
 .bss.pmu_ana_ctrl_radio_on
                0x00009145        0x6 C:\CSR_uEnergy_SDK-2.1.0\tools\lib\CSR100x\libgatt_lib.a(pmu.o)
 .bss.pmu_ana_ctrl_radio_off
                0x0000914b        0x6 C:\CSR_uEnergy_SDK-2.1.0\tools\lib\CSR100x\libgatt_lib.a(pmu.o)
 .bss.smps_freq_update_temp
                0x00009151        0x1 C:\CSR_uEnergy_SDK-2.1.0\tools\lib\CSR100x\libgatt_lib.a(pmu.o)
 .bss.pmu_smps_voltage_normal
                0x00009152        0x1 C:\CSR_uEnergy_SDK-2.1.0\tools\lib\CSR100x\libgatt_lib.a(pmu.o)
 .bss.pmu_smps_voltage_hot
                0x00009153        0x1 C:\CSR_uEnergy_SDK-2.1.0\tools\lib\CSR100x\libgatt_lib.a(pmu.o)
 .bss.radiotest_enabled
                0x00009154        0x1 C:\CSR_uEnergy_SDK-2.1.0\tools\lib\CSR100x\libgatt_lib.a(radiotest_init.o)
                0x00009154                radiotest_enabled
 .bss.l2capPrim
                0x00009155        0x8 C:\CSR_uEnergy_SDK-2.1.0\tools\lib\CSR100x\libgatt_lib.a(l2cap_common.o)
 .bss.dataRcvdFromLC
                0x0000915d       0x17 C:\CSR_uEnergy_SDK-2.1.0\tools\lib\CSR100x\libgatt_lib.a(l2cap_hci_if.o)
 .bss.gatt_installed
                0x00009174        0x1 C:\CSR_uEnergy_SDK-2.1.0\tools\lib\CSR100x\libgatt_lib.a(att_server_mtu.o)
 .bss.uart_data_in
                0x00009175        0x1 C:\CSR_uEnergy_SDK-2.1.0\tools\lib\CSR100x\libgatt_lib.a(uart.o)
                0x00009175                uart_data_in
 .bss.uart_rx_buffer_size_units
                0x00009176        0x1 C:\CSR_uEnergy_SDK-2.1.0\tools\lib\CSR100x\libgatt_lib.a(uart.o)
 .bss.data_mode
                0x00009177        0x1 C:\CSR_uEnergy_SDK-2.1.0\tools\lib\CSR100x\libgatt_lib.a(uart.o)
 .bss.uart_in_index_units
                0x00009178        0x1 C:\CSR_uEnergy_SDK-2.1.0\tools\lib\CSR100x\libgatt_lib.a(uart.o)
 .bss.uart_requested_data_size_units
                0x00009179        0x1 C:\CSR_uEnergy_SDK-2.1.0\tools\lib\CSR100x\libgatt_lib.a(uart.o)
 .bss.wd_kick_needed
                0x0000917a        0x1 C:\CSR_uEnergy_SDK-2.1.0\tools\lib\CSR100x\libgatt_lib.a(wd.o)
 .bss.wd_timeout_saved
                0x0000917b        0x1 C:\CSR_uEnergy_SDK-2.1.0\tools\lib\CSR100x\libgatt_lib.a(wd.o)
 .bss.num_overdue_updates
                0x0000917c        0x1 C:\CSR_uEnergy_SDK-2.1.0\tools\lib\CSR100x\libgatt_lib.a(wd.o)
 .bss.app_background_tick
                0x0000917d        0x1 C:\CSR_uEnergy_SDK-2.1.0\tools\lib\CSR100x\libgatt_lib.a(wd.o)
 .bss.i2c_activity_timeout_time
                0x0000917e        0x1 C:\CSR_uEnergy_SDK-2.1.0\tools\lib\CSR100x\libgatt_lib.a(i2c_eeprom.o)
 .bss.last_event_voltage
                0x0000917f        0x1 C:\CSR_uEnergy_SDK-2.1.0\tools\lib\CSR100x\libgatt_lib.a(battery.o)
 .bss.cached_battery_voltage
                0x00009180        0x1 C:\CSR_uEnergy_SDK-2.1.0\tools\lib\CSR100x\libgatt_lib.a(battery.o)
 .bss.overdue_tasks
                0x00009181        0x1 C:\CSR_uEnergy_SDK-2.1.0\tools\lib\CSR100x\libgatt_lib.a(updates.o)
 .bss.battery_update_count
                0x00009182        0x1 C:\CSR_uEnergy_SDK-2.1.0\tools\lib\CSR100x\libgatt_lib.a(updates.o)
 .bss.discovered_device
                0x00009183        0x1 C:\CSR_uEnergy_SDK-2.1.0\tools\lib\CSR100x\libgatt_lib.a(ls_scanning_if.o)
 COMMON         0x00009184       0x21 depend_Release_CSR100x\alert_client.o
                0x00009184                g_app_data
 COMMON         0x000091a5        0x5 depend_Release_CSR100x\alert_client_hw.o
                0x000091a5                g_app_hw_data
 COMMON         0x000091aa       0x29 depend_Release_CSR100x\alert_notification_service_data.o
                0x000091aa                g_app_ans_data
 COMMON         0x000091d3        0x3 depend_Release_CSR100x\gatt_service_data.o
                0x000091d3                g_app_gatt_data
 COMMON         0x000091d6        0xc depend_Release_CSR100x\phone_alert_service_data.o
                0x000091d6                g_app_pas_data
 COMMON         0x000091e2       0x30 C:\CSR_uEnergy_SDK-2.1.0\tools\lib\CSR100x\libgatt_lib.a(ls_con_db.o)
                0x000091e2                ls_random_address
                0x000091e6                conMgmtDB
 COMMON         0x00009212       0x2e C:\CSR_uEnergy_SDK-2.1.0\tools\lib\CSR100x\libgatt_lib.a(gatt.o)
                0x00009212                gatt
 COMMON         0x00009240        0x1 C:\CSR_uEnergy_SDK-2.1.0\tools\lib\CSR100x\libgatt_lib.a(sm_pair_auth.o)
                0x00009240                pairing_req_instance
 COMMON         0x00009241        0x6 C:\CSR_uEnergy_SDK-2.1.0\tools\lib\CSR100x\libgatt_lib.a(sm.o)
                0x00009241                smcb
                0x00009246                sm_pairing_auth_ind
 COMMON         0x00009247        0x5 C:\CSR_uEnergy_SDK-2.1.0\tools\lib\CSR100x\libgatt_lib.a(lm_hci_events.o)
                0x00009247                lm_acl_rx_data
 COMMON         0x0000924c       0xde C:\CSR_uEnergy_SDK-2.1.0\tools\lib\CSR100x\libgatt_lib.a(george.o)
                0x0000924c                tx_event_log
                0x00009251                rx_event_log
                0x00009260                random_addr
                0x00009263                le_device
 COMMON         0x0000932a      0x128 C:\CSR_uEnergy_SDK-2.1.0\tools\lib\CSR100x\libgatt_lib.a(pools.o)
                0x0000932a                pools
 COMMON         0x00009452        0x1 C:\CSR_uEnergy_SDK-2.1.0\tools\lib\CSR100x\libgatt_lib.a(pmu.o)
                0x00009452                cached_vbg
 COMMON         0x00009453        0x8 C:\CSR_uEnergy_SDK-2.1.0\tools\lib\CSR100x\libgatt_lib.a(l2cap_common.o)
                0x00009453                fixedChCB
                0x00009459                sigIdentifier
 COMMON         0x0000945b      0x138 C:\CSR_uEnergy_SDK-2.1.0\tools\lib\CSR100x\libgatt_lib.a(att.o)
                0x0000945b                att
 COMMON         0x00009593       0x3c C:\CSR_uEnergy_SDK-2.1.0\tools\lib\CSR100x\libgatt_lib.a(att_l2cap.o)
                0x00009593                ll_data_pdu
                0x000095aa                att_hl_prim
                0x000095b8                hl_prepare_wr_data
 COMMON         0x000095cf       0x2c C:\CSR_uEnergy_SDK-2.1.0\tools\lib\CSR100x\libgatt_lib.a(sm_static.o)
                0x000095cf                sm_pairing
 COMMON         0x000095fb        0x2 C:\CSR_uEnergy_SDK-2.1.0\tools\lib\CSR100x\libgatt_lib.a(i2c.o)
                0x000095fb                i2c_byte_timeout
                0x000095fc                i2c_activity_started
                0x000095fd                BSS_END = .
                0x0000057b                BSS_SIZE = (BSS_END - BSS_START)

.data           0x000095fd      0x139
                0x000095fd                DATA_START = .
 *(.data)
 .data          0x000095fd        0x5 C:\CSR_uEnergy_SDK-2.1.0\tools\lib\CSR100x\libgatt_lib.a(sm_config.o)
                0x000095fd                ___libgatt_lib_db_485
 *(.data.*)
 .data.gattDatabase
                0x00009602       0x54 depend_Release_CSR100x\app_gatt_db.o
                0x00009602                gattDatabase
 .data.gap_db   0x00009656       0x54 C:\CSR_uEnergy_SDK-2.1.0\tools\lib\CSR100x\libgatt_lib.a(gap_ls_if.o)
                0x00009656                ___libgatt_lib_db_18
 .data.ls_con_default_params
                0x000096aa        0x4 C:\CSR_uEnergy_SDK-2.1.0\tools\lib\CSR100x\libgatt_lib.a(ls_con_mgmt.o)
                0x000096aa                ___libgatt_lib_db_58
 .data.ls_con_scan_interval
                0x000096ae        0x1 C:\CSR_uEnergy_SDK-2.1.0\tools\lib\CSR100x\libgatt_lib.a(ls_con_mgmt.o)
                0x000096ae                ___libgatt_lib_db_59
 .data.ls_con_scan_window
                0x000096af        0x1 C:\CSR_uEnergy_SDK-2.1.0\tools\lib\CSR100x\libgatt_lib.a(ls_con_mgmt.o)
                0x000096af                ___libgatt_lib_db_60
 .data.default_chm
                0x000096b0        0x3 C:\CSR_uEnergy_SDK-2.1.0\tools\lib\CSR100x\libgatt_lib.a(george.o)
 .data.pending_pdu_acks
                0x000096b3        0xc C:\CSR_uEnergy_SDK-2.1.0\tools\lib\CSR100x\libgatt_lib.a(george_ll.o)
 .data.swirq_handler
                0x000096bf        0x6 C:\CSR_uEnergy_SDK-2.1.0\tools\lib\CSR100x\libgatt_lib.a(swirq.o)
 .data.irq_branch_table
                0x000096c5       0x20 C:\CSR_uEnergy_SDK-2.1.0\tools\lib\CSR100x\libgatt_lib.a(interrupts.o)
                0x000096c5                ___libgatt_lib_db_4159
 .data.pcblist  0x000096e5        0xc C:\CSR_uEnergy_SDK-2.1.0\tools\lib\CSR100x\libgatt_lib.a(pools.o)
 .data.cached_temperature
                0x000096f1        0x1 C:\CSR_uEnergy_SDK-2.1.0\tools\lib\CSR100x\libgatt_lib.a(thermometer.o)
 .data.con_trigger_client
                0x000096f2        0x1 C:\CSR_uEnergy_SDK-2.1.0\tools\lib\CSR100x\libgatt_lib.a(l2cap_common.o)
                0x000096f2                ___libgatt_lib_db_89
 .data.att_handlers
                0x000096f3       0x3e C:\CSR_uEnergy_SDK-2.1.0\tools\lib\CSR100x\libgatt_lib.a(att_l2cap.o)
 .data.i2c_power_pio
                0x00009731        0x1 C:\CSR_uEnergy_SDK-2.1.0\tools\lib\CSR100x\libgatt_lib.a(i2c.o)
 .data.i2c_sda_pio
                0x00009732        0x1 C:\CSR_uEnergy_SDK-2.1.0\tools\lib\CSR100x\libgatt_lib.a(i2c.o)
 .data.i2c_scl_pio
                0x00009733        0x1 C:\CSR_uEnergy_SDK-2.1.0\tools\lib\CSR100x\libgatt_lib.a(i2c.o)
 .data.eeprom_page_size
                0x00009734        0x1 C:\CSR_uEnergy_SDK-2.1.0\tools\lib\CSR100x\libgatt_lib.a(i2c_eeprom.o)
 .data.eeprom_write_cycle
                0x00009735        0x1 C:\CSR_uEnergy_SDK-2.1.0\tools\lib\CSR100x\libgatt_lib.a(i2c_eeprom.o)
                0x00009736                DATA_END = .
                0x0000ef80                . = PERSIST_MEM_START

PERSIST_MEM     0x0000ef80       0x80
 *(PERSIST_MEM)
 PERSIST_MEM    0x0000ef80       0x80 C:\CSR_uEnergy_SDK-2.1.0\tools\lib\CSR100x\libgatt_lib.a(persistent.o)
                0x0000ef80                ___libgatt_lib_db_4218
 *(PERSIST_MEM.*)
                0x0000f000                PERSIST_MEM_END = .
                0x00009f9c                . = CS_START

CONFIG_STORE    0x00009f9c       0x3f
 *(CONFIG_STORE)
 CONFIG_STORE   0x00009f9c       0x3f C:\CSR_uEnergy_SDK-2.1.0\tools\lib\CSR100x\libgatt_lib.a(config_store.o)
                0x00009f9c                ___libgatt_lib_db_4150
 *(CONFIG_STORE.*)
                0x00009fdb                CS_END = .
                0x0000003f                CS_SIZE = (CS_END - CS_START)
                0x00009fdc                . = ((DATA_RAM_END - PRES_DATA_SIZE) - SLT_SIZE)

SLT             0x00009fdc        0x4
                0x00009fdc                SLT_START = .
 *(SLT)
 SLT            0x00009fdc        0x4 C:\CSR_uEnergy_SDK-2.1.0\tools\lib\CSR100x\libgatt_lib.a(slut.o)
                0x00009fdc                slut
 *(SLT.*)

.preserved      0x00009fe0        0x0
                0x00009fe0                PRESERVED_START = .
 *(PRES_DATA)
 *(PRES_DATA.*)
                0x00009f9c                STACK_END = CS_START
                0x00009c9c                . = ((STACK_END - ISTACK_SIZE) - USTACK_SIZE)

.stack          0x00009c9c      0x300
                0x00009c9c                STACK_START = .
                0x00009c9c                USTACK_START = .
                0x00009e9c                USTACK_END = (USTACK_START + USTACK_SIZE)
 *(USTACK)
 *(USTACK.*)
                0x00009e9c                . = USTACK_END
 *fill*         0x00009c9c      0x400 00
                0x00009e9c                ISTACK_START = .
                0x00009f9c                ISTACK_END = (ISTACK_START + ISTACK_SIZE)
 *(ISTACK)
 *(ISTACK.*)
                0x00009f9c                . = ISTACK_END
 *fill*         0x00009e9c      0x200 00
                0x00009c9c                ALIGNED_DATA_END = STACK_START
                0x000099e8                . = (ALIGNED_DATA_END - ALIGNED_SIZE)

.aligned_data   0x000099e8      0x2b4
                0x000099e8                ALIGNED_DATA_START = .
 *(EXCLUDE_FILE(*whitelist.o) ALIGN64)
 ALIGN64        0x000099e8      0x294 C:\CSR_uEnergy_SDK-2.1.0\tools\lib\CSR100x\libgatt_lib.a(halradio.o)
                0x00009b10                ___libgatt_lib_db_4076
                0x000099e8                ___libgatt_lib_db_4081
                0x00009b78                ___libgatt_lib_db_4078
                0x00009ae8                ___libgatt_lib_db_4075
                0x00009b18                ___libgatt_lib_db_4080
 *whitelist.o(ALIGN64)
 ALIGN64        0x00009c7c       0x20 C:\CSR_uEnergy_SDK-2.1.0\tools\lib\CSR100x\libgatt_lib.a(whitelist.o)
                0x00000000                . = PROG_START

.text           0x00000000     0x6daf load address 0x80000000
 *xap2crt0.o(.text)
 .text          0x00000000       0xbf C:\CSR_uEnergy_SDK-2.1.0\tools\lib\CSR100x\libgatt_lib.a(xap2crt0.o)
                0x00000000                reset_vector
                0x000000bd                ___libgatt_lib_db_3801
                0x0000008b                ___libgatt_lib_db_2828
 *xap2crt0.o(.text.*)
 *(.text)
 .text          0x000000bf       0x34 C:\CSR_uEnergy_SDK-2.1.0\tools\lib\CSR100x\libgatt_lib.a(sm_pair_auth.o)
                0x000000bf                SMPairingAuthRsp
                0x000000d1                ___libgatt_lib_db_428
 .text          0x000000f3        0xd C:\CSR_uEnergy_SDK-2.1.0\tools\lib\CSR100x\libgatt_lib.a(sm_ram.o)
                0x000000f3                ___libgatt_lib_db_431
                0x000000f8                SMFeaturesReq
 .text          0x00000100       0xa8 C:\CSR_uEnergy_SDK-2.1.0\tools\lib\CSR100x\libgatt_lib.a(sm_host_interface.o)
                0x00000191                SMRequestSecurityLevel
                0x0000015b                SMPasskeyInput
                0x00000129                ___libgatt_lib_db_442
                0x00000150                SMPasskeyInputNeg
                0x00000100                ___libgatt_lib_db_441
                0x00000173                ___libgatt_lib_db_440
                0x0000013a                ___libgatt_lib_db_439
 .text          0x000001a8      0x4c3 C:\CSR_uEnergy_SDK-2.1.0\tools\lib\CSR100x\libgatt_lib.a(sm.o)
                0x00000627                ___libgatt_lib_db_469
                0x00000326                ___libgatt_lib_db_475
                0x0000045b                ___libgatt_lib_db_477
                0x000003ab                ___libgatt_lib_db_474
                0x000001a8                ___libgatt_lib_db_471
                0x000001ba                SMInit
                0x0000034e                ___libgatt_lib_db_476
                0x0000064a                ___libgatt_lib_db_468
                0x0000047c                ___libgatt_lib_db_478
                0x000001cb                ___libgatt_lib_db_473
                0x000002d0                ___libgatt_lib_db_470
                0x000002aa                ___libgatt_lib_db_472
                0x000002e1                ___libgatt_lib_db_480
                0x000003b7                ___libgatt_lib_db_479
                0x0000046c                ___libgatt_lib_db_452
 .text          0x0000066b       0x25 C:\CSR_uEnergy_SDK-2.1.0\tools\lib\CSR100x\libgatt_lib.a(sm_config.o)
                0x00000674                SMSetMinEncKeySize
                0x0000066e                SMSetMaxEncKeySize
                0x0000066b                SMSetIOCapabilities
                0x0000067a                ___libgatt_lib_db_486
 .text          0x00000690       0x93 C:\CSR_uEnergy_SDK-2.1.0\tools\lib\CSR100x\libgatt_lib.a(sm_privacy.o)
                0x000006b2                SMPrivacyMatchAddress
                0x000006df                SMPrivacyRegenerateAddress
 .text          0x00000723       0x21 C:\CSR_uEnergy_SDK-2.1.0\tools\lib\CSR100x\libgatt_lib.a(sm_div.o)
                0x00000734                ___libgatt_lib_db_491
                0x00000723                SMDivApproval
 .text          0x00000744       0x2a C:\CSR_uEnergy_SDK-2.1.0\tools\lib\CSR100x\libgatt_lib.a(memcpy_pack.o)
                0x00000744                ___libgatt_lib_db_3831
                0x00000744                MemCopyPack
 .text          0x0000076e       0x25 C:\CSR_uEnergy_SDK-2.1.0\tools\lib\CSR100x\libgatt_lib.a(memcpy_unpack.o)
                0x0000076e                MemCopyUnPack
                0x0000076e                ___libgatt_lib_db_3832
 .text          0x00000793        0xc C:\CSR_uEnergy_SDK-2.1.0\tools\lib\CSR100x\libgatt_lib.a(memset.o)
                0x00000793                ___libgatt_lib_db_3834
                0x00000793                MemSet
                0x00000793                ___libgatt_lib_db_3833
 .text          0x0000079f       0x10 C:\CSR_uEnergy_SDK-2.1.0\tools\lib\CSR100x\libgatt_lib.a(udiv3216.o)
                0x0000079f                ___libgatt_lib_db_3850
 .text          0x000007af       0xe8 C:\CSR_uEnergy_SDK-2.1.0\tools\lib\CSR100x\libgatt_lib.a(patch.o)
                0x000007af                ___libgatt_lib_db_4240
 .text          0x00000897      0x166 C:\CSR_uEnergy_SDK-2.1.0\tools\lib\CSR100x\libgatt_lib.a(sm_l2cap.o)
                0x00000897                ___libgatt_lib_db_391
                0x000008ee                ___libgatt_lib_db_389
                0x00000918                ___libgatt_lib_db_385
                0x000008ad                ___libgatt_lib_db_386
                0x000009a0                ___libgatt_lib_db_384
                0x000008db                ___libgatt_lib_db_390
                0x0000090a                ___libgatt_lib_db_387
                0x000008bd                ___libgatt_lib_db_383
                0x00000924                ___libgatt_lib_db_388
 .text          0x000009fd       0x53 C:\CSR_uEnergy_SDK-2.1.0\tools\lib\CSR100x\libgatt_lib.a(sm_static.o)
                0x00000a44                ___libgatt_lib_db_400
                0x00000a1e                ___libgatt_lib_db_398
                0x00000a42                ___libgatt_lib_db_401
                0x00000a05                ___libgatt_lib_db_402
                0x000009fd                ___libgatt_lib_db_399
                0x00000a0d                ___libgatt_lib_db_403
 .text          0x00000a50      0x155 C:\CSR_uEnergy_SDK-2.1.0\tools\lib\CSR100x\libgatt_lib.a(sm_pairing.o)
                0x00000ac8                ___libgatt_lib_db_420
                0x00000ab6                ___libgatt_lib_db_423
                0x00000aea                ___libgatt_lib_db_405
                0x00000b72                ___libgatt_lib_db_417
                0x00000a86                ___libgatt_lib_db_424
                0x00000af0                ___libgatt_lib_db_419
                0x00000a80                ___libgatt_lib_db_422
                0x00000b91                ___libgatt_lib_db_418
                0x00000aa2                ___libgatt_lib_db_421
                0x00000a50                ___libgatt_lib_db_425
                0x00000ae4                ___libgatt_lib_db_404
 .text          0x00000ba5       0x4f C:\CSR_uEnergy_SDK-2.1.0\tools\lib\CSR100x\libgatt_lib.a(timeasm.o)
                0x00000bb9                TimeGet48WithOffset
                0x00000bac                TimeGet48
                0x00000bd0                TimeIncrement48
                0x00000bdc                TimeSub48
                0x00000ba5                TimeGet32
                0x00000baa                TimeGet16
 *(.text.*)
 .text.GattGetDatabase
                0x00000bf4        0x7 depend_Release_CSR100x\app_gatt_db.o
                0x00000bf4                GattGetDatabase
 .text.AppPowerOnReset
                0x00000bfb        0x1 depend_Release_CSR100x\alert_client.o
                0x00000bfb                AppPowerOnReset
 .text.MainEnableNotifications
                0x00000bfc       0x17 depend_Release_CSR100x\alert_client.o
                0x00000bfc                MainEnableNotifications
 .text.appDataInit
                0x00000c13       0x32 depend_Release_CSR100x\alert_client.o
 .text.delayInReadingTimerHandler
                0x00000c45        0xb depend_Release_CSR100x\alert_client.o
 .text.AppInit  0x00000c50       0x8b depend_Release_CSR100x\alert_client.o
                0x00000c50                AppInit
 .text.gattDiscoveryHandler
                0x00000cdb        0xb depend_Release_CSR100x\alert_client.o
 .text.ReportPanic
                0x00000ce6        0x2 depend_Release_CSR100x\alert_client.o
                0x00000ce6                ReportPanic
 .text.requestConnParamUpdate
                0x00000ce8       0x12 depend_Release_CSR100x\alert_client.o
 .text.handleConnParamUpdateRequestTimerExpiry
                0x00000cfa        0xf depend_Release_CSR100x\alert_client.o
 .text.SetAppState
                0x00000d09       0x75 depend_Release_CSR100x\alert_client.o
                0x00000d09                SetAppState
 .text.StartDiscoveryProcedure
                0x00000d7e        0x2 depend_Release_CSR100x\alert_client.o
                0x00000d7e                StartDiscoveryProcedure
 .text.handleBondingChanceTimerExpiry
                0x00000d80        0xa depend_Release_CSR100x\alert_client.o
 .text.HandlePIOChangedEvent
                0x00000d8a       0x68 depend_Release_CSR100x\alert_client.o
                0x00000d8a                HandlePIOChangedEvent
 .text.AppProcessSystemEvent
                0x00000df2        0xa depend_Release_CSR100x\alert_client.o
                0x00000df2                AppProcessSystemEvent
 .text.HandleExtraLongButtonPressTimerExpiry
                0x00000dfc       0x3a depend_Release_CSR100x\alert_client.o
                0x00000dfc                HandleExtraLongButtonPressTimerExpiry
 .text.AppProcessLmEvent
                0x00000e36      0x4b1 depend_Release_CSR100x\alert_client.o
                0x00000e36                AppProcessLmEvent
 .text.GattIsAddressResolvableRandom
                0x000012e7       0x11 depend_Release_CSR100x\alert_client_gatt.o
                0x000012e7                GattIsAddressResolvableRandom
 .text.GattStopAdverts
                0x000012f8        0x2 depend_Release_CSR100x\alert_client_gatt.o
                0x000012f8                GattStopAdverts
 .text.gattAdvertTimerHandler
                0x000012fa       0x16 depend_Release_CSR100x\alert_client_gatt.o
 .text.gattSetAdvertParams
                0x00001310       0x96 depend_Release_CSR100x\alert_client_gatt.o
 .text.GattStartAdverts
                0x000013a6       0x2d depend_Release_CSR100x\alert_client_gatt.o
                0x000013a6                GattStartAdverts
 .text.GattTriggerFastAdverts
                0x000013d3        0xd depend_Release_CSR100x\alert_client_gatt.o
                0x000013d3                GattTriggerFastAdverts
 .text.SetIndication
                0x000013e0       0x3f depend_Release_CSR100x\alert_client_hw.o
                0x000013e0                SetIndication
 .text.AppHwDataInit
                0x0000141f        0xc depend_Release_CSR100x\alert_client_hw.o
                0x0000141f                AppHwDataInit
 .text.SoundBuzzer
                0x0000142b       0x42 depend_Release_CSR100x\alert_client_hw.o
                0x0000142b                SoundBuzzer
 .text.appBuzzerTimerHandler
                0x0000146d       0x5a depend_Release_CSR100x\alert_client_hw.o
 .text.HandleLongButtonPressTimerExpiry
                0x000014c7       0x17 depend_Release_CSR100x\alert_client_hw.o
                0x000014c7                HandleLongButtonPressTimerExpiry
 .text.InitAlertTagHardware
                0x000014de       0x59 depend_Release_CSR100x\alert_client_hw.o
                0x000014de                InitAlertTagHardware
 .text.IsAlertCategoryValid
                0x00001537        0x6 depend_Release_CSR100x\alert_notification_service_data.o
 .text.handleANSGattCharValInd
                0x0000153d       0x36 depend_Release_CSR100x\alert_notification_service_data.o
                0x0000153d                handleANSGattCharValInd
 .text.ConfigureAlertNotificationServer
                0x00001573        0xd depend_Release_CSR100x\alert_notification_service_data.o
                0x00001573                ConfigureAlertNotificationServer
 .text.SendAlertControlPointCommand
                0x00001580       0x12 depend_Release_CSR100x\alert_notification_service_data.o
                0x00001580                SendAlertControlPointCommand
 .text.handleANSGattReadCharValCFM
                0x00001592       0x2e depend_Release_CSR100x\alert_notification_service_data.o
                0x00001592                handleANSGattReadCharValCFM
 .text.handleGattServiceCharValInd
                0x000015c0        0xb depend_Release_CSR100x\gatt_service_data.o
                0x000015c0                handleGattServiceCharValInd
 .text.Nvm_Disable
                0x000015cb        0x7 depend_Release_CSR100x\nvm_access.o
                0x000015cb                Nvm_Disable
 .text.Nvm_Write
                0x000015d2        0xd depend_Release_CSR100x\nvm_access.o
                0x000015d2                Nvm_Write
 .text.Nvm_Read
                0x000015df        0xd depend_Release_CSR100x\nvm_access.o
                0x000015df                Nvm_Read
 .text.HandlePASGattCharValInd
                0x000015ec       0x13 depend_Release_CSR100x\phone_alert_service_data.o
                0x000015ec                HandlePASGattCharValInd
 .text.InitPASData
                0x000015ff        0x4 depend_Release_CSR100x\phone_alert_service_data.o
                0x000015ff                InitPASData
 .text.WritePASRingerCtrlPoint
                0x00001603       0x16 depend_Release_CSR100x\phone_alert_service_data.o
                0x00001603                WritePASRingerCtrlPoint
 .text.ReadPASRingerSettingChar
                0x00001619        0xa depend_Release_CSR100x\phone_alert_service_data.o
                0x00001619                ReadPASRingerSettingChar
 .text.HandlePASGattReadCharValCFM
                0x00001623       0x21 depend_Release_CSR100x\phone_alert_service_data.o
                0x00001623                HandlePASGattReadCharValCFM
 .text.ReadPASPhoneAlertChar
                0x00001644        0xa depend_Release_CSR100x\phone_alert_service_data.o
                0x00001644                ReadPASPhoneAlertChar
 .text.ConfigurePhoneAlertServer
                0x0000164e        0xa depend_Release_CSR100x\phone_alert_service_data.o
                0x0000164e                ConfigurePhoneAlertServer
 .text.GapSetMode
                0x00001658       0x3c C:\CSR_uEnergy_SDK-2.1.0\tools\lib\CSR100x\libgatt_lib.a(gap_app_if.o)
                0x00001658                GapSetMode
 .text.GapSetStaticAddress
                0x00001694       0x17 C:\CSR_uEnergy_SDK-2.1.0\tools\lib\CSR100x\libgatt_lib.a(gap_app_if.o)
                0x00001694                GapSetStaticAddress
 .text.GAP_TGAP_to_slots
                0x000016ab        0x9 C:\CSR_uEnergy_SDK-2.1.0\tools\lib\CSR100x\libgatt_lib.a(gap_advertising_if.o)
 .text.GapSetAdvInterval
                0x000016b4       0x20 C:\CSR_uEnergy_SDK-2.1.0\tools\lib\CSR100x\libgatt_lib.a(gap_advertising_if.o)
                0x000016b4                GapSetAdvInterval
 .text.___libgatt_lib_db_19
                0x000016d4        0xc C:\CSR_uEnergy_SDK-2.1.0\tools\lib\CSR100x\libgatt_lib.a(gap_ls_if.o)
                0x000016d4                ___libgatt_lib_db_19
 .text.GapLsFindAdType
                0x000016e0       0x37 C:\CSR_uEnergy_SDK-2.1.0\tools\lib\CSR100x\libgatt_lib.a(gap_ls_if.o)
                0x000016e0                GapLsFindAdType
 .text.LsStartStopAdvertise
                0x00001717       0x91 C:\CSR_uEnergy_SDK-2.1.0\tools\lib\CSR100x\libgatt_lib.a(ls_advertising_if.o)
                0x00001717                LsStartStopAdvertise
 .text.advertising_timer_handler
                0x000017a8        0xe C:\CSR_uEnergy_SDK-2.1.0\tools\lib\CSR100x\libgatt_lib.a(ls_advertising_if.o)
 .text.LsStoreAdvScanData
                0x000017b6       0x59 C:\CSR_uEnergy_SDK-2.1.0\tools\lib\CSR100x\libgatt_lib.a(ls_advertising_if.o)
                0x000017b6                LsStoreAdvScanData
 .text.LsConnectionParamUpdateReq
                0x0000180f       0x63 C:\CSR_uEnergy_SDK-2.1.0\tools\lib\CSR100x\libgatt_lib.a(ls_app_if.o)
                0x0000180f                LsConnectionParamUpdateReq
 .text.LsReadTransmitPowerLevel
                0x00001872        0x8 C:\CSR_uEnergy_SDK-2.1.0\tools\lib\CSR100x\libgatt_lib.a(ls_app_if.o)
                0x00001872                LsReadTransmitPowerLevel
 .text.LsAddWhiteListDevice
                0x0000187a        0x9 C:\CSR_uEnergy_SDK-2.1.0\tools\lib\CSR100x\libgatt_lib.a(ls_app_if.o)
                0x0000187a                LsAddWhiteListDevice
 .text.LsResetWhiteList
                0x00001883        0x2 C:\CSR_uEnergy_SDK-2.1.0\tools\lib\CSR100x\libgatt_lib.a(ls_app_if.o)
                0x00001883                LsResetWhiteList
 .text.___libgatt_lib_db_40
                0x00001885        0xf C:\CSR_uEnergy_SDK-2.1.0\tools\lib\CSR100x\libgatt_lib.a(ls_con_db.o)
                0x00001885                ___libgatt_lib_db_40
 .text.___libgatt_lib_db_43
                0x00001894       0x4e C:\CSR_uEnergy_SDK-2.1.0\tools\lib\CSR100x\libgatt_lib.a(ls_con_db.o)
                0x00001894                ___libgatt_lib_db_43
 .text.___libgatt_lib_db_42
                0x000018e2       0x3e C:\CSR_uEnergy_SDK-2.1.0\tools\lib\CSR100x\libgatt_lib.a(ls_con_db.o)
                0x000018e2                ___libgatt_lib_db_42
 .text.___libgatt_lib_db_44
                0x00001920       0x15 C:\CSR_uEnergy_SDK-2.1.0\tools\lib\CSR100x\libgatt_lib.a(ls_con_db.o)
                0x00001920                ___libgatt_lib_db_44
 .text.___libgatt_lib_db_39
                0x00001935       0x24 C:\CSR_uEnergy_SDK-2.1.0\tools\lib\CSR100x\libgatt_lib.a(ls_con_db.o)
                0x00001935                ___libgatt_lib_db_39
 .text.___libgatt_lib_db_45
                0x00001959       0x13 C:\CSR_uEnergy_SDK-2.1.0\tools\lib\CSR100x\libgatt_lib.a(ls_con_db.o)
                0x00001959                ___libgatt_lib_db_45
 .text.___libgatt_lib_db_46
                0x0000196c        0xb C:\CSR_uEnergy_SDK-2.1.0\tools\lib\CSR100x\libgatt_lib.a(ls_con_db.o)
                0x0000196c                ___libgatt_lib_db_46
 .text.___libgatt_lib_db_47
                0x00001977        0xd C:\CSR_uEnergy_SDK-2.1.0\tools\lib\CSR100x\libgatt_lib.a(ls_con_db.o)
                0x00001977                ___libgatt_lib_db_47
 .text.___libgatt_lib_db_41
                0x00001984        0xa C:\CSR_uEnergy_SDK-2.1.0\tools\lib\CSR100x\libgatt_lib.a(ls_con_db.o)
                0x00001984                ___libgatt_lib_db_41
 .text.___libgatt_lib_db_70
                0x0000198e        0x8 C:\CSR_uEnergy_SDK-2.1.0\tools\lib\CSR100x\libgatt_lib.a(ls_con_mgmt.o)
                0x0000198e                ___libgatt_lib_db_70
 .text.___libgatt_lib_db_57
                0x00001996       0x34 C:\CSR_uEnergy_SDK-2.1.0\tools\lib\CSR100x\libgatt_lib.a(ls_con_mgmt.o)
                0x00001996                ___libgatt_lib_db_57
 .text.___libgatt_lib_db_71
                0x000019ca        0xf C:\CSR_uEnergy_SDK-2.1.0\tools\lib\CSR100x\libgatt_lib.a(ls_con_mgmt.o)
                0x000019ca                ___libgatt_lib_db_71
 .text.___libgatt_lib_db_61
                0x000019d9       0x1c C:\CSR_uEnergy_SDK-2.1.0\tools\lib\CSR100x\libgatt_lib.a(ls_con_mgmt.o)
                0x000019d9                ___libgatt_lib_db_61
 .text.___libgatt_lib_db_63
                0x000019f5       0x49 C:\CSR_uEnergy_SDK-2.1.0\tools\lib\CSR100x\libgatt_lib.a(ls_con_mgmt.o)
                0x000019f5                ___libgatt_lib_db_63
 .text.___libgatt_lib_db_62
                0x00001a3e       0x12 C:\CSR_uEnergy_SDK-2.1.0\tools\lib\CSR100x\libgatt_lib.a(ls_con_mgmt.o)
                0x00001a3e                ___libgatt_lib_db_62
 .text.___libgatt_lib_db_124
                0x00001a50       0x27 C:\CSR_uEnergy_SDK-2.1.0\tools\lib\CSR100x\libgatt_lib.a(l2cap_ls_if.o)
                0x00001a50                ___libgatt_lib_db_124
 .text.___libgatt_lib_db_122
                0x00001a77       0x4c C:\CSR_uEnergy_SDK-2.1.0\tools\lib\CSR100x\libgatt_lib.a(l2cap_ls_if.o)
                0x00001a77                ___libgatt_lib_db_122
 .text.___libgatt_lib_db_125
                0x00001ac3       0x31 C:\CSR_uEnergy_SDK-2.1.0\tools\lib\CSR100x\libgatt_lib.a(l2cap_ls_if.o)
                0x00001ac3                ___libgatt_lib_db_125
 .text.___libgatt_lib_db_123
                0x00001af4       0x2c C:\CSR_uEnergy_SDK-2.1.0\tools\lib\CSR100x\libgatt_lib.a(l2cap_ls_if.o)
                0x00001af4                ___libgatt_lib_db_123
 .text.___libgatt_lib_db_132
                0x00001b20       0x17 C:\CSR_uEnergy_SDK-2.1.0\tools\lib\CSR100x\libgatt_lib.a(l2cap_sig_handler.o)
                0x00001b20                ___libgatt_lib_db_132
 .text.send_le_signal_command_reject
                0x00001b37       0x23 C:\CSR_uEnergy_SDK-2.1.0\tools\lib\CSR100x\libgatt_lib.a(l2cap_sig_handler.o)
 .text.___libgatt_lib_db_133
                0x00001b5a       0x80 C:\CSR_uEnergy_SDK-2.1.0\tools\lib\CSR100x\libgatt_lib.a(l2cap_sig_handler.o)
                0x00001b5a                ___libgatt_lib_db_133
 .text.___libgatt_lib_db_316
                0x00001bda       0x19 C:\CSR_uEnergy_SDK-2.1.0\tools\lib\CSR100x\libgatt_lib.a(gatt.o)
                0x00001bda                ___libgatt_lib_db_316
 .text.___libgatt_lib_db_315
                0x00001bf3       0x1b C:\CSR_uEnergy_SDK-2.1.0\tools\lib\CSR100x\libgatt_lib.a(gatt.o)
                0x00001bf3                ___libgatt_lib_db_315
 .text.___libgatt_lib_db_312
                0x00001c0e       0x11 C:\CSR_uEnergy_SDK-2.1.0\tools\lib\CSR100x\libgatt_lib.a(gatt.o)
                0x00001c0e                ___libgatt_lib_db_312
 .text.___libgatt_lib_db_314
                0x00001c1f       0x20 C:\CSR_uEnergy_SDK-2.1.0\tools\lib\CSR100x\libgatt_lib.a(gatt.o)
                0x00001c1f                ___libgatt_lib_db_314
 .text.___libgatt_lib_db_313
                0x00001c3f       0x26 C:\CSR_uEnergy_SDK-2.1.0\tools\lib\CSR100x\libgatt_lib.a(gatt.o)
                0x00001c3f                ___libgatt_lib_db_313
 .text.GattDisconnectReq
                0x00001c65        0x3 C:\CSR_uEnergy_SDK-2.1.0\tools\lib\CSR100x\libgatt_lib.a(gatt.o)
                0x00001c65                GattDisconnectReq
 .text.GattCancelConnectReq
                0x00001c68        0x2 C:\CSR_uEnergy_SDK-2.1.0\tools\lib\CSR100x\libgatt_lib.a(gatt.o)
                0x00001c68                GattCancelConnectReq
 .text.GattConnectReq
                0x00001c6a        0x2 C:\CSR_uEnergy_SDK-2.1.0\tools\lib\CSR100x\libgatt_lib.a(gatt.o)
                0x00001c6a                GattConnectReq
 .text.GattInit
                0x00001c6c       0x18 C:\CSR_uEnergy_SDK-2.1.0\tools\lib\CSR100x\libgatt_lib.a(gatt.o)
                0x00001c6c                GattInit
 .text.GattInstallClientRole
                0x00001c84        0x6 C:\CSR_uEnergy_SDK-2.1.0\tools\lib\CSR100x\libgatt_lib.a(gatt_client.o)
                0x00001c84                GattInstallClientRole
 .text.GattDiscoverAllPrimaryServices
                0x00001c8a       0x1a C:\CSR_uEnergy_SDK-2.1.0\tools\lib\CSR100x\libgatt_lib.a(gatt_client_disc_all_prim_serv.o)
                0x00001c8a                GattDiscoverAllPrimaryServices
 .text.GattDiscoverAllPrimaryServices_handler
                0x00001ca4       0x5a C:\CSR_uEnergy_SDK-2.1.0\tools\lib\CSR100x\libgatt_lib.a(gatt_client_disc_all_prim_serv.o)
 .text.GattDiscoverServiceChar
                0x00001cfe       0x37 C:\CSR_uEnergy_SDK-2.1.0\tools\lib\CSR100x\libgatt_lib.a(gatt_client_disc_char.o)
                0x00001cfe                GattDiscoverServiceChar
 .text.GattDiscoverServiceChar_handler
                0x00001d35       0xc0 C:\CSR_uEnergy_SDK-2.1.0\tools\lib\CSR100x\libgatt_lib.a(gatt_client_disc_char.o)
 .text.GattDiscoverAllCharDescriptors
                0x00001df5       0x1d C:\CSR_uEnergy_SDK-2.1.0\tools\lib\CSR100x\libgatt_lib.a(gatt_client_char_desc_disc.o)
                0x00001df5                GattDiscoverAllCharDescriptors
 .text.GattDiscoverAllCharDescriptors_handler
                0x00001e12       0x96 C:\CSR_uEnergy_SDK-2.1.0\tools\lib\CSR100x\libgatt_lib.a(gatt_client_char_desc_disc.o)
 .text.GattReadCharValue
                0x00001ea8       0x18 C:\CSR_uEnergy_SDK-2.1.0\tools\lib\CSR100x\libgatt_lib.a(gatt_client_read_char.o)
                0x00001ea8                GattReadCharValue
 .text.GattReadCharValue_handler
                0x00001ec0       0x2e C:\CSR_uEnergy_SDK-2.1.0\tools\lib\CSR100x\libgatt_lib.a(gatt_client_read_char.o)
 .text.GattWriteCharValueReq
                0x00001eee       0x38 C:\CSR_uEnergy_SDK-2.1.0\tools\lib\CSR100x\libgatt_lib.a(gatt_client_write_char.o)
                0x00001eee                GattWriteCharValueReq
 .text.GattWriteCharValueReq_handler
                0x00001f26       0x26 C:\CSR_uEnergy_SDK-2.1.0\tools\lib\CSR100x\libgatt_lib.a(gatt_client_write_char.o)
 .text.___libgatt_lib_db_345
                0x00001f4c       0x38 C:\CSR_uEnergy_SDK-2.1.0\tools\lib\CSR100x\libgatt_lib.a(gatt_client_indications.o)
                0x00001f4c                ___libgatt_lib_db_345
 .text.GattAccessRsp
                0x00001f84       0x14 C:\CSR_uEnergy_SDK-2.1.0\tools\lib\CSR100x\libgatt_lib.a(gatt_server.o)
                0x00001f84                GattAccessRsp
 .text.___libgatt_lib_db_347
                0x00001f98       0x3b C:\CSR_uEnergy_SDK-2.1.0\tools\lib\CSR100x\libgatt_lib.a(gatt_server.o)
                0x00001f98                ___libgatt_lib_db_347
 .text.___libgatt_lib_db_348
                0x00001fd3        0xf C:\CSR_uEnergy_SDK-2.1.0\tools\lib\CSR100x\libgatt_lib.a(gatt_server.o)
                0x00001fd3                ___libgatt_lib_db_348
 .text.GattAddDatabaseReq
                0x00001fe2       0x14 C:\CSR_uEnergy_SDK-2.1.0\tools\lib\CSR100x\libgatt_lib.a(gatt_server.o)
                0x00001fe2                GattAddDatabaseReq
 .text.___libgatt_lib_db_362
                0x00001ff6        0xf C:\CSR_uEnergy_SDK-2.1.0\tools\lib\CSR100x\libgatt_lib.a(gatt_common.o)
                0x00001ff6                ___libgatt_lib_db_362
 .text.___libgatt_lib_db_360
                0x00002005       0x16 C:\CSR_uEnergy_SDK-2.1.0\tools\lib\CSR100x\libgatt_lib.a(gatt_common.o)
                0x00002005                ___libgatt_lib_db_360
 .text.___libgatt_lib_db_361
                0x0000201b       0x1c C:\CSR_uEnergy_SDK-2.1.0\tools\lib\CSR100x\libgatt_lib.a(gatt_common.o)
                0x0000201b                ___libgatt_lib_db_361
 .text.___libgatt_lib_db_364
                0x00002037       0x15 C:\CSR_uEnergy_SDK-2.1.0\tools\lib\CSR100x\libgatt_lib.a(gatt_common.o)
                0x00002037                ___libgatt_lib_db_364
 .text.___libgatt_lib_db_371
                0x0000204c       0x21 C:\CSR_uEnergy_SDK-2.1.0\tools\lib\CSR100x\libgatt_lib.a(gatt_common.o)
                0x0000204c                ___libgatt_lib_db_371
 .text.___libgatt_lib_db_363
                0x0000206d       0x1b C:\CSR_uEnergy_SDK-2.1.0\tools\lib\CSR100x\libgatt_lib.a(gatt_common.o)
                0x0000206d                ___libgatt_lib_db_363
 .text.___libgatt_lib_db_372
                0x00002088       0x49 C:\CSR_uEnergy_SDK-2.1.0\tools\lib\CSR100x\libgatt_lib.a(gatt_att_if.o)
                0x00002088                ___libgatt_lib_db_372
 .text.___libgatt_lib_db_3809
                0x000020d1       0x1e C:\CSR_uEnergy_SDK-2.1.0\tools\lib\CSR100x\libgatt_lib.a(memcmp.o)
                0x000020d1                MemCmp
                0x000020d1                ___libgatt_lib_db_3809
 .text.___libgatt_lib_db_3814
                0x000020ef        0xb C:\CSR_uEnergy_SDK-2.1.0\tools\lib\CSR100x\libgatt_lib.a(strlen.o)
                0x000020ef                ___libgatt_lib_db_3814
                0x000020ef                StrLen
 .text.__udivhi3
                0x000020fa        0x1 C:\CSR_uEnergy_SDK-2.1.0\tools\lib\CSR100x\libgatt_lib.a(udiv.o)
                0x000020fa                __udivhi3
 .text.___libgatt_lib_db_3844
                0x000020fb       0x56 C:\CSR_uEnergy_SDK-2.1.0\tools\lib\CSR100x\libgatt_lib.a(udiv3232.o)
                0x000020fb                ___libgatt_lib_db_3844
 .text.___libgatt_lib_db_3866
                0x00002151        0x5 C:\CSR_uEnergy_SDK-2.1.0\tools\lib\CSR100x\libgatt_lib.a(lm_hci_events.o)
                0x00002151                ___libgatt_lib_db_3866
 .text.___libgatt_lib_db_3865
                0x00002156        0x1 C:\CSR_uEnergy_SDK-2.1.0\tools\lib\CSR100x\libgatt_lib.a(lm_hci_events.o)
                0x00002156                ___libgatt_lib_db_3865
 .text.___libgatt_lib_db_3870
                0x00002157       0x30 C:\CSR_uEnergy_SDK-2.1.0\tools\lib\CSR100x\libgatt_lib.a(lm_hci_events.o)
                0x00002157                ___libgatt_lib_db_3870
 .text.lm_create_bulk_event
                0x00002187       0x10 C:\CSR_uEnergy_SDK-2.1.0\tools\lib\CSR100x\libgatt_lib.a(lm_hci_events.o)
 .text.___libgatt_lib_db_3871
                0x00002197        0xb C:\CSR_uEnergy_SDK-2.1.0\tools\lib\CSR100x\libgatt_lib.a(lm_hci_events.o)
                0x00002197                ___libgatt_lib_db_3871
 .text.___libgatt_lib_db_3869
                0x000021a2       0x25 C:\CSR_uEnergy_SDK-2.1.0\tools\lib\CSR100x\libgatt_lib.a(lm_hci_events.o)
                0x000021a2                ___libgatt_lib_db_3869
 .text.___libgatt_lib_db_3880
                0x000021c7       0x5d C:\CSR_uEnergy_SDK-2.1.0\tools\lib\CSR100x\libgatt_lib.a(lm_hci_events.o)
                0x000021c7                ___libgatt_lib_db_3880
 .text.___libgatt_lib_db_3868
                0x00002224       0x32 C:\CSR_uEnergy_SDK-2.1.0\tools\lib\CSR100x\libgatt_lib.a(lm_hci_events.o)
                0x00002224                ___libgatt_lib_db_3868
 .text.___libgatt_lib_db_3867
                0x00002256       0x23 C:\CSR_uEnergy_SDK-2.1.0\tools\lib\CSR100x\libgatt_lib.a(lm_hci_events.o)
                0x00002256                ___libgatt_lib_db_3867
 .text.___libgatt_lib_db_3876
                0x00002279        0xd C:\CSR_uEnergy_SDK-2.1.0\tools\lib\CSR100x\libgatt_lib.a(lm_hci_events.o)
                0x00002279                ___libgatt_lib_db_3876
 .text.___libgatt_lib_db_3879
                0x00002286       0x1d C:\CSR_uEnergy_SDK-2.1.0\tools\lib\CSR100x\libgatt_lib.a(lm_hci_events.o)
                0x00002286                ___libgatt_lib_db_3879
 .text.___libgatt_lib_db_3873
                0x000022a3       0x18 C:\CSR_uEnergy_SDK-2.1.0\tools\lib\CSR100x\libgatt_lib.a(lm_hci_events.o)
                0x000022a3                ___libgatt_lib_db_3873
 .text.___libgatt_lib_db_3875
                0x000022bb       0x10 C:\CSR_uEnergy_SDK-2.1.0\tools\lib\CSR100x\libgatt_lib.a(lm_hci_events.o)
                0x000022bb                ___libgatt_lib_db_3875
 .text.___libgatt_lib_db_3874
                0x000022cb       0x12 C:\CSR_uEnergy_SDK-2.1.0\tools\lib\CSR100x\libgatt_lib.a(lm_hci_events.o)
                0x000022cb                ___libgatt_lib_db_3874
 .text.___libgatt_lib_db_3884
                0x000022dd       0x17 C:\CSR_uEnergy_SDK-2.1.0\tools\lib\CSR100x\libgatt_lib.a(lm_hci_events.o)
                0x000022dd                ___libgatt_lib_db_3884
 .text.___libgatt_lib_db_3883
                0x000022f4       0x18 C:\CSR_uEnergy_SDK-2.1.0\tools\lib\CSR100x\libgatt_lib.a(lm_hci_events.o)
                0x000022f4                ___libgatt_lib_db_3883
 .text.___libgatt_lib_db_3882
                0x0000230c       0x17 C:\CSR_uEnergy_SDK-2.1.0\tools\lib\CSR100x\libgatt_lib.a(lm_hci_events.o)
                0x0000230c                ___libgatt_lib_db_3882
 .text.___libgatt_lib_db_3881
                0x00002323       0x29 C:\CSR_uEnergy_SDK-2.1.0\tools\lib\CSR100x\libgatt_lib.a(lm_hci_events.o)
                0x00002323                ___libgatt_lib_db_3881
 .text.___libgatt_lib_db_3878
                0x0000234c       0x3b C:\CSR_uEnergy_SDK-2.1.0\tools\lib\CSR100x\libgatt_lib.a(lm_hci_events.o)
                0x0000234c                ___libgatt_lib_db_3878
 .text.Random16
                0x00002387       0x1b C:\CSR_uEnergy_SDK-2.1.0\tools\lib\CSR100x\libgatt_lib.a(random.o)
                0x00002387                Random16
 .text.le_assign_handle
                0x000023a2       0x15 C:\CSR_uEnergy_SDK-2.1.0\tools\lib\CSR100x\libgatt_lib.a(george.o)
 .text.le_convert_george_to_handle
                0x000023b7        0x6 C:\CSR_uEnergy_SDK-2.1.0\tools\lib\CSR100x\libgatt_lib.a(george.o)
 .text.___libgatt_lib_db_3915
                0x000023bd        0xe C:\CSR_uEnergy_SDK-2.1.0\tools\lib\CSR100x\libgatt_lib.a(george.o)
                0x000023bd                ___libgatt_lib_db_3915
 .text.___libgatt_lib_db_3922
                0x000023cb        0xf C:\CSR_uEnergy_SDK-2.1.0\tools\lib\CSR100x\libgatt_lib.a(george.o)
                0x000023cb                ___libgatt_lib_db_3922
 .text.___libgatt_lib_db_3929
                0x000023da        0xe C:\CSR_uEnergy_SDK-2.1.0\tools\lib\CSR100x\libgatt_lib.a(george.o)
                0x000023da                ___libgatt_lib_db_3929
 .text.___libgatt_lib_db_3937
                0x000023e8       0x19 C:\CSR_uEnergy_SDK-2.1.0\tools\lib\CSR100x\libgatt_lib.a(george.o)
                0x000023e8                ___libgatt_lib_db_3937
 .text.___libgatt_lib_db_3913
                0x00002401        0x5 C:\CSR_uEnergy_SDK-2.1.0\tools\lib\CSR100x\libgatt_lib.a(george.o)
                0x00002401                ___libgatt_lib_db_3913
 .text.___libgatt_lib_db_3930
                0x00002406       0x16 C:\CSR_uEnergy_SDK-2.1.0\tools\lib\CSR100x\libgatt_lib.a(george.o)
                0x00002406                ___libgatt_lib_db_3930
 .text.___libgatt_lib_db_3938
                0x0000241c       0x14 C:\CSR_uEnergy_SDK-2.1.0\tools\lib\CSR100x\libgatt_lib.a(george.o)
                0x0000241c                ___libgatt_lib_db_3938
 .text.___libgatt_lib_db_3925
                0x00002430       0x1d C:\CSR_uEnergy_SDK-2.1.0\tools\lib\CSR100x\libgatt_lib.a(george.o)
                0x00002430                ___libgatt_lib_db_3925
 .text.___libgatt_lib_db_3923
                0x0000244d        0x2 C:\CSR_uEnergy_SDK-2.1.0\tools\lib\CSR100x\libgatt_lib.a(george.o)
                0x0000244d                ___libgatt_lib_db_3923
 .text.get_update_instant
                0x0000244f       0x12 C:\CSR_uEnergy_SDK-2.1.0\tools\lib\CSR100x\libgatt_lib.a(george.o)
 .text.cancel_local_prt
                0x00002461        0xe C:\CSR_uEnergy_SDK-2.1.0\tools\lib\CSR100x\libgatt_lib.a(george.o)
 .text.le_radio_event_ind
                0x0000246f       0x5c C:\CSR_uEnergy_SDK-2.1.0\tools\lib\CSR100x\libgatt_lib.a(george.o)
 .text.initiate_connection_update
                0x000024cb       0x90 C:\CSR_uEnergy_SDK-2.1.0\tools\lib\CSR100x\libgatt_lib.a(george.o)
 .text.___libgatt_lib_db_3914
                0x0000255b       0x37 C:\CSR_uEnergy_SDK-2.1.0\tools\lib\CSR100x\libgatt_lib.a(george.o)
                0x0000255b                ___libgatt_lib_db_3914
 .text.reject_encryption_pdu
                0x00002592        0xc C:\CSR_uEnergy_SDK-2.1.0\tools\lib\CSR100x\libgatt_lib.a(george.o)
 .text.initiate_channel_map_update
                0x0000259e       0x47 C:\CSR_uEnergy_SDK-2.1.0\tools\lib\CSR100x\libgatt_lib.a(george.o)
 .text.le_send_feature_info
                0x000025e5       0x10 C:\CSR_uEnergy_SDK-2.1.0\tools\lib\CSR100x\libgatt_lib.a(george.o)
 .text.restart_local_prt
                0x000025f5        0xf C:\CSR_uEnergy_SDK-2.1.0\tools\lib\CSR100x\libgatt_lib.a(george.o)
 .text.___libgatt_lib_db_3911
                0x00002604       0x44 C:\CSR_uEnergy_SDK-2.1.0\tools\lib\CSR100x\libgatt_lib.a(george.o)
                0x00002604                ___libgatt_lib_db_3911
 .text.___libgatt_lib_db_3920
                0x00002648       0x31 C:\CSR_uEnergy_SDK-2.1.0\tools\lib\CSR100x\libgatt_lib.a(george.o)
                0x00002648                ___libgatt_lib_db_3920
 .text.___libgatt_lib_db_3918
                0x00002679        0x9 C:\CSR_uEnergy_SDK-2.1.0\tools\lib\CSR100x\libgatt_lib.a(george.o)
                0x00002679                ___libgatt_lib_db_3918
 .text.send_version_info_to_host
                0x00002682       0x10 C:\CSR_uEnergy_SDK-2.1.0\tools\lib\CSR100x\libgatt_lib.a(george.o)
 .text.le_send_version_info
                0x00002692       0x13 C:\CSR_uEnergy_SDK-2.1.0\tools\lib\CSR100x\libgatt_lib.a(george.o)
 .text.le_start_queued_procedure_or_cancel
                0x000026a5       0x2e C:\CSR_uEnergy_SDK-2.1.0\tools\lib\CSR100x\libgatt_lib.a(george.o)
 .text.le_reset_george
                0x000026d3       0xf9 C:\CSR_uEnergy_SDK-2.1.0\tools\lib\CSR100x\libgatt_lib.a(george.o)
 .text.local_prt_timeout
                0x000027cc       0x47 C:\CSR_uEnergy_SDK-2.1.0\tools\lib\CSR100x\libgatt_lib.a(george.o)
 .text.le_connection_timeout
                0x00002813       0x38 C:\CSR_uEnergy_SDK-2.1.0\tools\lib\CSR100x\libgatt_lib.a(george.o)
 .text.le_rx_control_packet
                0x0000284b      0x32d C:\CSR_uEnergy_SDK-2.1.0\tools\lib\CSR100x\libgatt_lib.a(george.o)
 .text.le_rx_event_handler
                0x00002b78      0x14e C:\CSR_uEnergy_SDK-2.1.0\tools\lib\CSR100x\libgatt_lib.a(george.o)
 .text.le_connection_complete
                0x00002cc6       0x76 C:\CSR_uEnergy_SDK-2.1.0\tools\lib\CSR100x\libgatt_lib.a(george.o)
 .text.___libgatt_lib_db_3932
                0x00002d3c       0x1f C:\CSR_uEnergy_SDK-2.1.0\tools\lib\CSR100x\libgatt_lib.a(george.o)
                0x00002d3c                ___libgatt_lib_db_3932
 .text.le_handle_event
                0x00002d5b      0x116 C:\CSR_uEnergy_SDK-2.1.0\tools\lib\CSR100x\libgatt_lib.a(george.o)
 .text.___libgatt_lib_db_3910
                0x00002e71        0x7 C:\CSR_uEnergy_SDK-2.1.0\tools\lib\CSR100x\libgatt_lib.a(george.o)
                0x00002e71                ___libgatt_lib_db_3910
 .text.___libgatt_lib_db_3909
                0x00002e78        0x7 C:\CSR_uEnergy_SDK-2.1.0\tools\lib\CSR100x\libgatt_lib.a(george.o)
                0x00002e78                ___libgatt_lib_db_3909
 .text.___libgatt_lib_db_3912
                0x00002e7f       0x21 C:\CSR_uEnergy_SDK-2.1.0\tools\lib\CSR100x\libgatt_lib.a(george.o)
                0x00002e7f                ___libgatt_lib_db_3912
 .text.___libgatt_lib_db_3917
                0x00002ea0       0x2d C:\CSR_uEnergy_SDK-2.1.0\tools\lib\CSR100x\libgatt_lib.a(george.o)
                0x00002ea0                ___libgatt_lib_db_3917
 .text.___libgatt_lib_db_3933
                0x00002ecd        0xb C:\CSR_uEnergy_SDK-2.1.0\tools\lib\CSR100x\libgatt_lib.a(george.o)
                0x00002ecd                ___libgatt_lib_db_3933
 .text.___libgatt_lib_db_3936
                0x00002ed8       0x38 C:\CSR_uEnergy_SDK-2.1.0\tools\lib\CSR100x\libgatt_lib.a(george.o)
                0x00002ed8                ___libgatt_lib_db_3936
 .text.___libgatt_lib_db_3916
                0x00002f10      0x1ae C:\CSR_uEnergy_SDK-2.1.0\tools\lib\CSR100x\libgatt_lib.a(george.o)
                0x00002f10                ___libgatt_lib_db_3916
 .text.___libgatt_lib_db_3935
                0x000030be       0x11 C:\CSR_uEnergy_SDK-2.1.0\tools\lib\CSR100x\libgatt_lib.a(george.o)
                0x000030be                ___libgatt_lib_db_3935
 .text.___libgatt_lib_db_3928
                0x000030cf       0x4a C:\CSR_uEnergy_SDK-2.1.0\tools\lib\CSR100x\libgatt_lib.a(george.o)
                0x000030cf                ___libgatt_lib_db_3928
 .text.___libgatt_lib_db_3970
                0x00003119       0x1e C:\CSR_uEnergy_SDK-2.1.0\tools\lib\CSR100x\libgatt_lib.a(george_ll.o)
                0x00003119                ___libgatt_lib_db_3970
 .text.le_send_ll_connection_update_req
                0x00003137       0x1e C:\CSR_uEnergy_SDK-2.1.0\tools\lib\CSR100x\libgatt_lib.a(george_ll.o)
 .text.le_send_ll_channel_map_req
                0x00003155       0x1b C:\CSR_uEnergy_SDK-2.1.0\tools\lib\CSR100x\libgatt_lib.a(george_ll.o)
 .text.le_send_ll_terminate_ind
                0x00003170        0x9 C:\CSR_uEnergy_SDK-2.1.0\tools\lib\CSR100x\libgatt_lib.a(george_ll.o)
 .text.le_send_ll_unknown_rsp
                0x00003179        0x9 C:\CSR_uEnergy_SDK-2.1.0\tools\lib\CSR100x\libgatt_lib.a(george_ll.o)
 .text.le_send_ll_feature_req
                0x00003182       0x20 C:\CSR_uEnergy_SDK-2.1.0\tools\lib\CSR100x\libgatt_lib.a(george_ll.o)
 .text.le_send_ll_feature_rsp
                0x000031a2       0x20 C:\CSR_uEnergy_SDK-2.1.0\tools\lib\CSR100x\libgatt_lib.a(george_ll.o)
 .text.le_send_ll_version_ind
                0x000031c2       0x12 C:\CSR_uEnergy_SDK-2.1.0\tools\lib\CSR100x\libgatt_lib.a(george_ll.o)
 .text.le_send_ll_reject_ind
                0x000031d4        0x9 C:\CSR_uEnergy_SDK-2.1.0\tools\lib\CSR100x\libgatt_lib.a(george_ll.o)
 .text.___libgatt_lib_db_3969
                0x000031dd       0x3c C:\CSR_uEnergy_SDK-2.1.0\tools\lib\CSR100x\libgatt_lib.a(george_ll.o)
                0x000031dd                ___libgatt_lib_db_3969
 .text.le_process_queue
                0x00003219       0xed C:\CSR_uEnergy_SDK-2.1.0\tools\lib\CSR100x\libgatt_lib.a(george_ll.o)
 .text.___libgatt_lib_db_3971
                0x00003306       0x38 C:\CSR_uEnergy_SDK-2.1.0\tools\lib\CSR100x\libgatt_lib.a(george_ll.o)
                0x00003306                ___libgatt_lib_db_3971
 .text.___libgatt_lib_db_3973
                0x0000333e       0x58 C:\CSR_uEnergy_SDK-2.1.0\tools\lib\CSR100x\libgatt_lib.a(george_ll.o)
                0x0000333e                ___libgatt_lib_db_3973
 .text.le_send_ll_enc_rsp
                0x00003396       0x19 C:\CSR_uEnergy_SDK-2.1.0\tools\lib\CSR100x\libgatt_lib.a(george_ll.o)
 .text.le_send_ll_enc_req
                0x000033af       0x2e C:\CSR_uEnergy_SDK-2.1.0\tools\lib\CSR100x\libgatt_lib.a(george_ll.o)
 .text.___libgatt_lib_db_3972
                0x000033dd       0x34 C:\CSR_uEnergy_SDK-2.1.0\tools\lib\CSR100x\libgatt_lib.a(george_ll.o)
                0x000033dd                ___libgatt_lib_db_3972
 .text.find_compatible_interval
                0x00003411       0x68 C:\CSR_uEnergy_SDK-2.1.0\tools\lib\CSR100x\libgatt_lib.a(george_intervals.o)
 .text.find_compatible_anchor
                0x00003479       0x6c C:\CSR_uEnergy_SDK-2.1.0\tools\lib\CSR100x\libgatt_lib.a(george_intervals.o)
 .text.___libgatt_lib_db_3979
                0x000034e5       0x80 C:\CSR_uEnergy_SDK-2.1.0\tools\lib\CSR100x\libgatt_lib.a(george_intervals.o)
                0x000034e5                ___libgatt_lib_db_3979
 .text.___libgatt_lib_db_3992
                0x00003565        0x3 C:\CSR_uEnergy_SDK-2.1.0\tools\lib\CSR100x\libgatt_lib.a(george_adv.o)
                0x00003565                ___libgatt_lib_db_3992
 .text.___libgatt_lib_db_3991
                0x00003568       0xc1 C:\CSR_uEnergy_SDK-2.1.0\tools\lib\CSR100x\libgatt_lib.a(george_adv.o)
                0x00003568                ___libgatt_lib_db_3991
 .text.ls_directed_advert_timeout
                0x00003629       0x25 C:\CSR_uEnergy_SDK-2.1.0\tools\lib\CSR100x\libgatt_lib.a(george_adv.o)
 .text.___libgatt_lib_db_3989
                0x0000364e       0x8b C:\CSR_uEnergy_SDK-2.1.0\tools\lib\CSR100x\libgatt_lib.a(george_adv.o)
                0x0000364e                ___libgatt_lib_db_3989
 .text.___libgatt_lib_db_3990
                0x000036d9       0x87 C:\CSR_uEnergy_SDK-2.1.0\tools\lib\CSR100x\libgatt_lib.a(george_adv.o)
                0x000036d9                ___libgatt_lib_db_3990
 .text.___libgatt_lib_db_4003
                0x00003760        0x4 C:\CSR_uEnergy_SDK-2.1.0\tools\lib\CSR100x\libgatt_lib.a(encryption.o)
                0x00003760                ___libgatt_lib_db_4003
 .text.___libgatt_lib_db_4005
                0x00003764       0x33 C:\CSR_uEnergy_SDK-2.1.0\tools\lib\CSR100x\libgatt_lib.a(encryption.o)
                0x00003764                ___libgatt_lib_db_4005
 .text.___libgatt_lib_db_4007
                0x00003797       0x56 C:\CSR_uEnergy_SDK-2.1.0\tools\lib\CSR100x\libgatt_lib.a(encryption.o)
                0x00003797                ___libgatt_lib_db_4007
 .text.___libgatt_lib_db_4008
                0x000037ed       0x78 C:\CSR_uEnergy_SDK-2.1.0\tools\lib\CSR100x\libgatt_lib.a(encryption.o)
                0x000037ed                ___libgatt_lib_db_4008
 .text.___libgatt_lib_db_4006
                0x00003865       0x4d C:\CSR_uEnergy_SDK-2.1.0\tools\lib\CSR100x\libgatt_lib.a(encryption.o)
                0x00003865                ___libgatt_lib_db_4006
 .text.whitelist_update_permitted
                0x000038b2       0x2b C:\CSR_uEnergy_SDK-2.1.0\tools\lib\CSR100x\libgatt_lib.a(whitelist.o)
 .text.whitelist_clear
                0x000038dd        0xc C:\CSR_uEnergy_SDK-2.1.0\tools\lib\CSR100x\libgatt_lib.a(whitelist.o)
 .text.___libgatt_lib_db_4016
                0x000038e9        0x9 C:\CSR_uEnergy_SDK-2.1.0\tools\lib\CSR100x\libgatt_lib.a(whitelist.o)
                0x000038e9                ___libgatt_lib_db_4016
 .text.___libgatt_lib_db_4017
                0x000038f2        0xc C:\CSR_uEnergy_SDK-2.1.0\tools\lib\CSR100x\libgatt_lib.a(whitelist.o)
                0x000038f2                ___libgatt_lib_db_4017
 .text.whitelist_search
                0x000038fe       0x1f C:\CSR_uEnergy_SDK-2.1.0\tools\lib\CSR100x\libgatt_lib.a(whitelist.o)
 .text.___libgatt_lib_db_4015
                0x0000391d       0x2d C:\CSR_uEnergy_SDK-2.1.0\tools\lib\CSR100x\libgatt_lib.a(whitelist.o)
                0x0000391d                ___libgatt_lib_db_4015
 .text.___libgatt_lib_db_4025
                0x0000394a        0x8 C:\CSR_uEnergy_SDK-2.1.0\tools\lib\CSR100x\libgatt_lib.a(dbase.o)
                0x0000394a                ___libgatt_lib_db_4025
 .text.___libgatt_lib_db_4030
                0x00003952        0x6 C:\CSR_uEnergy_SDK-2.1.0\tools\lib\CSR100x\libgatt_lib.a(dbase.o)
                0x00003952                ___libgatt_lib_db_4030
 .text.___libgatt_lib_db_4033
                0x00003958       0x1c C:\CSR_uEnergy_SDK-2.1.0\tools\lib\CSR100x\libgatt_lib.a(dbase.o)
                0x00003958                ___libgatt_lib_db_4033
 .text.___libgatt_lib_db_4028
                0x00003974       0x16 C:\CSR_uEnergy_SDK-2.1.0\tools\lib\CSR100x\libgatt_lib.a(dbase.o)
                0x00003974                ___libgatt_lib_db_4028
 .text.___libgatt_lib_db_4034
                0x0000398a       0x1f C:\CSR_uEnergy_SDK-2.1.0\tools\lib\CSR100x\libgatt_lib.a(dbase.o)
                0x0000398a                ___libgatt_lib_db_4034
 .text.___libgatt_lib_db_4029
                0x000039a9       0x1a C:\CSR_uEnergy_SDK-2.1.0\tools\lib\CSR100x\libgatt_lib.a(dbase.o)
                0x000039a9                ___libgatt_lib_db_4029
 .text.___libgatt_lib_db_4032
                0x000039c3       0x1d C:\CSR_uEnergy_SDK-2.1.0\tools\lib\CSR100x\libgatt_lib.a(dbase.o)
                0x000039c3                ___libgatt_lib_db_4032
 .text.___libgatt_lib_db_4031
                0x000039e0       0x15 C:\CSR_uEnergy_SDK-2.1.0\tools\lib\CSR100x\libgatt_lib.a(dbase.o)
                0x000039e0                ___libgatt_lib_db_4031
 .text.___libgatt_lib_db_4026
                0x000039f5        0xf C:\CSR_uEnergy_SDK-2.1.0\tools\lib\CSR100x\libgatt_lib.a(dbase.o)
                0x000039f5                ___libgatt_lib_db_4026
 .text.___libgatt_lib_db_4045
                0x00003a04       0x30 C:\CSR_uEnergy_SDK-2.1.0\tools\lib\CSR100x\libgatt_lib.a(access_address.o)
                0x00003a04                ___libgatt_lib_db_4045
 .text.___libgatt_lib_db_4046
                0x00003a34       0x66 C:\CSR_uEnergy_SDK-2.1.0\tools\lib\CSR100x\libgatt_lib.a(access_address.o)
                0x00003a34                ___libgatt_lib_db_4046
 .text.btle_get_register
                0x00003a9a        0xa C:\CSR_uEnergy_SDK-2.1.0\tools\lib\CSR100x\libgatt_lib.a(halbtle.o)
 .text.___libgatt_lib_db_4053
                0x00003aa4        0x7 C:\CSR_uEnergy_SDK-2.1.0\tools\lib\CSR100x\libgatt_lib.a(halbtle.o)
                0x00003aa4                ___libgatt_lib_db_4053
 .text.___libgatt_lib_db_4058
                0x00003aab        0x9 C:\CSR_uEnergy_SDK-2.1.0\tools\lib\CSR100x\libgatt_lib.a(halbtle.o)
                0x00003aab                ___libgatt_lib_db_4058
 .text.___libgatt_lib_db_4052
                0x00003ab4        0x7 C:\CSR_uEnergy_SDK-2.1.0\tools\lib\CSR100x\libgatt_lib.a(halbtle.o)
                0x00003ab4                ___libgatt_lib_db_4052
 .text.___libgatt_lib_db_4056
                0x00003abb        0x7 C:\CSR_uEnergy_SDK-2.1.0\tools\lib\CSR100x\libgatt_lib.a(halbtle.o)
                0x00003abb                ___libgatt_lib_db_4056
 .text.___libgatt_lib_db_4055
                0x00003ac2        0x7 C:\CSR_uEnergy_SDK-2.1.0\tools\lib\CSR100x\libgatt_lib.a(halbtle.o)
                0x00003ac2                ___libgatt_lib_db_4055
 .text.___libgatt_lib_db_4059
                0x00003ac9        0x9 C:\CSR_uEnergy_SDK-2.1.0\tools\lib\CSR100x\libgatt_lib.a(halbtle.o)
                0x00003ac9                ___libgatt_lib_db_4059
 .text.___libgatt_lib_db_4051
                0x00003ad2        0xc C:\CSR_uEnergy_SDK-2.1.0\tools\lib\CSR100x\libgatt_lib.a(halbtle.o)
                0x00003ad2                ___libgatt_lib_db_4051
 .text.get_btle_txrx_buffer_ptr
                0x00003ade       0x10 C:\CSR_uEnergy_SDK-2.1.0\tools\lib\CSR100x\libgatt_lib.a(halbtle.o)
 .text.___libgatt_lib_db_4054
                0x00003aee        0x8 C:\CSR_uEnergy_SDK-2.1.0\tools\lib\CSR100x\libgatt_lib.a(halbtle.o)
                0x00003aee                ___libgatt_lib_db_4054
 .text.___libgatt_lib_db_4057
                0x00003af6        0x8 C:\CSR_uEnergy_SDK-2.1.0\tools\lib\CSR100x\libgatt_lib.a(halbtle.o)
                0x00003af6                ___libgatt_lib_db_4057
 .text.___libgatt_lib_db_4077
                0x00003afe       0x90 C:\CSR_uEnergy_SDK-2.1.0\tools\lib\CSR100x\libgatt_lib.a(halradio.o)
                0x00003afe                ___libgatt_lib_db_4077
 .text.___libgatt_lib_db_4085
                0x00003b8e       0x27 C:\CSR_uEnergy_SDK-2.1.0\tools\lib\CSR100x\libgatt_lib.a(halradiotrim.o)
                0x00003b8e                ___libgatt_lib_db_4085
 .text.___libgatt_lib_db_4083
                0x00003bb5        0x3 C:\CSR_uEnergy_SDK-2.1.0\tools\lib\CSR100x\libgatt_lib.a(halradiotrim.o)
                0x00003bb5                ___libgatt_lib_db_4083
 .text.calc_and_set_synth_in_half_mhz
                0x00003bb8       0x40 C:\CSR_uEnergy_SDK-2.1.0\tools\lib\CSR100x\libgatt_lib.a(halradiotrim.o)
 .text.stop_rx_adc_dc_offset_push
                0x00003bf8        0xa C:\CSR_uEnergy_SDK-2.1.0\tools\lib\CSR100x\libgatt_lib.a(halradiotrim.o)
 .text.get_reg_btle_rc_lo_trim_offset_status_as_int16
                0x00003c02        0xd C:\CSR_uEnergy_SDK-2.1.0\tools\lib\CSR100x\libgatt_lib.a(halradiotrim.o)
 .text.___libgatt_lib_db_4087
                0x00003c0f       0x28 C:\CSR_uEnergy_SDK-2.1.0\tools\lib\CSR100x\libgatt_lib.a(halradiotrim.o)
                0x00003c0f                ___libgatt_lib_db_4087
 .text.___libgatt_lib_db_4088
                0x00003c37       0x1d C:\CSR_uEnergy_SDK-2.1.0\tools\lib\CSR100x\libgatt_lib.a(halradiotrim.o)
                0x00003c37                ___libgatt_lib_db_4088
 .text.clear_and_init_bt_dcrs_agc_pwr_meas
                0x00003c54        0xb C:\CSR_uEnergy_SDK-2.1.0\tools\lib\CSR100x\libgatt_lib.a(halradiotrim.o)
 .text.setup_ana_lo_lvl
                0x00003c5f       0xcd C:\CSR_uEnergy_SDK-2.1.0\tools\lib\CSR100x\libgatt_lib.a(halradiotrim.o)
 .text.optimise_lo_trim_offset
                0x00003d2c       0x4d C:\CSR_uEnergy_SDK-2.1.0\tools\lib\CSR100x\libgatt_lib.a(halradiotrim.o)
 .text.start_rx_adc_dc_offset_push
                0x00003d79       0x29 C:\CSR_uEnergy_SDK-2.1.0\tools\lib\CSR100x\libgatt_lib.a(halradiotrim.o)
 .text.___libgatt_lib_db_4084
                0x00003da2      0x5c6 C:\CSR_uEnergy_SDK-2.1.0\tools\lib\CSR100x\libgatt_lib.a(halradiotrim.o)
                0x00003da2                ___libgatt_lib_db_4084
 .text.___libgatt_lib_db_4082
                0x00004368       0x22 C:\CSR_uEnergy_SDK-2.1.0\tools\lib\CSR100x\libgatt_lib.a(halradiotrim.o)
                0x00004368                ___libgatt_lib_db_4082
 .text.___libgatt_lib_db_4098
                0x0000438a       0x30 C:\CSR_uEnergy_SDK-2.1.0\tools\lib\CSR100x\libgatt_lib.a(hal_freq_counter.o)
                0x0000438a                ___libgatt_lib_db_4098
 .text.___libgatt_lib_db_4097
                0x000043ba       0x24 C:\CSR_uEnergy_SDK-2.1.0\tools\lib\CSR100x\libgatt_lib.a(hal_freq_counter.o)
                0x000043ba                ___libgatt_lib_db_4097
 .text.___libgatt_lib_db_4096
                0x000043de        0xc C:\CSR_uEnergy_SDK-2.1.0\tools\lib\CSR100x\libgatt_lib.a(hal_freq_counter.o)
                0x000043de                ___libgatt_lib_db_4096
 .text.___libgatt_lib_db_4103
                0x000043ea        0xc C:\CSR_uEnergy_SDK-2.1.0\tools\lib\CSR100x\libgatt_lib.a(hal_debugbus.o)
                0x000043ea                ___libgatt_lib_db_4103
 .text.___libgatt_lib_db_4102
                0x000043f6        0xc C:\CSR_uEnergy_SDK-2.1.0\tools\lib\CSR100x\libgatt_lib.a(hal_debugbus.o)
                0x000043f6                ___libgatt_lib_db_4102
 .text.init_queue
                0x00004402        0xc C:\CSR_uEnergy_SDK-2.1.0\tools\lib\CSR100x\libgatt_lib.a(timer.o)
 .text.get_timer_queue_from_qid
                0x0000440e       0x15 C:\CSR_uEnergy_SDK-2.1.0\tools\lib\CSR100x\libgatt_lib.a(timer.o)
 .text.___libgatt_lib_db_4117
                0x00004423        0x6 C:\CSR_uEnergy_SDK-2.1.0\tools\lib\CSR100x\libgatt_lib.a(timer.o)
                0x00004423                ___libgatt_lib_db_4117
 .text.___libgatt_lib_db_4129
                0x00004429        0xe C:\CSR_uEnergy_SDK-2.1.0\tools\lib\CSR100x\libgatt_lib.a(timer.o)
                0x00004429                ___libgatt_lib_db_4129
 .text.TimerInit
                0x00004437        0xf C:\CSR_uEnergy_SDK-2.1.0\tools\lib\CSR100x\libgatt_lib.a(timer.o)
                0x00004437                TimerInit
 .text.timer_program_hardware
                0x00004446       0x2e C:\CSR_uEnergy_SDK-2.1.0\tools\lib\CSR100x\libgatt_lib.a(timer.o)
 .text.timer_delete_from_queue
                0x00004474       0x29 C:\CSR_uEnergy_SDK-2.1.0\tools\lib\CSR100x\libgatt_lib.a(timer.o)
 .text.___libgatt_lib_db_4128
                0x0000449d       0x26 C:\CSR_uEnergy_SDK-2.1.0\tools\lib\CSR100x\libgatt_lib.a(timer.o)
                0x0000449d                ___libgatt_lib_db_4128
 .text.TimerDelete
                0x000044c3        0x4 C:\CSR_uEnergy_SDK-2.1.0\tools\lib\CSR100x\libgatt_lib.a(timer.o)
                0x000044c3                TimerDelete
 .text.timer_trigger
                0x000044c7       0x11 C:\CSR_uEnergy_SDK-2.1.0\tools\lib\CSR100x\libgatt_lib.a(timer.o)
 .text.timer3_event
                0x000044d8        0x2 C:\CSR_uEnergy_SDK-2.1.0\tools\lib\CSR100x\libgatt_lib.a(timer.o)
 .text.timer2_event
                0x000044da        0x2 C:\CSR_uEnergy_SDK-2.1.0\tools\lib\CSR100x\libgatt_lib.a(timer.o)
 .text.timer1_event
                0x000044dc        0x2 C:\CSR_uEnergy_SDK-2.1.0\tools\lib\CSR100x\libgatt_lib.a(timer.o)
 .text.timer_create_on_queue
                0x000044de       0x89 C:\CSR_uEnergy_SDK-2.1.0\tools\lib\CSR100x\libgatt_lib.a(timer.o)
 .text.___libgatt_lib_db_4126
                0x00004567       0x10 C:\CSR_uEnergy_SDK-2.1.0\tools\lib\CSR100x\libgatt_lib.a(timer.o)
                0x00004567                ___libgatt_lib_db_4126
 .text.___libgatt_lib_db_4127
                0x00004577        0xa C:\CSR_uEnergy_SDK-2.1.0\tools\lib\CSR100x\libgatt_lib.a(timer.o)
                0x00004577                ___libgatt_lib_db_4127
 .text.TimerCreate
                0x00004581        0xf C:\CSR_uEnergy_SDK-2.1.0\tools\lib\CSR100x\libgatt_lib.a(timer.o)
                0x00004581                TimerCreate
 .text.___libgatt_lib_db_4131
                0x00004590       0x11 C:\CSR_uEnergy_SDK-2.1.0\tools\lib\CSR100x\libgatt_lib.a(sleep.o)
                0x00004590                ___libgatt_lib_db_4131
 .text.SleepWakeOnUartRX
                0x000045a1        0xf C:\CSR_uEnergy_SDK-2.1.0\tools\lib\CSR100x\libgatt_lib.a(sleep.o)
                0x000045a1                SleepWakeOnUartRX
 .text.___libgatt_lib_db_4141
                0x000045b0       0x10 C:\CSR_uEnergy_SDK-2.1.0\tools\lib\CSR100x\libgatt_lib.a(sleep.o)
                0x000045b0                ___libgatt_lib_db_4141
 .text.SleepWakePinEnable
                0x000045c0       0x22 C:\CSR_uEnergy_SDK-2.1.0\tools\lib\CSR100x\libgatt_lib.a(sleep.o)
                0x000045c0                SleepWakePinEnable
 .text.sleep    0x000045e2      0x1c1 C:\CSR_uEnergy_SDK-2.1.0\tools\lib\CSR100x\libgatt_lib.a(sleep.o)
                0x000045e2                sleep
 .text.___libgatt_lib_db_4130
                0x000047a3       0x4c C:\CSR_uEnergy_SDK-2.1.0\tools\lib\CSR100x\libgatt_lib.a(sleep.o)
                0x000047a3                ___libgatt_lib_db_4130
 .text.___libgatt_lib_db_4146
                0x000047ef       0x13 C:\CSR_uEnergy_SDK-2.1.0\tools\lib\CSR100x\libgatt_lib.a(swirq.o)
                0x000047ef                ___libgatt_lib_db_4146
 .text.___libgatt_lib_db_4149
                0x00004802       0x2f C:\CSR_uEnergy_SDK-2.1.0\tools\lib\CSR100x\libgatt_lib.a(swirq.o)
                0x00004802                ___libgatt_lib_db_4149
 .text.___libgatt_lib_db_4147
                0x00004831        0xb C:\CSR_uEnergy_SDK-2.1.0\tools\lib\CSR100x\libgatt_lib.a(swirq.o)
                0x00004831                ___libgatt_lib_db_4147
 .text.CSReadBdaddr
                0x0000483c       0x1b C:\CSR_uEnergy_SDK-2.1.0\tools\lib\CSR100x\libgatt_lib.a(config_store.o)
                0x0000483c                CSReadBdaddr
 .text.CSReadUserKey
                0x00004857        0xb C:\CSR_uEnergy_SDK-2.1.0\tools\lib\CSR100x\libgatt_lib.a(config_store.o)
                0x00004857                CSReadUserKey
 .text.___libgatt_lib_db_4157
                0x00004862        0x9 C:\CSR_uEnergy_SDK-2.1.0\tools\lib\CSR100x\libgatt_lib.a(interrupts.o)
                0x00004862                ___libgatt_lib_db_4157
 .text.___libgatt_lib_db_4164
                0x0000486b        0xe C:\CSR_uEnergy_SDK-2.1.0\tools\lib\CSR100x\libgatt_lib.a(interrupts.o)
                0x0000486b                ___libgatt_lib_db_4164
 .text.___libgatt_lib_db_4158
                0x00004879       0x2a C:\CSR_uEnergy_SDK-2.1.0\tools\lib\CSR100x\libgatt_lib.a(interrupts.o)
                0x00004879                ___libgatt_lib_db_4158
 .text.___libgatt_lib_db_4165
                0x000048a3       0x26 C:\CSR_uEnergy_SDK-2.1.0\tools\lib\CSR100x\libgatt_lib.a(pools.o)
                0x000048a3                ___libgatt_lib_db_4165
 .text.___libgatt_lib_db_4167
                0x000048c9       0x31 C:\CSR_uEnergy_SDK-2.1.0\tools\lib\CSR100x\libgatt_lib.a(pools.o)
                0x000048c9                ___libgatt_lib_db_4167
 .text.___libgatt_lib_db_4166
                0x000048fa       0x2f C:\CSR_uEnergy_SDK-2.1.0\tools\lib\CSR100x\libgatt_lib.a(pools.o)
                0x000048fa                ___libgatt_lib_db_4166
 .text.___libgatt_lib_db_4168
                0x00004929       0x25 C:\CSR_uEnergy_SDK-2.1.0\tools\lib\CSR100x\libgatt_lib.a(pools.o)
                0x00004929                ___libgatt_lib_db_4168
 .text.___libgatt_lib_db_4178
                0x0000494e       0x21 C:\CSR_uEnergy_SDK-2.1.0\tools\lib\CSR100x\libgatt_lib.a(queue.o)
                0x0000494e                ___libgatt_lib_db_4178
 .text.___libgatt_lib_db_4176
                0x0000496f        0x4 C:\CSR_uEnergy_SDK-2.1.0\tools\lib\CSR100x\libgatt_lib.a(queue.o)
                0x0000496f                ___libgatt_lib_db_4176
 .text.___libgatt_lib_db_4182
                0x00004973        0x4 C:\CSR_uEnergy_SDK-2.1.0\tools\lib\CSR100x\libgatt_lib.a(queue.o)
                0x00004973                ___libgatt_lib_db_4182
 .text.___libgatt_lib_db_4174
                0x00004977       0x12 C:\CSR_uEnergy_SDK-2.1.0\tools\lib\CSR100x\libgatt_lib.a(queue.o)
                0x00004977                ___libgatt_lib_db_4174
 .text.___libgatt_lib_db_4177
                0x00004989        0xe C:\CSR_uEnergy_SDK-2.1.0\tools\lib\CSR100x\libgatt_lib.a(queue.o)
                0x00004989                ___libgatt_lib_db_4177
 .text.___libgatt_lib_db_4183
                0x00004997       0x13 C:\CSR_uEnergy_SDK-2.1.0\tools\lib\CSR100x\libgatt_lib.a(queue.o)
                0x00004997                ___libgatt_lib_db_4183
 .text.___libgatt_lib_db_4184
                0x000049aa       0x1d C:\CSR_uEnergy_SDK-2.1.0\tools\lib\CSR100x\libgatt_lib.a(queue.o)
                0x000049aa                ___libgatt_lib_db_4184
 .text.___libgatt_lib_db_4173
                0x000049c7       0x20 C:\CSR_uEnergy_SDK-2.1.0\tools\lib\CSR100x\libgatt_lib.a(queue.o)
                0x000049c7                ___libgatt_lib_db_4173
 .text.queue_new_implementation
                0x000049e7       0x34 C:\CSR_uEnergy_SDK-2.1.0\tools\lib\CSR100x\libgatt_lib.a(queue.o)
 .text.___libgatt_lib_db_4180
                0x00004a1b        0x7 C:\CSR_uEnergy_SDK-2.1.0\tools\lib\CSR100x\libgatt_lib.a(queue.o)
                0x00004a1b                ___libgatt_lib_db_4180
 .text.___libgatt_lib_db_4181
                0x00004a22        0x7 C:\CSR_uEnergy_SDK-2.1.0\tools\lib\CSR100x\libgatt_lib.a(queue.o)
                0x00004a22                ___libgatt_lib_db_4181
 .text.___libgatt_lib_db_4179
                0x00004a29        0x5 C:\CSR_uEnergy_SDK-2.1.0\tools\lib\CSR100x\libgatt_lib.a(queue.o)
                0x00004a29                ___libgatt_lib_db_4179
 .text.encryption_start_block
                0x00004a2e        0xd C:\CSR_uEnergy_SDK-2.1.0\tools\lib\CSR100x\libgatt_lib.a(crypt.o)
 .text.encryption_end_block
                0x00004a3b       0x1d C:\CSR_uEnergy_SDK-2.1.0\tools\lib\CSR100x\libgatt_lib.a(crypt.o)
 .text.___libgatt_lib_db_4197
                0x00004a58       0x6f C:\CSR_uEnergy_SDK-2.1.0\tools\lib\CSR100x\libgatt_lib.a(crypt.o)
                0x00004a58                ___libgatt_lib_db_4197
 .text.___libgatt_lib_db_4198
                0x00004ac7       0x45 C:\CSR_uEnergy_SDK-2.1.0\tools\lib\CSR100x\libgatt_lib.a(crypt.o)
                0x00004ac7                ___libgatt_lib_db_4198
 .text.___libgatt_lib_db_4235
                0x00004b0c        0x7 C:\CSR_uEnergy_SDK-2.1.0\tools\lib\CSR100x\libgatt_lib.a(persistent.o)
                0x00004b0c                ___libgatt_lib_db_4235
 .text.checksum_region
                0x00004b13       0x12 C:\CSR_uEnergy_SDK-2.1.0\tools\lib\CSR100x\libgatt_lib.a(persistent.o)
 .text.___libgatt_lib_db_4217
                0x00004b25        0xd C:\CSR_uEnergy_SDK-2.1.0\tools\lib\CSR100x\libgatt_lib.a(persistent.o)
                0x00004b25                ___libgatt_lib_db_4217
 .text.___libgatt_lib_db_4237
                0x00004b32        0x9 C:\CSR_uEnergy_SDK-2.1.0\tools\lib\CSR100x\libgatt_lib.a(persistent.o)
                0x00004b32                ___libgatt_lib_db_4237
 .text.___libgatt_lib_db_4236
                0x00004b3b        0x9 C:\CSR_uEnergy_SDK-2.1.0\tools\lib\CSR100x\libgatt_lib.a(persistent.o)
                0x00004b3b                ___libgatt_lib_db_4236
 .text.___libgatt_lib_db_4216
                0x00004b44       0x18 C:\CSR_uEnergy_SDK-2.1.0\tools\lib\CSR100x\libgatt_lib.a(persistent.o)
                0x00004b44                ___libgatt_lib_db_4216
 .text.___libgatt_lib_db_4213
                0x00004b5c       0x1d C:\CSR_uEnergy_SDK-2.1.0\tools\lib\CSR100x\libgatt_lib.a(persistent.o)
                0x00004b5c                ___libgatt_lib_db_4213
 .text.___libgatt_lib_db_4238
                0x00004b79       0x1b C:\CSR_uEnergy_SDK-2.1.0\tools\lib\CSR100x\libgatt_lib.a(persistent.o)
                0x00004b79                ___libgatt_lib_db_4238
 .text.___libgatt_lib_db_4219
                0x00004b94       0x1c C:\CSR_uEnergy_SDK-2.1.0\tools\lib\CSR100x\libgatt_lib.a(persistent.o)
                0x00004b94                ___libgatt_lib_db_4219
 .text.___libgatt_lib_db_4215
                0x00004bb0       0x3b C:\CSR_uEnergy_SDK-2.1.0\tools\lib\CSR100x\libgatt_lib.a(persistent.o)
                0x00004bb0                ___libgatt_lib_db_4215
 .text.fault    0x00004beb       0x59 C:\CSR_uEnergy_SDK-2.1.0\tools\lib\CSR100x\libgatt_lib.a(fault.o)
                0x00004beb                fault
 .text.NvmDisable
                0x00004c44       0x13 C:\CSR_uEnergy_SDK-2.1.0\tools\lib\CSR100x\libgatt_lib.a(nvm.o)
                0x00004c44                NvmDisable
 .text.reinitialise_nvm
                0x00004c57        0xa C:\CSR_uEnergy_SDK-2.1.0\tools\lib\CSR100x\libgatt_lib.a(nvm.o)
 .text.NvmWrite
                0x00004c61       0x26 C:\CSR_uEnergy_SDK-2.1.0\tools\lib\CSR100x\libgatt_lib.a(nvm.o)
                0x00004c61                NvmWrite
 .text.NvmRead  0x00004c87       0x26 C:\CSR_uEnergy_SDK-2.1.0\tools\lib\CSR100x\libgatt_lib.a(nvm.o)
                0x00004c87                NvmRead
 .text.read_i2c
                0x00004cad       0x14 C:\CSR_uEnergy_SDK-2.1.0\tools\lib\CSR100x\libgatt_lib.a(i2c_app_mem_mgr.o)
 .text.NvmConfigureI2cEeprom
                0x00004cc1       0x4d C:\CSR_uEnergy_SDK-2.1.0\tools\lib\CSR100x\libgatt_lib.a(i2c_app_mem_mgr.o)
                0x00004cc1                NvmConfigureI2cEeprom
 .text.disable_i2c
                0x00004d0e        0x8 C:\CSR_uEnergy_SDK-2.1.0\tools\lib\CSR100x\libgatt_lib.a(i2c_app_mem_mgr.o)
 .text.write_i2c
                0x00004d16       0x14 C:\CSR_uEnergy_SDK-2.1.0\tools\lib\CSR100x\libgatt_lib.a(i2c_app_mem_mgr.o)
 .text.erase_i2c
                0x00004d2a       0x26 C:\CSR_uEnergy_SDK-2.1.0\tools\lib\CSR100x\libgatt_lib.a(i2c_app_mem_mgr.o)
 .text.___libgatt_lib_db_4313
                0x00004d50        0x3 C:\CSR_uEnergy_SDK-2.1.0\tools\lib\CSR100x\libgatt_lib.a(pmu.o)
                0x00004d50                ___libgatt_lib_db_4313
 .text.___libgatt_lib_db_4320
                0x00004d53       0x1e C:\CSR_uEnergy_SDK-2.1.0\tools\lib\CSR100x\libgatt_lib.a(pmu.o)
                0x00004d53                ___libgatt_lib_db_4320
 .text.___libgatt_lib_db_4333
                0x00004d71        0x7 C:\CSR_uEnergy_SDK-2.1.0\tools\lib\CSR100x\libgatt_lib.a(pmu.o)
                0x00004d71                ___libgatt_lib_db_4333
 .text.___libgatt_lib_db_4332
                0x00004d78        0x5 C:\CSR_uEnergy_SDK-2.1.0\tools\lib\CSR100x\libgatt_lib.a(pmu.o)
                0x00004d78                ___libgatt_lib_db_4332
 .text.___libgatt_lib_db_4314
                0x00004d7d       0x3c C:\CSR_uEnergy_SDK-2.1.0\tools\lib\CSR100x\libgatt_lib.a(pmu.o)
                0x00004d7d                ___libgatt_lib_db_4314
 .text.___libgatt_lib_db_4318
                0x00004db9       0x3b C:\CSR_uEnergy_SDK-2.1.0\tools\lib\CSR100x\libgatt_lib.a(pmu.o)
                0x00004db9                ___libgatt_lib_db_4318
 .text.___libgatt_lib_db_4319
                0x00004df4        0xf C:\CSR_uEnergy_SDK-2.1.0\tools\lib\CSR100x\libgatt_lib.a(pmu.o)
                0x00004df4                ___libgatt_lib_db_4319
 .text.___libgatt_lib_db_4317
                0x00004e03       0x3e C:\CSR_uEnergy_SDK-2.1.0\tools\lib\CSR100x\libgatt_lib.a(pmu.o)
                0x00004e03                ___libgatt_lib_db_4317
 .text.trim_smps_freq_over_temp
                0x00004e41       0x21 C:\CSR_uEnergy_SDK-2.1.0\tools\lib\CSR100x\libgatt_lib.a(pmu.o)
 .text.___libgatt_lib_db_4312
                0x00004e62       0x18 C:\CSR_uEnergy_SDK-2.1.0\tools\lib\CSR100x\libgatt_lib.a(pmu.o)
                0x00004e62                ___libgatt_lib_db_4312
 .text.___libgatt_lib_db_4316
                0x00004e7a       0x86 C:\CSR_uEnergy_SDK-2.1.0\tools\lib\CSR100x\libgatt_lib.a(pmu.o)
                0x00004e7a                ___libgatt_lib_db_4316
 .text.___libgatt_lib_db_4315
                0x00004f00      0x10e C:\CSR_uEnergy_SDK-2.1.0\tools\lib\CSR100x\libgatt_lib.a(pmu.o)
                0x00004f00                ___libgatt_lib_db_4315
 .text.___libgatt_lib_db_4334
                0x0000500e        0x2 C:\CSR_uEnergy_SDK-2.1.0\tools\lib\CSR100x\libgatt_lib.a(robs.o)
                0x0000500e                ___libgatt_lib_db_4334
 .text.mask_bits
                0x00005010        0xa C:\CSR_uEnergy_SDK-2.1.0\tools\lib\CSR100x\libgatt_lib.a(robs_pio.o)
 .text.mask_bit
                0x0000501a        0xa C:\CSR_uEnergy_SDK-2.1.0\tools\lib\CSR100x\libgatt_lib.a(robs_pio.o)