Archive member included because of file (symbol)

C:\CSR_uEnergy_SDK-2.1.0\tools\lib\CSR100x\libgatt_lib.a(gap_app_if.o)
                              depend_Release_CSR100x\smart_band.o (GapSetMode)
C:\CSR_uEnergy_SDK-2.1.0\tools\lib\CSR100x\libgatt_lib.a(gap_advertising_if.o)
                              depend_Release_CSR100x\smart_band.o (GapSetAdvInterval)
C:\CSR_uEnergy_SDK-2.1.0\tools\lib\CSR100x\libgatt_lib.a(gap_ls_if.o)
                              C:\CSR_uEnergy_SDK-2.1.0\tools\lib\CSR100x\libgatt_lib.a(gap_app_if.o) (___libgatt_lib_db_18)
C:\CSR_uEnergy_SDK-2.1.0\tools\lib\CSR100x\libgatt_lib.a(ls_advertising_if.o)
                              depend_Release_CSR100x\smart_band.o (LsStoreAdvScanData)
C:\CSR_uEnergy_SDK-2.1.0\tools\lib\CSR100x\libgatt_lib.a(ls_app_if.o)
                              depend_Release_CSR100x\smart_band.o (LsReadTransmitPowerLevel)
C:\CSR_uEnergy_SDK-2.1.0\tools\lib\CSR100x\libgatt_lib.a(ls_con_db.o)
                              C:\CSR_uEnergy_SDK-2.1.0\tools\lib\CSR100x\libgatt_lib.a(ls_app_if.o) (___libgatt_lib_db_40)
C:\CSR_uEnergy_SDK-2.1.0\tools\lib\CSR100x\libgatt_lib.a(ls_con_mgmt.o)
                              C:\CSR_uEnergy_SDK-2.1.0\tools\lib\CSR100x\libgatt_lib.a(ls_app_if.o) (___libgatt_lib_db_57)
C:\CSR_uEnergy_SDK-2.1.0\tools\lib\CSR100x\libgatt_lib.a(l2cap_ls_if.o)
                              C:\CSR_uEnergy_SDK-2.1.0\tools\lib\CSR100x\libgatt_lib.a(ls_app_if.o) (___libgatt_lib_db_124)
C:\CSR_uEnergy_SDK-2.1.0\tools\lib\CSR100x\libgatt_lib.a(l2cap_sig_handler.o)
                              C:\CSR_uEnergy_SDK-2.1.0\tools\lib\CSR100x\libgatt_lib.a(l2cap_ls_if.o) (___libgatt_lib_db_132)
C:\CSR_uEnergy_SDK-2.1.0\tools\lib\CSR100x\libgatt_lib.a(gatt.o)
                              depend_Release_CSR100x\smart_band.o (GattConnectReq)
C:\CSR_uEnergy_SDK-2.1.0\tools\lib\CSR100x\libgatt_lib.a(gatt_client.o)
                              depend_Release_CSR100x\smart_band.o (GattInstallClientRole)
C:\CSR_uEnergy_SDK-2.1.0\tools\lib\CSR100x\libgatt_lib.a(gatt_client_disc_char.o)
                              depend_Release_CSR100x\smart_band.o (GattDiscoverServiceChar)
C:\CSR_uEnergy_SDK-2.1.0\tools\lib\CSR100x\libgatt_lib.a(gatt_client_indications.o)
                              C:\CSR_uEnergy_SDK-2.1.0\tools\lib\CSR100x\libgatt_lib.a(gatt_client.o) (___libgatt_lib_db_345)
C:\CSR_uEnergy_SDK-2.1.0\tools\lib\CSR100x\libgatt_lib.a(gatt_server.o)
                              depend_Release_CSR100x\smart_band.o (GattAccessRsp)
C:\CSR_uEnergy_SDK-2.1.0\tools\lib\CSR100x\libgatt_lib.a(gatt_server_write.o)
                              depend_Release_CSR100x\smart_band.o (GattInstallServerWrite)
C:\CSR_uEnergy_SDK-2.1.0\tools\lib\CSR100x\libgatt_lib.a(gatt_server_indications.o)
                              depend_Release_CSR100x\smart_band.o (GattCharValueNotification)
C:\CSR_uEnergy_SDK-2.1.0\tools\lib\CSR100x\libgatt_lib.a(gatt_common.o)
                              C:\CSR_uEnergy_SDK-2.1.0\tools\lib\CSR100x\libgatt_lib.a(gatt.o) (___libgatt_lib_db_362)
C:\CSR_uEnergy_SDK-2.1.0\tools\lib\CSR100x\libgatt_lib.a(gatt_att_if.o)
                              C:\CSR_uEnergy_SDK-2.1.0\tools\lib\CSR100x\libgatt_lib.a(gatt_server.o) (GS_add_db_cfm_handler)
C:\CSR_uEnergy_SDK-2.1.0\tools\lib\CSR100x\libgatt_lib.a(sm_ram.o)
                              C:\CSR_uEnergy_SDK-2.1.0\tools\lib\CSR100x\libgatt_lib.a(gatt.o) (___libgatt_lib_db_431)
C:\CSR_uEnergy_SDK-2.1.0\tools\lib\CSR100x\libgatt_lib.a(sm.o)
                              C:\CSR_uEnergy_SDK-2.1.0\tools\lib\CSR100x\libgatt_lib.a(gatt.o) (___libgatt_lib_db_471)
C:\CSR_uEnergy_SDK-2.1.0\tools\lib\CSR100x\libgatt_lib.a(sm_config.o)
                              C:\CSR_uEnergy_SDK-2.1.0\tools\lib\CSR100x\libgatt_lib.a(gap_ls_if.o) (___libgatt_lib_db_485)
C:\CSR_uEnergy_SDK-2.1.0\tools\lib\CSR100x\libgatt_lib.a(debug.o)
                              depend_Release_CSR100x\smart_band.o (DebugWriteString)
C:\CSR_uEnergy_SDK-2.1.0\tools\lib\CSR100x\libgatt_lib.a(memcmp.o)
                              C:\CSR_uEnergy_SDK-2.1.0\tools\lib\CSR100x\libgatt_lib.a(ls_con_db.o) (___libgatt_lib_db_3809)
C:\CSR_uEnergy_SDK-2.1.0\tools\lib\CSR100x\libgatt_lib.a(strlen.o)
                              C:\CSR_uEnergy_SDK-2.1.0\tools\lib\CSR100x\libgatt_lib.a(debug.o) (___libgatt_lib_db_3814)
C:\CSR_uEnergy_SDK-2.1.0\tools\lib\CSR100x\libgatt_lib.a(memcpy_pack.o)
                              C:\CSR_uEnergy_SDK-2.1.0\tools\lib\CSR100x\libgatt_lib.a(gap_ls_if.o) (___libgatt_lib_db_3831)
C:\CSR_uEnergy_SDK-2.1.0\tools\lib\CSR100x\libgatt_lib.a(memcpy_unpack.o)
                              C:\CSR_uEnergy_SDK-2.1.0\tools\lib\CSR100x\libgatt_lib.a(gap_ls_if.o) (___libgatt_lib_db_3832)
C:\CSR_uEnergy_SDK-2.1.0\tools\lib\CSR100x\libgatt_lib.a(memset.o)
                              C:\CSR_uEnergy_SDK-2.1.0\tools\lib\CSR100x\libgatt_lib.a(gap_app_if.o) (___libgatt_lib_db_3833)
[...]
Memory Configuration

Name             Origin             Length             Attributes
*default*        0x00000000         0xffffffff

Linker script and memory map

LOAD depend_Release_CSR100x\app_gatt_db.o
LOAD depend_Release_CSR100x\smart_band.o
LOAD C:\CSR_uEnergy_SDK-2.1.0\tools\lib\CSR100x\libgatt_lib.a
                0x00000000                SWAP_INTO_DATA = 0x0
                0x00000000                PROG_START = 0x0
                0x00002000                PROG_RAM_START = 0x2000
                0x00009000                DATA_RAM_START = (0x9000 - DEFINED (SWAP_INTO_DATA)?SWAP_INTO_DATA:0x0)
                0x00009f9c                CS_START = 0x9f9c
                0x0000a000                DATA_RAM_END = 0xa000
                0x00008000                PROG_ROM_START = 0x8000
                0x00008000                PROG_ROM_SIZE = 0x8000
                0x00010000                PROG_ROM_OFFSET = 0x10000
                0x0000ef80                PERSIST_MEM_START = 0xef80
                0x00000020                PRES_DATA_SIZE = 0x20
                0x00000004                SLT_SIZE = 0x4
                0x000002b4                ALIGNED_SIZE = 0x2b4
                0x00000100                ISTACK_SIZE = 0x100
                0x00000200                USTACK_SIZE = 0x200
                0x80000000                $CODE$ = 0x80000000
                0x00000000                $DATA$ = 0x0
                0x0000ffe0                PROVIDE ($XAP_AH, 0xffe0)
                0x0000ffe1                PROVIDE ($XAP_AL, 0xffe1)
                0x0000ffe2                PROVIDE ($XAP_UXH, 0xffe2)
                0x0000ffe3                PROVIDE ($XAP_UXL, 0xffe3)
                0x0000ffe4                PROVIDE ($XAP_UY, 0xffe4)
                0x0000ffe5                PROVIDE ($XAP_IXH, 0xffe5)
                0x0000ffe6                PROVIDE ($XAP_IXL, 0xffe6)
                0x0000ffe7                PROVIDE ($XAP_IY, 0xffe7)
                0x00009000                . = DATA_RAM_START

.rodata         0x00009000      0x239
                0x00009000                RODATA_START = .
 *(.rodata)
 .rodata        0x00009000        0x2 depend_Release_CSR100x\smart_band.o
 .rodata        0x00009002       0x30 C:\CSR_uEnergy_SDK-2.1.0\tools\lib\CSR100x\libgatt_lib.a(sm.o)
                0x0000901e                ___libgatt_lib_db_451
 .rodata        0x00009032       0x13 C:\CSR_uEnergy_SDK-2.1.0\tools\lib\CSR100x\libgatt_lib.a(sm_l2cap.o)
 *(.rodata.*)
 .rodata.str2.2
                0x00009045      0x12f depend_Release_CSR100x\smart_band.o
                                0x13c (size before relaxing)
 .rodata.AppProcessLmEvent
                0x00009174        0xe depend_Release_CSR100x\smart_band.o
 .rodata.C.36..2621.
                0x00009182        0x5 depend_Release_CSR100x\smart_band.o
 .rodata.C.30..2603.
                0x00009187        0x3 depend_Release_CSR100x\smart_band.o
 .rodata.C.29..2602.
                0x0000918a        0x3 depend_Release_CSR100x\smart_band.o
 .rodata.C.1..4022.
                0x0000918d        0x2 C:\CSR_uEnergy_SDK-2.1.0\tools\lib\CSR100x\libgatt_lib.a(gatt_client_disc_char.o)
 .rodata.C.8..4076.
                0x0000918f        0x2 C:\CSR_uEnergy_SDK-2.1.0\tools\lib\CSR100x\libgatt_lib.a(gatt_client_disc_char.o)
 .rodata.app_att_mssg_handler
                0x00009191       0x17 C:\CSR_uEnergy_SDK-2.1.0\tools\lib\CSR100x\libgatt_lib.a(gatt_att_if.o)
 .rodata.lm_send_hci_ulp_advertising_report
                0x000091a8        0x7 C:\CSR_uEnergy_SDK-2.1.0\tools\lib\CSR100x\libgatt_lib.a(lm_hci_events.o)
 .rodata.le_connection_timeout
                0x000091af        0x9 C:\CSR_uEnergy_SDK-2.1.0\tools\lib\CSR100x\libgatt_lib.a(george.o)
 .rodata.le_rx_control_packet
                0x000091b8        0xe C:\CSR_uEnergy_SDK-2.1.0\tools\lib\CSR100x\libgatt_lib.a(george.o)
 .rodata.le_rx_event_handler
                0x000091c6        0x9 C:\CSR_uEnergy_SDK-2.1.0\tools\lib\CSR100x\libgatt_lib.a(george.o)
 .rodata.sca_limits
                0x000091cf        0x7 C:\CSR_uEnergy_SDK-2.1.0\tools\lib\CSR100x\libgatt_lib.a(george.o)
 .rodata.ll_control_pdus
                0x000091d6       0x1c C:\CSR_uEnergy_SDK-2.1.0\tools\lib\CSR100x\libgatt_lib.a(george_ll.o)
 .rodata.C.8..8909.
                0x000091f2        0x4 C:\CSR_uEnergy_SDK-2.1.0\tools\lib\CSR100x\libgatt_lib.a(george_adv.o)
 .rodata.timer_prio
                0x000091f6        0x3 C:\CSR_uEnergy_SDK-2.1.0\tools\lib\CSR100x\libgatt_lib.a(timer.o)
 .rodata.timer_events
                0x000091f9        0x3 C:\CSR_uEnergy_SDK-2.1.0\tools\lib\CSR100x\libgatt_lib.a(timer.o)
 .rodata.sizeof_irq_func_ptr
                0x000091fc        0x1 C:\CSR_uEnergy_SDK-2.1.0\tools\lib\CSR100x\libgatt_lib.a(interrupts.o)
                0x000091fc                ___libgatt_lib_db_4162
 .rodata.pool_totals.5219.
                0x000091fd        0x4 C:\CSR_uEnergy_SDK-2.1.0\tools\lib\CSR100x\libgatt_lib.a(pools.o)
 .rodata.region_start
                0x00009201        0x3 C:\CSR_uEnergy_SDK-2.1.0\tools\lib\CSR100x\libgatt_lib.a(persistent.o)
 .rodata.region_size
                0x00009204        0x3 C:\CSR_uEnergy_SDK-2.1.0\tools\lib\CSR100x\libgatt_lib.a(persistent.o)
 .rodata.build_identifier_integer
                0x00009207        0x1 C:\CSR_uEnergy_SDK-2.1.0\tools\lib\CSR100x\libgatt_lib.a(id.o)
                0x00009207                build_identifier_integer
 .rodata.hlAttr
                0x00009208        0x3 C:\CSR_uEnergy_SDK-2.1.0\tools\lib\CSR100x\libgatt_lib.a(l2cap_common.o)
 .rodata.att_base_uuid
                0x0000920b        0x8 C:\CSR_uEnergy_SDK-2.1.0\tools\lib\CSR100x\libgatt_lib.a(att.o)
                0x0000920b                ___libgatt_lib_db_136
 .rodata.att_l2cap_handler
                0x00009213        0x7 C:\CSR_uEnergy_SDK-2.1.0\tools\lib\CSR100x\libgatt_lib.a(att_l2cap.o)
 .rodata.group_uuids
                0x0000921a        0x2 C:\CSR_uEnergy_SDK-2.1.0\tools\lib\CSR100x\libgatt_lib.a(att_db.o)
                0x0000921a                ___libgatt_lib_db_266
 .rodata.aux_uuids
                0x0000921c        0x1 C:\CSR_uEnergy_SDK-2.1.0\tools\lib\CSR100x\libgatt_lib.a(att_db.o)
                0x0000921c                ___libgatt_lib_db_265
 .rodata.C.0..4124.
                0x0000921d        0x8 C:\CSR_uEnergy_SDK-2.1.0\tools\lib\CSR100x\libgatt_lib.a(att_db.o)
 .rodata.attr_info
                0x00009225       0x14 C:\CSR_uEnergy_SDK-2.1.0\tools\lib\CSR100x\libgatt_lib.a(att_onchipdb.o)
                0x00009225                ___libgatt_lib_db_286
                0x00009239                RODATA_END = .

.bss            0x0000923a      0x5f8
                0x0000923a                BSS_START = .
 *(.bss)
 .bss           0x0000923a       0x27 C:\CSR_uEnergy_SDK-2.1.0\tools\lib\CSR100x\libgatt_lib.a(sm.o)
 .bss           0x00009261        0x1 C:\CSR_uEnergy_SDK-2.1.0\tools\lib\CSR100x\libgatt_lib.a(xap2crt0.o)
 *(.bss.*)
 .bss.is_connected
                0x00009262        0x1 depend_Release_CSR100x\smart_band.o
                0x00009262                is_connected
 .bss.has_notification_service
                0x00009263        0x1 depend_Release_CSR100x\smart_band.o
                0x00009263                has_notification_service
 .bss.long_press_keep
                0x00009264        0x1 depend_Release_CSR100x\smart_band.o
                0x00009264                long_press_keep
 .bss.fix_start_time
                0x00009265        0x1 depend_Release_CSR100x\smart_band.o
                0x00009265                fix_start_time
 .bss.press_locked
                0x00009266        0x1 depend_Release_CSR100x\smart_band.o
                0x00009266                press_locked
 .bss.release_locked
                0x00009267        0x1 depend_Release_CSR100x\smart_band.o
                0x00009267                release_locked
 .bss.app_timers.2685.
                0x00009268       0x2a depend_Release_CSR100x\smart_band.o
 .bss.tid_advertise
                0x00009292        0x1 C:\CSR_uEnergy_SDK-2.1.0\tools\lib\CSR100x\libgatt_lib.a(ls_advertising_if.o)
 .bss.tid_con_param_update
                0x00009293        0x1 C:\CSR_uEnergy_SDK-2.1.0\tools\lib\CSR100x\libgatt_lib.a(ls_con_db.o)
                0x00009293                tid_con_param_update
 .bss.tid_con_param_proc_timeout
                0x00009294        0x1 C:\CSR_uEnergy_SDK-2.1.0\tools\lib\CSR100x\libgatt_lib.a(ls_con_db.o)
                0x00009294                tid_con_param_proc_timeout
 .bss.ls_con_min_ce_length
                0x00009295        0x1 C:\CSR_uEnergy_SDK-2.1.0\tools\lib\CSR100x\libgatt_lib.a(ls_con_mgmt.o)
                0x00009295                ls_con_min_ce_length
 .bss.ls_con_max_ce_length
                0x00009296        0x1 C:\CSR_uEnergy_SDK-2.1.0\tools\lib\CSR100x\libgatt_lib.a(ls_con_mgmt.o)
                0x00009296                ls_con_max_ce_length
 .bss.GS_add_db_cfm_handler
                0x00009297        0x1 C:\CSR_uEnergy_SDK-2.1.0\tools\lib\CSR100x\libgatt_lib.a(gatt_att_if.o)
                0x00009297                GS_add_db_cfm_handler
 .bss.GS_mtu_ind_handler
                0x00009298        0x1 C:\CSR_uEnergy_SDK-2.1.0\tools\lib\CSR100x\libgatt_lib.a(gatt_att_if.o)
                0x00009298                GS_mtu_ind_handler
 .bss.GS_access_ind_handler
                0x00009299        0x1 C:\CSR_uEnergy_SDK-2.1.0\tools\lib\CSR100x\libgatt_lib.a(gatt_att_if.o)
                0x00009299                GS_access_ind_handler
 .bss.GC_char_value_ind_handler
                0x0000929a        0x1 C:\CSR_uEnergy_SDK-2.1.0\tools\lib\CSR100x\libgatt_lib.a(gatt_att_if.o)
                0x0000929a                GC_char_value_ind_handler
 *fill*         0x0000929b        0x2 00
 .bss.uart_rx_buffer
                0x0000929c       0x40 C:\CSR_uEnergy_SDK-2.1.0\tools\lib\CSR100x\libgatt_lib.a(debug.o)
 .bss.uart_tx_buffer
                0x000092dc       0x40 C:\CSR_uEnergy_SDK-2.1.0\tools\lib\CSR100x\libgatt_lib.a(debug.o)
 .bss.hci_lost_events
                0x0000931c        0xc C:\CSR_uEnergy_SDK-2.1.0\tools\lib\CSR100x\libgatt_lib.a(lm_hci_events.o)
                0x0000931c                hci_lost_events
 .bss.nocp_filter_handles
                0x00009328        0x1 C:\CSR_uEnergy_SDK-2.1.0\tools\lib\CSR100x\libgatt_lib.a(lm_hci_events.o)
                0x00009328                nocp_filter_handles
 .bss.notify_disconnect
                0x00009329        0x1 C:\CSR_uEnergy_SDK-2.1.0\tools\lib\CSR100x\libgatt_lib.a(lm_hci_events.o)
                0x00009329                notify_disconnect
 .bss.acl_data_handler
                0x0000932a        0x1 C:\CSR_uEnergy_SDK-2.1.0\tools\lib\CSR100x\libgatt_lib.a(lm_hci_events.o)
 .bss.hci_event_handler
                0x0000932b        0x1 C:\CSR_uEnergy_SDK-2.1.0\tools\lib\CSR100x\libgatt_lib.a(lm_hci_events.o)
 .bss.george_rx_rr.9881.
                0x0000932c        0x1 C:\CSR_uEnergy_SDK-2.1.0\tools\lib\CSR100x\libgatt_lib.a(george.o)
 .bss.i.8910.   0x0000932d        0x1 C:\CSR_uEnergy_SDK-2.1.0\tools\lib\CSR100x\libgatt_lib.a(george_ll.o)
 .bss.whitelist_free
                0x0000932e        0x1 C:\CSR_uEnergy_SDK-2.1.0\tools\lib\CSR100x\libgatt_lib.a(whitelist.o)
 .bss.single_tx_radio_buffer
                0x0000932f        0x1 C:\CSR_uEnergy_SDK-2.1.0\tools\lib\CSR100x\libgatt_lib.a(halbtle.o)
                0x0000932f                single_tx_radio_buffer
 .bss.single_rx_radio_buffer
                0x00009330        0x1 C:\CSR_uEnergy_SDK-2.1.0\tools\lib\CSR100x\libgatt_lib.a(halbtle.o)
                0x00009330                single_rx_radio_buffer
 .bss.tx_power_table
                0x00009331        0x5 C:\CSR_uEnergy_SDK-2.1.0\tools\lib\CSR100x\libgatt_lib.a(halradiotrim.o)
 .bss.radio_trim_temp
                0x00009336        0x1 C:\CSR_uEnergy_SDK-2.1.0\tools\lib\CSR100x\libgatt_lib.a(halradiotrim.o)
 .bss.uart_data_in
                0x00009337        0x1 C:\CSR_uEnergy_SDK-2.1.0\tools\lib\CSR100x\libgatt_lib.a(uart.o)
                0x00009337                uart_data_in
 .bss.uart_data_out
                0x00009338        0x1 C:\CSR_uEnergy_SDK-2.1.0\tools\lib\CSR100x\libgatt_lib.a(uart.o)
                0x00009338                uart_data_out
 .bss.uart_tx_buffer_size_units
                0x00009339        0x1 C:\CSR_uEnergy_SDK-2.1.0\tools\lib\CSR100x\libgatt_lib.a(uart.o)
 .bss.uart_rx_buffer_size_units
                0x0000933a        0x1 C:\CSR_uEnergy_SDK-2.1.0\tools\lib\CSR100x\libgatt_lib.a(uart.o)
 .bss.data_mode
                0x0000933b        0x1 C:\CSR_uEnergy_SDK-2.1.0\tools\lib\CSR100x\libgatt_lib.a(uart.o)
 .bss.uart_out_index_units
                0x0000933c        0x1 C:\CSR_uEnergy_SDK-2.1.0\tools\lib\CSR100x\libgatt_lib.a(uart.o)
 .bss.uart_in_index_units
                0x0000933d        0x1 C:\CSR_uEnergy_SDK-2.1.0\tools\lib\CSR100x\libgatt_lib.a(uart.o)
 .bss.uart_requested_data_size_units
                0x0000933e        0x1 C:\CSR_uEnergy_SDK-2.1.0\tools\lib\CSR100x\libgatt_lib.a(uart.o)
 .bss.app_timer_queue
                0x0000933f        0x1 C:\CSR_uEnergy_SDK-2.1.0\tools\lib\CSR100x\libgatt_lib.a(timer.o)
 .bss.max_app_timers
                0x00009340        0x1 C:\CSR_uEnergy_SDK-2.1.0\tools\lib\CSR100x\libgatt_lib.a(timer.o)
 .bss.fw_timer_queue
                0x00009341       0x24 C:\CSR_uEnergy_SDK-2.1.0\tools\lib\CSR100x\libgatt_lib.a(timer.o)
 .bss.timer_queue_head
                0x00009365        0x3 C:\CSR_uEnergy_SDK-2.1.0\tools\lib\CSR100x\libgatt_lib.a(timer.o)
 .bss.swirqs    0x00009368        0x1 C:\CSR_uEnergy_SDK-2.1.0\tools\lib\CSR100x\libgatt_lib.a(swirq.o)
 .bss.bl_int_cnt
                0x00009369        0x1 C:\CSR_uEnergy_SDK-2.1.0\tools\lib\CSR100x\libgatt_lib.a(interrupts.o)
                0x00009369                bl_int_cnt
 .bss.wd_kick_needed
                0x0000936a        0x1 C:\CSR_uEnergy_SDK-2.1.0\tools\lib\CSR100x\libgatt_lib.a(wd.o)
 .bss.wd_timeout_saved
                0x0000936b        0x1 C:\CSR_uEnergy_SDK-2.1.0\tools\lib\CSR100x\libgatt_lib.a(wd.o)
 .bss.num_overdue_updates
                0x0000936c        0x1 C:\CSR_uEnergy_SDK-2.1.0\tools\lib\CSR100x\libgatt_lib.a(wd.o)
 .bss.app_background_tick
                0x0000936d        0x1 C:\CSR_uEnergy_SDK-2.1.0\tools\lib\CSR100x\libgatt_lib.a(wd.o)
 .bss.storage_read
                0x0000936e        0x1 C:\CSR_uEnergy_SDK-2.1.0\tools\lib\CSR100x\libgatt_lib.a(nvm.o)
                0x0000936e                storage_read
 .bss.storage_write
                0x0000936f        0x1 C:\CSR_uEnergy_SDK-2.1.0\tools\lib\CSR100x\libgatt_lib.a(nvm.o)
                0x0000936f                storage_write
 .bss.storage_erase
                0x00009370        0x1 C:\CSR_uEnergy_SDK-2.1.0\tools\lib\CSR100x\libgatt_lib.a(nvm.o)
                0x00009370                storage_erase
 .bss.storage_disable
                0x00009371        0x1 C:\CSR_uEnergy_SDK-2.1.0\tools\lib\CSR100x\libgatt_lib.a(nvm.o)
                0x00009371                storage_disable
 .bss.storage_enable
                0x00009372        0x1 C:\CSR_uEnergy_SDK-2.1.0\tools\lib\CSR100x\libgatt_lib.a(nvm.o)
                0x00009372                storage_enable
 .bss.erase_chunk.5624.
                0x00009373       0x10 C:\CSR_uEnergy_SDK-2.1.0\tools\lib\CSR100x\libgatt_lib.a(i2c_app_mem_mgr.o)
 .bss.nvm_i2c_scl_low
                0x00009383        0x1 C:\CSR_uEnergy_SDK-2.1.0\tools\lib\CSR100x\libgatt_lib.a(i2c_app_mem_mgr.o)
 .bss.nvm_i2c_scl_high
                0x00009384        0x1 C:\CSR_uEnergy_SDK-2.1.0\tools\lib\CSR100x\libgatt_lib.a(i2c_app_mem_mgr.o)
 .bss.last_radio_active_setting
                0x00009385        0x1 C:\CSR_uEnergy_SDK-2.1.0\tools\lib\CSR100x\libgatt_lib.a(pmu.o)
 .bss.pmu_ana_ctrl_radio_on
                0x00009386        0x6 C:\CSR_uEnergy_SDK-2.1.0\tools\lib\CSR100x\libgatt_lib.a(pmu.o)
 .bss.pmu_ana_ctrl_radio_off
                0x0000938c        0x6 C:\CSR_uEnergy_SDK-2.1.0\tools\lib\CSR100x\libgatt_lib.a(pmu.o)
 .bss.smps_freq_update_temp
                0x00009392        0x1 C:\CSR_uEnergy_SDK-2.1.0\tools\lib\CSR100x\libgatt_lib.a(pmu.o)
 .bss.pmu_smps_voltage_normal
                0x00009393        0x1 C:\CSR_uEnergy_SDK-2.1.0\tools\lib\CSR100x\libgatt_lib.a(pmu.o)
 .bss.pmu_smps_voltage_hot
                0x00009394        0x1 C:\CSR_uEnergy_SDK-2.1.0\tools\lib\CSR100x\libgatt_lib.a(pmu.o)
 .bss.last_event_voltage
                0x00009395        0x1 C:\CSR_uEnergy_SDK-2.1.0\tools\lib\CSR100x\libgatt_lib.a(battery.o)
 .bss.cached_battery_voltage
                0x00009396        0x1 C:\CSR_uEnergy_SDK-2.1.0\tools\lib\CSR100x\libgatt_lib.a(battery.o)
 .bss.radiotest_enabled
                0x00009397        0x1 C:\CSR_uEnergy_SDK-2.1.0\tools\lib\CSR100x\libgatt_lib.a(radiotest_init.o)
                0x00009397                radiotest_enabled
 .bss.overdue_tasks
                0x00009398        0x1 C:\CSR_uEnergy_SDK-2.1.0\tools\lib\CSR100x\libgatt_lib.a(updates.o)
 .bss.battery_update_count
                0x00009399        0x1 C:\CSR_uEnergy_SDK-2.1.0\tools\lib\CSR100x\libgatt_lib.a(updates.o)
 .bss.l2capPrim
                0x0000939a        0x8 C:\CSR_uEnergy_SDK-2.1.0\tools\lib\CSR100x\libgatt_lib.a(l2cap_common.o)
 .bss.dataRcvdFromLC
                0x000093a2       0x17 C:\CSR_uEnergy_SDK-2.1.0\tools\lib\CSR100x\libgatt_lib.a(l2cap_hci_if.o)
 .bss.gatt_installed
                0x000093b9        0x1 C:\CSR_uEnergy_SDK-2.1.0\tools\lib\CSR100x\libgatt_lib.a(att_server_mtu.o)
 .bss.i2c_activity_timeout_time
                0x000093ba        0x1 C:\CSR_uEnergy_SDK-2.1.0\tools\lib\CSR100x\libgatt_lib.a(i2c_eeprom.o)
 .bss.discovered_device
                0x000093bb        0x1 C:\CSR_uEnergy_SDK-2.1.0\tools\lib\CSR100x\libgatt_lib.a(ls_scanning_if.o)
 COMMON         0x000093bc       0x5c depend_Release_CSR100x\smart_band.o
                0x000093bc                spark_pio_mask
                0x000093be                timer
                0x000093c6                st_ucid
                0x000093c7                phone_current_time
                0x000093c9                service_start_handle
                0x000093ca                phone_previous_time
                0x000093cc                connect_bd_addr
                0x000093d1                interval
                0x000093d3                service_end_handle
                0x000093d4                metro_data
                0x0000940a                zero
                0x0000940e                play_start_time
                0x00009410                characteristics_handle
                0x00009415                div
                0x00009416                play_run_times
 COMMON         0x00009418       0x30 C:\CSR_uEnergy_SDK-2.1.0\tools\lib\CSR100x\libgatt_lib.a(ls_con_db.o)
                0x00009418                ls_random_address
                0x0000941c                conMgmtDB
 COMMON         0x00009448       0x2e C:\CSR_uEnergy_SDK-2.1.0\tools\lib\CSR100x\libgatt_lib.a(gatt.o)
                0x00009448                gatt
 COMMON         0x00009476        0x6 C:\CSR_uEnergy_SDK-2.1.0\tools\lib\CSR100x\libgatt_lib.a(sm.o)
                0x00009476                smcb
                0x0000947b                sm_pairing_auth_ind
 COMMON         0x0000947c        0x5 C:\CSR_uEnergy_SDK-2.1.0\tools\lib\CSR100x\libgatt_lib.a(lm_hci_events.o)
                0x0000947c                lm_acl_rx_data
 COMMON         0x00009481       0xde C:\CSR_uEnergy_SDK-2.1.0\tools\lib\CSR100x\libgatt_lib.a(george.o)
                0x00009481                tx_event_log
                0x00009486                rx_event_log
                0x00009495                random_addr
                0x00009498                le_device
 COMMON         0x0000955f      0x128 C:\CSR_uEnergy_SDK-2.1.0\tools\lib\CSR100x\libgatt_lib.a(pools.o)
                0x0000955f                pools
 COMMON         0x00009687        0x1 C:\CSR_uEnergy_SDK-2.1.0\tools\lib\CSR100x\libgatt_lib.a(pmu.o)
                0x00009687                cached_vbg
 COMMON         0x00009688        0x8 C:\CSR_uEnergy_SDK-2.1.0\tools\lib\CSR100x\libgatt_lib.a(l2cap_common.o)
                0x00009688                fixedChCB
                0x0000968e                sigIdentifier
 COMMON         0x00009690      0x138 C:\CSR_uEnergy_SDK-2.1.0\tools\lib\CSR100x\libgatt_lib.a(att.o)
                0x00009690                att
 COMMON         0x000097c8       0x3c C:\CSR_uEnergy_SDK-2.1.0\tools\lib\CSR100x\libgatt_lib.a(att_l2cap.o)
                0x000097c8                ll_data_pdu
                0x000097df                att_hl_prim
                0x000097ed                hl_prepare_wr_data
 COMMON         0x00009804       0x2c C:\CSR_uEnergy_SDK-2.1.0\tools\lib\CSR100x\libgatt_lib.a(sm_static.o)
                0x00009804                sm_pairing
 COMMON         0x00009830        0x2 C:\CSR_uEnergy_SDK-2.1.0\tools\lib\CSR100x\libgatt_lib.a(i2c.o)
                0x00009830                i2c_byte_timeout
                0x00009831                i2c_activity_started
                0x00009832                BSS_END = .
                0x000005f8                BSS_SIZE = (BSS_END - BSS_START)

.data           0x00009832      0x13e
                0x00009832                DATA_START = .
 *(.data)
 .data          0x00009832        0x5 C:\CSR_uEnergy_SDK-2.1.0\tools\lib\CSR100x\libgatt_lib.a(sm_config.o)
                0x00009832                ___libgatt_lib_db_485
 *(.data.*)
 .data.gattDatabase
                0x00009837       0x59 depend_Release_CSR100x\app_gatt_db.o
                0x00009837                gattDatabase
 .data.gap_db   0x00009890       0x54 C:\CSR_uEnergy_SDK-2.1.0\tools\lib\CSR100x\libgatt_lib.a(gap_ls_if.o)
                0x00009890                ___libgatt_lib_db_18
 .data.ls_con_default_params
                0x000098e4        0x4 C:\CSR_uEnergy_SDK-2.1.0\tools\lib\CSR100x\libgatt_lib.a(ls_con_mgmt.o)
                0x000098e4                ___libgatt_lib_db_58
 .data.ls_con_scan_interval
                0x000098e8        0x1 C:\CSR_uEnergy_SDK-2.1.0\tools\lib\CSR100x\libgatt_lib.a(ls_con_mgmt.o)
                0x000098e8                ___libgatt_lib_db_59
 .data.ls_con_scan_window
                0x000098e9        0x1 C:\CSR_uEnergy_SDK-2.1.0\tools\lib\CSR100x\libgatt_lib.a(ls_con_mgmt.o)
                0x000098e9                ___libgatt_lib_db_60
 .data.default_chm
                0x000098ea        0x3 C:\CSR_uEnergy_SDK-2.1.0\tools\lib\CSR100x\libgatt_lib.a(george.o)
 .data.pending_pdu_acks
                0x000098ed        0xc C:\CSR_uEnergy_SDK-2.1.0\tools\lib\CSR100x\libgatt_lib.a(george_ll.o)
 .data.swirq_handler
                0x000098f9        0x6 C:\CSR_uEnergy_SDK-2.1.0\tools\lib\CSR100x\libgatt_lib.a(swirq.o)
 .data.irq_branch_table
                0x000098ff       0x20 C:\CSR_uEnergy_SDK-2.1.0\tools\lib\CSR100x\libgatt_lib.a(interrupts.o)
                0x000098ff                ___libgatt_lib_db_4159
 .data.pcblist  0x0000991f        0xc C:\CSR_uEnergy_SDK-2.1.0\tools\lib\CSR100x\libgatt_lib.a(pools.o)
 .data.cached_temperature
                0x0000992b        0x1 C:\CSR_uEnergy_SDK-2.1.0\tools\lib\CSR100x\libgatt_lib.a(thermometer.o)
 .data.con_trigger_client
                0x0000992c        0x1 C:\CSR_uEnergy_SDK-2.1.0\tools\lib\CSR100x\libgatt_lib.a(l2cap_common.o)
                0x0000992c                ___libgatt_lib_db_89
 .data.att_handlers
                0x0000992d       0x3e C:\CSR_uEnergy_SDK-2.1.0\tools\lib\CSR100x\libgatt_lib.a(att_l2cap.o)
 .data.i2c_power_pio
                0x0000996b        0x1 C:\CSR_uEnergy_SDK-2.1.0\tools\lib\CSR100x\libgatt_lib.a(i2c.o)
 .data.i2c_sda_pio
                0x0000996c        0x1 C:\CSR_uEnergy_SDK-2.1.0\tools\lib\CSR100x\libgatt_lib.a(i2c.o)
 .data.i2c_scl_pio
                0x0000996d        0x1 C:\CSR_uEnergy_SDK-2.1.0\tools\lib\CSR100x\libgatt_lib.a(i2c.o)
 .data.eeprom_page_size
                0x0000996e        0x1 C:\CSR_uEnergy_SDK-2.1.0\tools\lib\CSR100x\libgatt_lib.a(i2c_eeprom.o)
 .data.eeprom_write_cycle
                0x0000996f        0x1 C:\CSR_uEnergy_SDK-2.1.0\tools\lib\CSR100x\libgatt_lib.a(i2c_eeprom.o)
                0x00009970                DATA_END = .
                0x0000ef80                . = PERSIST_MEM_START

PERSIST_MEM     0x0000ef80       0x80
 *(PERSIST_MEM)
 PERSIST_MEM    0x0000ef80       0x80 C:\CSR_uEnergy_SDK-2.1.0\tools\lib\CSR100x\libgatt_lib.a(persistent.o)
                0x0000ef80                ___libgatt_lib_db_4218
 *(PERSIST_MEM.*)
                0x0000f000                PERSIST_MEM_END = .
                0x00009f9c                . = CS_START

CONFIG_STORE    0x00009f9c       0x3f
 *(CONFIG_STORE)
 CONFIG_STORE   0x00009f9c       0x3f C:\CSR_uEnergy_SDK-2.1.0\tools\lib\CSR100x\libgatt_lib.a(config_store.o)
                0x00009f9c                ___libgatt_lib_db_4150
 *(CONFIG_STORE.*)
                0x00009fdb                CS_END = .
                0x0000003f                CS_SIZE = (CS_END - CS_START)
                0x00009fdc                . = ((DATA_RAM_END - PRES_DATA_SIZE) - SLT_SIZE)

SLT             0x00009fdc        0x4
                0x00009fdc                SLT_START = .
 *(SLT)
 SLT            0x00009fdc        0x4 C:\CSR_uEnergy_SDK-2.1.0\tools\lib\CSR100x\libgatt_lib.a(slut.o)
                0x00009fdc                slut
 *(SLT.*)

.preserved      0x00009fe0        0x0
                0x00009fe0                PRESERVED_START = .
 *(PRES_DATA)
 *(PRES_DATA.*)
                0x00009f9c                STACK_END = CS_START
                0x00009c9c                . = ((STACK_END - ISTACK_SIZE) - USTACK_SIZE)

.stack          0x00009c9c      0x300
                0x00009c9c                STACK_START = .
                0x00009c9c                USTACK_START = .
                0x00009e9c                USTACK_END = (USTACK_START + USTACK_SIZE)
 *(USTACK)
 *(USTACK.*)
                0x00009e9c                . = USTACK_END
 *fill*         0x00009c9c      0x400 00
                0x00009e9c                ISTACK_START = .
                0x00009f9c                ISTACK_END = (ISTACK_START + ISTACK_SIZE)
 *(ISTACK)
 *(ISTACK.*)
                0x00009f9c                . = ISTACK_END
 *fill*         0x00009e9c      0x200 00
                0x00009c9c                ALIGNED_DATA_END = STACK_START
                0x000099e8                . = (ALIGNED_DATA_END - ALIGNED_SIZE)

.aligned_data   0x000099e8      0x2b4
                0x000099e8                ALIGNED_DATA_START = .
 *(EXCLUDE_FILE(*whitelist.o) ALIGN64)
 ALIGN64        0x000099e8      0x294 C:\CSR_uEnergy_SDK-2.1.0\tools\lib\CSR100x\libgatt_lib.a(halradio.o)
                0x00009b10                ___libgatt_lib_db_4076
                0x000099e8                ___libgatt_lib_db_4081
                0x00009b78                ___libgatt_lib_db_4078
                0x00009ae8                ___libgatt_lib_db_4075
                0x00009b18                ___libgatt_lib_db_4080
 *whitelist.o(ALIGN64)
 ALIGN64        0x00009c7c       0x20 C:\CSR_uEnergy_SDK-2.1.0\tools\lib\CSR100x\libgatt_lib.a(whitelist.o)
                0x00000000                . = PROG_START

.text           0x00000000     0x6661 load address 0x80000000
 *xap2crt0.o(.text)
 .text          0x00000000       0xbf C:\CSR_uEnergy_SDK-2.1.0\tools\lib\CSR100x\libgatt_lib.a(xap2crt0.o)
                0x00000000                reset_vector
                0x000000bd                ___libgatt_lib_db_3801
                0x0000008b                ___libgatt_lib_db_2828
 *xap2crt0.o(.text.*)
 *(.text)
 .text          0x000000bf        0xc C:\CSR_uEnergy_SDK-2.1.0\tools\lib\CSR100x\libgatt_lib.a(sm_ram.o)
                0x000000bf                ___libgatt_lib_db_431
                0x000000c3                SMFeaturesReq
 .text          0x000000cb      0x4c2 C:\CSR_uEnergy_SDK-2.1.0\tools\lib\CSR100x\libgatt_lib.a(sm.o)
                0x00000549                ___libgatt_lib_db_469
                0x00000249                ___libgatt_lib_db_475
                0x0000037d                ___libgatt_lib_db_477
                0x000002cd                ___libgatt_lib_db_474
                0x000000cb                ___libgatt_lib_db_471
                0x000000dd                SMInit
                0x00000271                ___libgatt_lib_db_476
                0x0000056c                ___libgatt_lib_db_468
                0x0000039e                ___libgatt_lib_db_478
                0x000000ee                ___libgatt_lib_db_473
                0x000001f3                ___libgatt_lib_db_470
                0x000001cd                ___libgatt_lib_db_472
                0x00000204                ___libgatt_lib_db_480
                0x000002d9                ___libgatt_lib_db_479
                0x0000038e                ___libgatt_lib_db_452
 .text          0x0000058d       0x25 C:\CSR_uEnergy_SDK-2.1.0\tools\lib\CSR100x\libgatt_lib.a(sm_config.o)
                0x00000596                SMSetMinEncKeySize
                0x00000590                SMSetMaxEncKeySize
                0x0000058d                SMSetIOCapabilities
                0x0000059c                ___libgatt_lib_db_486
 .text          0x000005b2       0x2a C:\CSR_uEnergy_SDK-2.1.0\tools\lib\CSR100x\libgatt_lib.a(memcpy_pack.o)
                0x000005b2                ___libgatt_lib_db_3831
                0x000005b2                MemCopyPack
 .text          0x000005dc       0x25 C:\CSR_uEnergy_SDK-2.1.0\tools\lib\CSR100x\libgatt_lib.a(memcpy_unpack.o)
                0x000005dc                MemCopyUnPack
                0x000005dc                ___libgatt_lib_db_3832
 .text          0x00000601        0xc C:\CSR_uEnergy_SDK-2.1.0\tools\lib\CSR100x\libgatt_lib.a(memset.o)
                0x00000601                ___libgatt_lib_db_3834
                0x00000601                MemSet
                0x00000601                ___libgatt_lib_db_3833
 .text          0x0000060d       0x4f C:\CSR_uEnergy_SDK-2.1.0\tools\lib\CSR100x\libgatt_lib.a(timeasm.o)
                0x00000621                TimeGet48WithOffset
                0x00000614                TimeGet48
                0x00000638                TimeIncrement48
                0x00000644                TimeSub48
                0x0000060d                TimeGet32
                0x00000612                TimeGet16
 .text          0x0000065c       0x10 C:\CSR_uEnergy_SDK-2.1.0\tools\lib\CSR100x\libgatt_lib.a(udiv3216.o)
                0x0000065c                ___libgatt_lib_db_3850
 .text          0x0000066c       0xe8 C:\CSR_uEnergy_SDK-2.1.0\tools\lib\CSR100x\libgatt_lib.a(patch.o)
                0x0000066c                ___libgatt_lib_db_4240
 .text          0x00000754      0x166 C:\CSR_uEnergy_SDK-2.1.0\tools\lib\CSR100x\libgatt_lib.a(sm_l2cap.o)
                0x00000754                ___libgatt_lib_db_391
                0x000007ab                ___libgatt_lib_db_389
                0x000007d5                ___libgatt_lib_db_385
                0x0000076a                ___libgatt_lib_db_386
                0x0000085d                ___libgatt_lib_db_384
                0x00000798                ___libgatt_lib_db_390
                0x000007c7                ___libgatt_lib_db_387
                0x0000077a                ___libgatt_lib_db_383
                0x000007e1                ___libgatt_lib_db_388
 .text          0x000008ba       0x53 C:\CSR_uEnergy_SDK-2.1.0\tools\lib\CSR100x\libgatt_lib.a(sm_static.o)
                0x00000901                ___libgatt_lib_db_400
                0x000008db                ___libgatt_lib_db_398
                0x000008ff                ___libgatt_lib_db_401
                0x000008c2                ___libgatt_lib_db_402
                0x000008ba                ___libgatt_lib_db_399
                0x000008ca                ___libgatt_lib_db_403
 .text          0x0000090d      0x155 C:\CSR_uEnergy_SDK-2.1.0\tools\lib\CSR100x\libgatt_lib.a(sm_pairing.o)
                0x00000985                ___libgatt_lib_db_420
                0x00000973                ___libgatt_lib_db_423
                0x000009a7                ___libgatt_lib_db_405
                0x00000a2f                ___libgatt_lib_db_417
                0x00000943                ___libgatt_lib_db_424
                0x000009ad                ___libgatt_lib_db_419
                0x0000093d                ___libgatt_lib_db_422
                0x00000a4e                ___libgatt_lib_db_418
                0x0000095f                ___libgatt_lib_db_421
                0x0000090d                ___libgatt_lib_db_425
                0x000009a1                ___libgatt_lib_db_404
 .text          0x00000a62       0xa8 C:\CSR_uEnergy_SDK-2.1.0\tools\lib\CSR100x\libgatt_lib.a(sm_host_interface.o)
                0x00000af3                SMRequestSecurityLevel
                0x00000abd                SMPasskeyInput
                0x00000a8b                ___libgatt_lib_db_442
                0x00000ab2                SMPasskeyInputNeg
                0x00000a62                ___libgatt_lib_db_441
                0x00000ad5                ___libgatt_lib_db_440
                0x00000a9c                ___libgatt_lib_db_439
 *(.text.*)
 .text.GattGetDatabase
                0x00000b0a        0x7 depend_Release_CSR100x\app_gatt_db.o
                0x00000b0a                GattGetDatabase
 .text.ntohl    0x00000b11       0x14 depend_Release_CSR100x\smart_band.o
 .text.clearTime
                0x00000b25       0x12 depend_Release_CSR100x\smart_band.o
 .text.pressLockerHandler
                0x00000b37        0x6 depend_Release_CSR100x\smart_band.o
 .text.releaseLockerHandler
                0x00000b3d        0x6 depend_Release_CSR100x\smart_band.o
 .text.AppPowerOnReset
                0x00000b43        0x1 depend_Release_CSR100x\smart_band.o
                0x00000b43                AppPowerOnReset
 .text.readTimerHandler
                0x00000b44        0xa depend_Release_CSR100x\smart_band.o
 .text.handleSignalGattAddDbCfm
                0x00000b4e       0xb3 depend_Release_CSR100x\smart_band.o
 .text.buzzerTimerHandler
                0x00000c01        0x4 depend_Release_CSR100x\smart_band.o
 .text.buzzer   0x00000c05       0x12 depend_Release_CSR100x\smart_band.o
 .text.buttonTimerHandler
                0x00000c17        0xc depend_Release_CSR100x\smart_band.o
 .text.spark    0x00000c23       0x12 depend_Release_CSR100x\smart_band.o
 .text.AppProcessSystemEvent
                0x00000c35       0x71 depend_Release_CSR100x\smart_band.o
                0x00000c35                AppProcessSystemEvent
 .text.metronomeHandler
                0x00000ca6       0xc2 depend_Release_CSR100x\smart_band.o
 .text.shockTimerHandler
                0x00000d68        0x4 depend_Release_CSR100x\smart_band.o
 .text.sparkStartTimerHandler
                0x00000d6c       0x16 depend_Release_CSR100x\smart_band.o
 .text.sparkStopTimerHandler
                0x00000d82       0x10 depend_Release_CSR100x\smart_band.o
 .text.AppProcessLmEvent
                0x00000d92      0x320 depend_Release_CSR100x\smart_band.o
                0x00000d92                AppProcessLmEvent
 .text.AppInit  0x000010b2       0xc2 depend_Release_CSR100x\smart_band.o
                0x000010b2                AppInit
 .text.GapSetMode
                0x00001174       0x3c C:\CSR_uEnergy_SDK-2.1.0\tools\lib\CSR100x\libgatt_lib.a(gap_app_if.o)
                0x00001174                GapSetMode
 .text.GapSetStaticAddress
                0x000011b0       0x17 C:\CSR_uEnergy_SDK-2.1.0\tools\lib\CSR100x\libgatt_lib.a(gap_app_if.o)
                0x000011b0                GapSetStaticAddress
 .text.GapSetRandomAddress
                0x000011c7       0x10 C:\CSR_uEnergy_SDK-2.1.0\tools\lib\CSR100x\libgatt_lib.a(gap_app_if.o)
                0x000011c7                GapSetRandomAddress
 .text.GAP_TGAP_to_slots
                0x000011d7        0x9 C:\CSR_uEnergy_SDK-2.1.0\tools\lib\CSR100x\libgatt_lib.a(gap_advertising_if.o)
 .text.GapSetAdvInterval
                0x000011e0       0x20 C:\CSR_uEnergy_SDK-2.1.0\tools\lib\CSR100x\libgatt_lib.a(gap_advertising_if.o)
                0x000011e0                GapSetAdvInterval
 .text.___libgatt_lib_db_19
                0x00001200        0xc C:\CSR_uEnergy_SDK-2.1.0\tools\lib\CSR100x\libgatt_lib.a(gap_ls_if.o)
                0x00001200                ___libgatt_lib_db_19
 .text.GapLsFindAdType
                0x0000120c       0x37 C:\CSR_uEnergy_SDK-2.1.0\tools\lib\CSR100x\libgatt_lib.a(gap_ls_if.o)
                0x0000120c                GapLsFindAdType
 .text.LsStartStopAdvertise
                0x00001243       0x91 C:\CSR_uEnergy_SDK-2.1.0\tools\lib\CSR100x\libgatt_lib.a(ls_advertising_if.o)
                0x00001243                LsStartStopAdvertise
 .text.advertising_timer_handler
                0x000012d4        0xe C:\CSR_uEnergy_SDK-2.1.0\tools\lib\CSR100x\libgatt_lib.a(ls_advertising_if.o)
 .text.LsStoreAdvScanData
                0x000012e2       0x59 C:\CSR_uEnergy_SDK-2.1.0\tools\lib\CSR100x\libgatt_lib.a(ls_advertising_if.o)
                0x000012e2                LsStoreAdvScanData
 .text.LsReadTransmitPowerLevel
                0x0000133b        0x8 C:\CSR_uEnergy_SDK-2.1.0\tools\lib\CSR100x\libgatt_lib.a(ls_app_if.o)
                0x0000133b                LsReadTransmitPowerLevel
 .text.LsAddWhiteListDevice
                0x00001343        0x9 C:\CSR_uEnergy_SDK-2.1.0\tools\lib\CSR100x\libgatt_lib.a(ls_app_if.o)
                0x00001343                LsAddWhiteListDevice
 .text.___libgatt_lib_db_40
                0x0000134c        0xf C:\CSR_uEnergy_SDK-2.1.0\tools\lib\CSR100x\libgatt_lib.a(ls_con_db.o)
                0x0000134c                ___libgatt_lib_db_40
 .text.___libgatt_lib_db_43
                0x0000135b       0x4e C:\CSR_uEnergy_SDK-2.1.0\tools\lib\CSR100x\libgatt_lib.a(ls_con_db.o)
                0x0000135b                ___libgatt_lib_db_43
 .text.___libgatt_lib_db_42
                0x000013a9       0x3e C:\CSR_uEnergy_SDK-2.1.0\tools\lib\CSR100x\libgatt_lib.a(ls_con_db.o)
                0x000013a9                ___libgatt_lib_db_42
 .text.___libgatt_lib_db_44
                0x000013e7       0x15 C:\CSR_uEnergy_SDK-2.1.0\tools\lib\CSR100x\libgatt_lib.a(ls_con_db.o)
                0x000013e7                ___libgatt_lib_db_44
 .text.___libgatt_lib_db_39
                0x000013fc       0x24 C:\CSR_uEnergy_SDK-2.1.0\tools\lib\CSR100x\libgatt_lib.a(ls_con_db.o)
                0x000013fc                ___libgatt_lib_db_39
 .text.___libgatt_lib_db_45
                0x00001420       0x13 C:\CSR_uEnergy_SDK-2.1.0\tools\lib\CSR100x\libgatt_lib.a(ls_con_db.o)
                0x00001420                ___libgatt_lib_db_45
 .text.___libgatt_lib_db_46
                0x00001433        0xb C:\CSR_uEnergy_SDK-2.1.0\tools\lib\CSR100x\libgatt_lib.a(ls_con_db.o)
                0x00001433                ___libgatt_lib_db_46
 .text.___libgatt_lib_db_47
                0x0000143e        0xd C:\CSR_uEnergy_SDK-2.1.0\tools\lib\CSR100x\libgatt_lib.a(ls_con_db.o)
                0x0000143e                ___libgatt_lib_db_47
 .text.___libgatt_lib_db_41
                0x0000144b        0xa C:\CSR_uEnergy_SDK-2.1.0\tools\lib\CSR100x\libgatt_lib.a(ls_con_db.o)
                0x0000144b                ___libgatt_lib_db_41
 .text.___libgatt_lib_db_70
                0x00001455        0x8 C:\CSR_uEnergy_SDK-2.1.0\tools\lib\CSR100x\libgatt_lib.a(ls_con_mgmt.o)
                0x00001455                ___libgatt_lib_db_70
 .text.___libgatt_lib_db_57
                0x0000145d       0x34 C:\CSR_uEnergy_SDK-2.1.0\tools\lib\CSR100x\libgatt_lib.a(ls_con_mgmt.o)
                0x0000145d                ___libgatt_lib_db_57
 .text.___libgatt_lib_db_61
                0x00001491       0x1c C:\CSR_uEnergy_SDK-2.1.0\tools\lib\CSR100x\libgatt_lib.a(ls_con_mgmt.o)
                0x00001491                ___libgatt_lib_db_61
 .text.___libgatt_lib_db_63
                0x000014ad       0x48 C:\CSR_uEnergy_SDK-2.1.0\tools\lib\CSR100x\libgatt_lib.a(ls_con_mgmt.o)
                0x000014ad                ___libgatt_lib_db_63
 .text.___libgatt_lib_db_62
                0x000014f5       0x11 C:\CSR_uEnergy_SDK-2.1.0\tools\lib\CSR100x\libgatt_lib.a(ls_con_mgmt.o)
                0x000014f5                ___libgatt_lib_db_62
 .text.___libgatt_lib_db_124
                0x00001506       0x26 C:\CSR_uEnergy_SDK-2.1.0\tools\lib\CSR100x\libgatt_lib.a(l2cap_ls_if.o)
                0x00001506                ___libgatt_lib_db_124
 .text.___libgatt_lib_db_125
                0x0000152c       0x31 C:\CSR_uEnergy_SDK-2.1.0\tools\lib\CSR100x\libgatt_lib.a(l2cap_ls_if.o)
                0x0000152c                ___libgatt_lib_db_125
 .text.___libgatt_lib_db_123
                0x0000155d       0x2c C:\CSR_uEnergy_SDK-2.1.0\tools\lib\CSR100x\libgatt_lib.a(l2cap_ls_if.o)
                0x0000155d                ___libgatt_lib_db_123
 .text.___libgatt_lib_db_132
                0x00001589       0x17 C:\CSR_uEnergy_SDK-2.1.0\tools\lib\CSR100x\libgatt_lib.a(l2cap_sig_handler.o)
                0x00001589                ___libgatt_lib_db_132
 .text.send_le_signal_command_reject
                0x000015a0       0x23 C:\CSR_uEnergy_SDK-2.1.0\tools\lib\CSR100x\libgatt_lib.a(l2cap_sig_handler.o)
 .text.___libgatt_lib_db_133
                0x000015c3       0x80 C:\CSR_uEnergy_SDK-2.1.0\tools\lib\CSR100x\libgatt_lib.a(l2cap_sig_handler.o)
                0x000015c3                ___libgatt_lib_db_133
 .text.___libgatt_lib_db_316
                0x00001643       0x19 C:\CSR_uEnergy_SDK-2.1.0\tools\lib\CSR100x\libgatt_lib.a(gatt.o)
                0x00001643                ___libgatt_lib_db_316
 .text.___libgatt_lib_db_315
                0x0000165c       0x1b C:\CSR_uEnergy_SDK-2.1.0\tools\lib\CSR100x\libgatt_lib.a(gatt.o)
                0x0000165c                ___libgatt_lib_db_315
 .text.___libgatt_lib_db_312
                0x00001677       0x11 C:\CSR_uEnergy_SDK-2.1.0\tools\lib\CSR100x\libgatt_lib.a(gatt.o)
                0x00001677                ___libgatt_lib_db_312
 .text.___libgatt_lib_db_314
                0x00001688       0x20 C:\CSR_uEnergy_SDK-2.1.0\tools\lib\CSR100x\libgatt_lib.a(gatt.o)
                0x00001688                ___libgatt_lib_db_314
 .text.___libgatt_lib_db_313
                0x000016a8       0x26 C:\CSR_uEnergy_SDK-2.1.0\tools\lib\CSR100x\libgatt_lib.a(gatt.o)
                0x000016a8                ___libgatt_lib_db_313
 .text.GattConnectReq
                0x000016ce        0x2 C:\CSR_uEnergy_SDK-2.1.0\tools\lib\CSR100x\libgatt_lib.a(gatt.o)
                0x000016ce                GattConnectReq
 .text.GattInit
                0x000016d0       0x18 C:\CSR_uEnergy_SDK-2.1.0\tools\lib\CSR100x\libgatt_lib.a(gatt.o)
                0x000016d0                GattInit
 .text.GattInstallClientRole
                0x000016e8        0x6 C:\CSR_uEnergy_SDK-2.1.0\tools\lib\CSR100x\libgatt_lib.a(gatt_client.o)
                0x000016e8                GattInstallClientRole
 .text.GattDiscoverServiceChar
                0x000016ee       0x37 C:\CSR_uEnergy_SDK-2.1.0\tools\lib\CSR100x\libgatt_lib.a(gatt_client_disc_char.o)
                0x000016ee                GattDiscoverServiceChar
 .text.GattDiscoverServiceChar_handler
                0x00001725       0xc0 C:\CSR_uEnergy_SDK-2.1.0\tools\lib\CSR100x\libgatt_lib.a(gatt_client_disc_char.o)
 .text.___libgatt_lib_db_345
                0x000017e5       0x38 C:\CSR_uEnergy_SDK-2.1.0\tools\lib\CSR100x\libgatt_lib.a(gatt_client_indications.o)
                0x000017e5                ___libgatt_lib_db_345
 .text.GattAccessRsp
                0x0000181d       0x15 C:\CSR_uEnergy_SDK-2.1.0\tools\lib\CSR100x\libgatt_lib.a(gatt_server.o)
                0x0000181d                GattAccessRsp
 .text.___libgatt_lib_db_347
                0x00001832       0x3c C:\CSR_uEnergy_SDK-2.1.0\tools\lib\CSR100x\libgatt_lib.a(gatt_server.o)
                0x00001832                ___libgatt_lib_db_347
 .text.___libgatt_lib_db_348
                0x0000186e        0xf C:\CSR_uEnergy_SDK-2.1.0\tools\lib\CSR100x\libgatt_lib.a(gatt_server.o)
                0x0000186e                ___libgatt_lib_db_348
 .text.GattAddDatabaseReq
                0x0000187d       0x14 C:\CSR_uEnergy_SDK-2.1.0\tools\lib\CSR100x\libgatt_lib.a(gatt_server.o)
                0x0000187d                GattAddDatabaseReq
 .text.GattInstallServerWrite
                0x00001891        0x2 C:\CSR_uEnergy_SDK-2.1.0\tools\lib\CSR100x\libgatt_lib.a(gatt_server_write.o)
                0x00001891                GattInstallServerWrite
 .text.gatt_char_value_req
                0x00001893       0x25 C:\CSR_uEnergy_SDK-2.1.0\tools\lib\CSR100x\libgatt_lib.a(gatt_server_indications.o)
 .text.gatt_char_val_ind_cfm
                0x000018b8       0x19 C:\CSR_uEnergy_SDK-2.1.0\tools\lib\CSR100x\libgatt_lib.a(gatt_server_indications.o)
 .text.GattCharValueNotification_handler
                0x000018d1       0x28 C:\CSR_uEnergy_SDK-2.1.0\tools\lib\CSR100x\libgatt_lib.a(gatt_server_indications.o)
 .text.GattCharValueNotification
                0x000018f9       0x1b C:\CSR_uEnergy_SDK-2.1.0\tools\lib\CSR100x\libgatt_lib.a(gatt_server_indications.o)
                0x000018f9                GattCharValueNotification
 .text.___libgatt_lib_db_362
                0x00001914        0xf C:\CSR_uEnergy_SDK-2.1.0\tools\lib\CSR100x\libgatt_lib.a(gatt_common.o)
                0x00001914                ___libgatt_lib_db_362
 .text.___libgatt_lib_db_360
                0x00001923       0x16 C:\CSR_uEnergy_SDK-2.1.0\tools\lib\CSR100x\libgatt_lib.a(gatt_common.o)
                0x00001923                ___libgatt_lib_db_360
 .text.___libgatt_lib_db_361
                0x00001939       0x1c C:\CSR_uEnergy_SDK-2.1.0\tools\lib\CSR100x\libgatt_lib.a(gatt_common.o)
                0x00001939                ___libgatt_lib_db_361
 .text.___libgatt_lib_db_364
                0x00001955       0x15 C:\CSR_uEnergy_SDK-2.1.0\tools\lib\CSR100x\libgatt_lib.a(gatt_common.o)
                0x00001955                ___libgatt_lib_db_364
 .text.___libgatt_lib_db_371
                0x0000196a       0x21 C:\CSR_uEnergy_SDK-2.1.0\tools\lib\CSR100x\libgatt_lib.a(gatt_common.o)
                0x0000196a                ___libgatt_lib_db_371
 .text.___libgatt_lib_db_363
                0x0000198b       0x1b C:\CSR_uEnergy_SDK-2.1.0\tools\lib\CSR100x\libgatt_lib.a(gatt_common.o)
                0x0000198b                ___libgatt_lib_db_363
 .text.___libgatt_lib_db_372
                0x000019a6       0x49 C:\CSR_uEnergy_SDK-2.1.0\tools\lib\CSR100x\libgatt_lib.a(gatt_att_if.o)
                0x000019a6                ___libgatt_lib_db_372
 .text.DebugWriteString
                0x000019ef        0x9 C:\CSR_uEnergy_SDK-2.1.0\tools\lib\CSR100x\libgatt_lib.a(debug.o)
                0x000019ef                DebugWriteString
 .text.write_uint_n
                0x000019f8       0x30 C:\CSR_uEnergy_SDK-2.1.0\tools\lib\CSR100x\libgatt_lib.a(debug.o)
 .text.DebugWriteUint32
                0x00001a28        0x7 C:\CSR_uEnergy_SDK-2.1.0\tools\lib\CSR100x\libgatt_lib.a(debug.o)
                0x00001a28                DebugWriteUint32
 .text.DebugWriteUint16
                0x00001a2f        0x6 C:\CSR_uEnergy_SDK-2.1.0\tools\lib\CSR100x\libgatt_lib.a(debug.o)
                0x00001a2f                DebugWriteUint16
 .text.DebugWriteUint8
                0x00001a35        0x6 C:\CSR_uEnergy_SDK-2.1.0\tools\lib\CSR100x\libgatt_lib.a(debug.o)
                0x00001a35                DebugWriteUint8
 .text.DebugInit
                0x00001a3b       0x1e C:\CSR_uEnergy_SDK-2.1.0\tools\lib\CSR100x\libgatt_lib.a(debug.o)
                0x00001a3b                DebugInit
 .text.___libgatt_lib_db_3809
                0x00001a59       0x1e C:\CSR_uEnergy_SDK-2.1.0\tools\lib\CSR100x\libgatt_lib.a(memcmp.o)
                0x00001a59                MemCmp
                0x00001a59                ___libgatt_lib_db_3809
 .text.___libgatt_lib_db_3814
                0x00001a77        0xb C:\CSR_uEnergy_SDK-2.1.0\tools\lib\CSR100x\libgatt_lib.a(strlen.o)
                0x00001a77                ___libgatt_lib_db_3814
                0x00001a77                StrLen
 .text.__udivhi3
                0x00001a82        0x1 C:\CSR_uEnergy_SDK-2.1.0\tools\lib\CSR100x\libgatt_lib.a(udiv.o)
                0x00001a82                __udivhi3
 .text.___libgatt_lib_db_3844
                0x00001a83       0x56 C:\CSR_uEnergy_SDK-2.1.0\tools\lib\CSR100x\libgatt_lib.a(udiv3232.o)
                0x00001a83                ___libgatt_lib_db_3844
 .text.__umodhi3
                0x00001ad9       0x28 C:\CSR_uEnergy_SDK-2.1.0\tools\lib\CSR100x\libgatt_lib.a(umod.o)
                0x00001ad9                __umodhi3
 .text.___libgatt_lib_db_3866
                0x00001b01        0x5 C:\CSR_uEnergy_SDK-2.1.0\tools\lib\CSR100x\libgatt_lib.a(lm_hci_events.o)
                0x00001b01                ___libgatt_lib_db_3866
 .text.___libgatt_lib_db_3865
                0x00001b06        0x1 C:\CSR_uEnergy_SDK-2.1.0\tools\lib\CSR100x\libgatt_lib.a(lm_hci_events.o)
                0x00001b06                ___libgatt_lib_db_3865
 .text.___libgatt_lib_db_3870
                0x00001b07       0x30 C:\CSR_uEnergy_SDK-2.1.0\tools\lib\CSR100x\libgatt_lib.a(lm_hci_events.o)
                0x00001b07                ___libgatt_lib_db_3870
 .text.lm_create_bulk_event
                0x00001b37       0x10 C:\CSR_uEnergy_SDK-2.1.0\tools\lib\CSR100x\libgatt_lib.a(lm_hci_events.o)
 .text.___libgatt_lib_db_3871
                0x00001b47        0xb C:\CSR_uEnergy_SDK-2.1.0\tools\lib\CSR100x\libgatt_lib.a(lm_hci_events.o)
                0x00001b47                ___libgatt_lib_db_3871
 .text.___libgatt_lib_db_3869
                0x00001b52       0x25 C:\CSR_uEnergy_SDK-2.1.0\tools\lib\CSR100x\libgatt_lib.a(lm_hci_events.o)
                0x00001b52                ___libgatt_lib_db_3869
 .text.___libgatt_lib_db_3880
                0x00001b77       0x5d C:\CSR_uEnergy_SDK-2.1.0\tools\lib\CSR100x\libgatt_lib.a(lm_hci_events.o)
                0x00001b77                ___libgatt_lib_db_3880
 .text.___libgatt_lib_db_3868
                0x00001bd4       0x32 C:\CSR_uEnergy_SDK-2.1.0\tools\lib\CSR100x\libgatt_lib.a(lm_hci_events.o)
                0x00001bd4                ___libgatt_lib_db_3868
 .text.___libgatt_lib_db_3867
                0x00001c06       0x23 C:\CSR_uEnergy_SDK-2.1.0\tools\lib\CSR100x\libgatt_lib.a(lm_hci_events.o)
                0x00001c06                ___libgatt_lib_db_3867
 .text.___libgatt_lib_db_3876
                0x00001c29        0xd C:\CSR_uEnergy_SDK-2.1.0\tools\lib\CSR100x\libgatt_lib.a(lm_hci_events.o)
                0x00001c29                ___libgatt_lib_db_3876
 .text.___libgatt_lib_db_3879
                0x00001c36       0x1d C:\CSR_uEnergy_SDK-2.1.0\tools\lib\CSR100x\libgatt_lib.a(lm_hci_events.o)
                0x00001c36                ___libgatt_lib_db_3879
 .text.___libgatt_lib_db_3873
                0x00001c53       0x18 C:\CSR_uEnergy_SDK-2.1.0\tools\lib\CSR100x\libgatt_lib.a(lm_hci_events.o)
                0x00001c53                ___libgatt_lib_db_3873
 .text.___libgatt_lib_db_3875
                0x00001c6b       0x10 C:\CSR_uEnergy_SDK-2.1.0\tools\lib\CSR100x\libgatt_lib.a(lm_hci_events.o)
                0x00001c6b                ___libgatt_lib_db_3875
 .text.___libgatt_lib_db_3874
                0x00001c7b       0x12 C:\CSR_uEnergy_SDK-2.1.0\tools\lib\CSR100x\libgatt_lib.a(lm_hci_events.o)
                0x00001c7b                ___libgatt_lib_db_3874
 .text.___libgatt_lib_db_3884
                0x00001c8d       0x17 C:\CSR_uEnergy_SDK-2.1.0\tools\lib\CSR100x\libgatt_lib.a(lm_hci_events.o)
                0x00001c8d                ___libgatt_lib_db_3884
 .text.___libgatt_lib_db_3883
                0x00001ca4       0x18 C:\CSR_uEnergy_SDK-2.1.0\tools\lib\CSR100x\libgatt_lib.a(lm_hci_events.o)
                0x00001ca4                ___libgatt_lib_db_3883
 .text.___libgatt_lib_db_3882
                0x00001cbc       0x17 C:\CSR_uEnergy_SDK-2.1.0\tools\lib\CSR100x\libgatt_lib.a(lm_hci_events.o)
                0x00001cbc                ___libgatt_lib_db_3882
 .text.___libgatt_lib_db_3881
                0x00001cd3       0x29 C:\CSR_uEnergy_SDK-2.1.0\tools\lib\CSR100x\libgatt_lib.a(lm_hci_events.o)
                0x00001cd3                ___libgatt_lib_db_3881
 .text.___libgatt_lib_db_3878
                0x00001cfc       0x3b C:\CSR_uEnergy_SDK-2.1.0\tools\lib\CSR100x\libgatt_lib.a(lm_hci_events.o)
                0x00001cfc                ___libgatt_lib_db_3878
 .text.Random16
                0x00001d37       0x1b C:\CSR_uEnergy_SDK-2.1.0\tools\lib\CSR100x\libgatt_lib.a(random.o)
                0x00001d37                Random16
 .text.le_assign_handle
                0x00001d52       0x15 C:\CSR_uEnergy_SDK-2.1.0\tools\lib\CSR100x\libgatt_lib.a(george.o)
 .text.le_convert_george_to_handle
                0x00001d67        0x6 C:\CSR_uEnergy_SDK-2.1.0\tools\lib\CSR100x\libgatt_lib.a(george.o)
 .text.___libgatt_lib_db_3915
                0x00001d6d        0xe C:\CSR_uEnergy_SDK-2.1.0\tools\lib\CSR100x\libgatt_lib.a(george.o)
                0x00001d6d                ___libgatt_lib_db_3915
 .text.___libgatt_lib_db_3922
                0x00001d7b        0xf C:\CSR_uEnergy_SDK-2.1.0\tools\lib\CSR100x\libgatt_lib.a(george.o)
                0x00001d7b                ___libgatt_lib_db_3922
 .text.___libgatt_lib_db_3929
                0x00001d8a        0xe C:\CSR_uEnergy_SDK-2.1.0\tools\lib\CSR100x\libgatt_lib.a(george.o)
                0x00001d8a                ___libgatt_lib_db_3929
 .text.___libgatt_lib_db_3937
                0x00001d98       0x19 C:\CSR_uEnergy_SDK-2.1.0\tools\lib\CSR100x\libgatt_lib.a(george.o)
                0x00001d98                ___libgatt_lib_db_3937
 .text.___libgatt_lib_db_3913
                0x00001db1        0x5 C:\CSR_uEnergy_SDK-2.1.0\tools\lib\CSR100x\libgatt_lib.a(george.o)
                0x00001db1                ___libgatt_lib_db_3913
 .text.___libgatt_lib_db_3930
                0x00001db6       0x16 C:\CSR_uEnergy_SDK-2.1.0\tools\lib\CSR100x\libgatt_lib.a(george.o)
                0x00001db6                ___libgatt_lib_db_3930
 .text.___libgatt_lib_db_3938
                0x00001dcc       0x14 C:\CSR_uEnergy_SDK-2.1.0\tools\lib\CSR100x\libgatt_lib.a(george.o)
                0x00001dcc                ___libgatt_lib_db_3938
 .text.___libgatt_lib_db_3925
                0x00001de0       0x1d C:\CSR_uEnergy_SDK-2.1.0\tools\lib\CSR100x\libgatt_lib.a(george.o)
                0x00001de0                ___libgatt_lib_db_3925
 .text.___libgatt_lib_db_3923
                0x00001dfd        0x2 C:\CSR_uEnergy_SDK-2.1.0\tools\lib\CSR100x\libgatt_lib.a(george.o)
                0x00001dfd                ___libgatt_lib_db_3923
 .text.get_update_instant
                0x00001dff       0x12 C:\CSR_uEnergy_SDK-2.1.0\tools\lib\CSR100x\libgatt_lib.a(george.o)
 .text.cancel_local_prt
                0x00001e11        0xe C:\CSR_uEnergy_SDK-2.1.0\tools\lib\CSR100x\libgatt_lib.a(george.o)
 .text.le_radio_event_ind
                0x00001e1f       0x5c C:\CSR_uEnergy_SDK-2.1.0\tools\lib\CSR100x\libgatt_lib.a(george.o)
 .text.initiate_connection_update
                0x00001e7b       0x90 C:\CSR_uEnergy_SDK-2.1.0\tools\lib\CSR100x\libgatt_lib.a(george.o)
 .text.reject_encryption_pdu
                0x00001f0b        0xc C:\CSR_uEnergy_SDK-2.1.0\tools\lib\CSR100x\libgatt_lib.a(george.o)
 .text.initiate_channel_map_update
                0x00001f17       0x47 C:\CSR_uEnergy_SDK-2.1.0\tools\lib\CSR100x\libgatt_lib.a(george.o)
 .text.le_send_feature_info
                0x00001f5e       0x10 C:\CSR_uEnergy_SDK-2.1.0\tools\lib\CSR100x\libgatt_lib.a(george.o)
 .text.restart_local_prt
                0x00001f6e        0xf C:\CSR_uEnergy_SDK-2.1.0\tools\lib\CSR100x\libgatt_lib.a(george.o)
 .text.___libgatt_lib_db_3911
                0x00001f7d       0x44 C:\CSR_uEnergy_SDK-2.1.0\tools\lib\CSR100x\libgatt_lib.a(george.o)
                0x00001f7d                ___libgatt_lib_db_3911
 .text.___libgatt_lib_db_3920
                0x00001fc1       0x31 C:\CSR_uEnergy_SDK-2.1.0\tools\lib\CSR100x\libgatt_lib.a(george.o)
                0x00001fc1                ___libgatt_lib_db_3920
 .text.___libgatt_lib_db_3918
                0x00001ff2        0x9 C:\CSR_uEnergy_SDK-2.1.0\tools\lib\CSR100x\libgatt_lib.a(george.o)
                0x00001ff2                ___libgatt_lib_db_3918
 .text.send_version_info_to_host
                0x00001ffb       0x10 C:\CSR_uEnergy_SDK-2.1.0\tools\lib\CSR100x\libgatt_lib.a(george.o)
 .text.le_send_version_info
                0x0000200b       0x13 C:\CSR_uEnergy_SDK-2.1.0\tools\lib\CSR100x\libgatt_lib.a(george.o)
 .text.le_start_queued_procedure_or_cancel
                0x0000201e       0x2e C:\CSR_uEnergy_SDK-2.1.0\tools\lib\CSR100x\libgatt_lib.a(george.o)
 .text.le_reset_george
                0x0000204c       0xf9 C:\CSR_uEnergy_SDK-2.1.0\tools\lib\CSR100x\libgatt_lib.a(george.o)
 .text.local_prt_timeout
                0x00002145       0x47 C:\CSR_uEnergy_SDK-2.1.0\tools\lib\CSR100x\libgatt_lib.a(george.o)
 .text.le_connection_timeout
                0x0000218c       0x38 C:\CSR_uEnergy_SDK-2.1.0\tools\lib\CSR100x\libgatt_lib.a(george.o)
 .text.le_rx_control_packet
                0x000021c4      0x32d C:\CSR_uEnergy_SDK-2.1.0\tools\lib\CSR100x\libgatt_lib.a(george.o)
 .text.le_rx_event_handler
                0x000024f1      0x14e C:\CSR_uEnergy_SDK-2.1.0\tools\lib\CSR100x\libgatt_lib.a(george.o)
 .text.le_connection_complete
                0x0000263f       0x76 C:\CSR_uEnergy_SDK-2.1.0\tools\lib\CSR100x\libgatt_lib.a(george.o)
 .text.___libgatt_lib_db_3932
                0x000026b5       0x1f C:\CSR_uEnergy_SDK-2.1.0\tools\lib\CSR100x\libgatt_lib.a(george.o)
                0x000026b5                ___libgatt_lib_db_3932
 .text.le_handle_event
                0x000026d4      0x116 C:\CSR_uEnergy_SDK-2.1.0\tools\lib\CSR100x\libgatt_lib.a(george.o)
 .text.___libgatt_lib_db_3910
                0x000027ea        0x7 C:\CSR_uEnergy_SDK-2.1.0\tools\lib\CSR100x\libgatt_lib.a(george.o)
                0x000027ea                ___libgatt_lib_db_3910
 .text.___libgatt_lib_db_3909
                0x000027f1        0x7 C:\CSR_uEnergy_SDK-2.1.0\tools\lib\CSR100x\libgatt_lib.a(george.o)
                0x000027f1                ___libgatt_lib_db_3909
 .text.___libgatt_lib_db_3912
                0x000027f8       0x21 C:\CSR_uEnergy_SDK-2.1.0\tools\lib\CSR100x\libgatt_lib.a(george.o)
                0x000027f8                ___libgatt_lib_db_3912
 .text.___libgatt_lib_db_3933
                0x00002819        0xb C:\CSR_uEnergy_SDK-2.1.0\tools\lib\CSR100x\libgatt_lib.a(george.o)
                0x00002819                ___libgatt_lib_db_3933
 .text.___libgatt_lib_db_3936
                0x00002824       0x38 C:\CSR_uEnergy_SDK-2.1.0\tools\lib\CSR100x\libgatt_lib.a(george.o)
                0x00002824                ___libgatt_lib_db_3936
 .text.___libgatt_lib_db_3916
                0x0000285c      0x1ae C:\CSR_uEnergy_SDK-2.1.0\tools\lib\CSR100x\libgatt_lib.a(george.o)
                0x0000285c                ___libgatt_lib_db_3916
 .text.___libgatt_lib_db_3935
                0x00002a0a       0x11 C:\CSR_uEnergy_SDK-2.1.0\tools\lib\CSR100x\libgatt_lib.a(george.o)
                0x00002a0a                ___libgatt_lib_db_3935
 .text.___libgatt_lib_db_3928
                0x00002a1b       0x4a C:\CSR_uEnergy_SDK-2.1.0\tools\lib\CSR100x\libgatt_lib.a(george.o)
                0x00002a1b                ___libgatt_lib_db_3928
 .text.___libgatt_lib_db_3970
                0x00002a65       0x1e C:\CSR_uEnergy_SDK-2.1.0\tools\lib\CSR100x\libgatt_lib.a(george_ll.o)
                0x00002a65                ___libgatt_lib_db_3970
 .text.le_send_ll_connection_update_req
                0x00002a83       0x1e C:\CSR_uEnergy_SDK-2.1.0\tools\lib\CSR100x\libgatt_lib.a(george_ll.o)
 .text.le_send_ll_channel_map_req
                0x00002aa1       0x1b C:\CSR_uEnergy_SDK-2.1.0\tools\lib\CSR100x\libgatt_lib.a(george_ll.o)
 .text.le_send_ll_terminate_ind
                0x00002abc        0x9 C:\CSR_uEnergy_SDK-2.1.0\tools\lib\CSR100x\libgatt_lib.a(george_ll.o)
 .text.le_send_ll_unknown_rsp
                0x00002ac5        0x9 C:\CSR_uEnergy_SDK-2.1.0\tools\lib\CSR100x\libgatt_lib.a(george_ll.o)
 .text.le_send_ll_feature_req
                0x00002ace       0x20 C:\CSR_uEnergy_SDK-2.1.0\tools\lib\CSR100x\libgatt_lib.a(george_ll.o)
 .text.le_send_ll_feature_rsp
                0x00002aee       0x20 C:\CSR_uEnergy_SDK-2.1.0\tools\lib\CSR100x\libgatt_lib.a(george_ll.o)
 .text.le_send_ll_version_ind
                0x00002b0e       0x12 C:\CSR_uEnergy_SDK-2.1.0\tools\lib\CSR100x\libgatt_lib.a(george_ll.o)
 .text.le_send_ll_reject_ind
                0x00002b20        0x9 C:\CSR_uEnergy_SDK-2.1.0\tools\lib\CSR100x\libgatt_lib.a(george_ll.o)
 .text.___libgatt_lib_db_3969
                0x00002b29       0x3c C:\CSR_uEnergy_SDK-2.1.0\tools\lib\CSR100x\libgatt_lib.a(george_ll.o)
                0x00002b29                ___libgatt_lib_db_3969
 .text.le_process_queue
                0x00002b65       0xed C:\CSR_uEnergy_SDK-2.1.0\tools\lib\CSR100x\libgatt_lib.a(george_ll.o)
 .text.___libgatt_lib_db_3971
                0x00002c52       0x38 C:\CSR_uEnergy_SDK-2.1.0\tools\lib\CSR100x\libgatt_lib.a(george_ll.o)
                0x00002c52                ___libgatt_lib_db_3971
 .text.___libgatt_lib_db_3973
                0x00002c8a       0x58 C:\CSR_uEnergy_SDK-2.1.0\tools\lib\CSR100x\libgatt_lib.a(george_ll.o)
                0x00002c8a                ___libgatt_lib_db_3973
 .text.le_send_ll_enc_rsp
                0x00002ce2       0x19 C:\CSR_uEnergy_SDK-2.1.0\tools\lib\CSR100x\libgatt_lib.a(george_ll.o)
 .text.le_send_ll_enc_req
                0x00002cfb       0x2e C:\CSR_uEnergy_SDK-2.1.0\tools\lib\CSR100x\libgatt_lib.a(george_ll.o)
 .text.___libgatt_lib_db_3972
                0x00002d29       0x34 C:\CSR_uEnergy_SDK-2.1.0\tools\lib\CSR100x\libgatt_lib.a(george_ll.o)
                0x00002d29                ___libgatt_lib_db_3972
 .text.find_compatible_interval
                0x00002d5d       0x68 C:\CSR_uEnergy_SDK-2.1.0\tools\lib\CSR100x\libgatt_lib.a(george_intervals.o)
 .text.find_compatible_anchor
                0x00002dc5       0x6c C:\CSR_uEnergy_SDK-2.1.0\tools\lib\CSR100x\libgatt_lib.a(george_intervals.o)
 .text.___libgatt_lib_db_3979
                0x00002e31       0x80 C:\CSR_uEnergy_SDK-2.1.0\tools\lib\CSR100x\libgatt_lib.a(george_intervals.o)
                0x00002e31                ___libgatt_lib_db_3979
 .text.___libgatt_lib_db_3992
                0x00002eb1        0x3 C:\CSR_uEnergy_SDK-2.1.0\tools\lib\CSR100x\libgatt_lib.a(george_adv.o)
                0x00002eb1                ___libgatt_lib_db_3992
 .text.___libgatt_lib_db_3991
                0x00002eb4       0xc1 C:\CSR_uEnergy_SDK-2.1.0\tools\lib\CSR100x\libgatt_lib.a(george_adv.o)
                0x00002eb4                ___libgatt_lib_db_3991
 .text.ls_directed_advert_timeout
                0x00002f75       0x25 C:\CSR_uEnergy_SDK-2.1.0\tools\lib\CSR100x\libgatt_lib.a(george_adv.o)
 .text.___libgatt_lib_db_3989
                0x00002f9a       0x8b C:\CSR_uEnergy_SDK-2.1.0\tools\lib\CSR100x\libgatt_lib.a(george_adv.o)
                0x00002f9a                ___libgatt_lib_db_3989
 .text.___libgatt_lib_db_3990
                0x00003025       0x87 C:\CSR_uEnergy_SDK-2.1.0\tools\lib\CSR100x\libgatt_lib.a(george_adv.o)
                0x00003025                ___libgatt_lib_db_3990
 .text.___libgatt_lib_db_4003
                0x000030ac        0x4 C:\CSR_uEnergy_SDK-2.1.0\tools\lib\CSR100x\libgatt_lib.a(encryption.o)
                0x000030ac                ___libgatt_lib_db_4003
 .text.___libgatt_lib_db_4005
                0x000030b0       0x33 C:\CSR_uEnergy_SDK-2.1.0\tools\lib\CSR100x\libgatt_lib.a(encryption.o)
                0x000030b0                ___libgatt_lib_db_4005
 .text.___libgatt_lib_db_4007
                0x000030e3       0x56 C:\CSR_uEnergy_SDK-2.1.0\tools\lib\CSR100x\libgatt_lib.a(encryption.o)
                0x000030e3                ___libgatt_lib_db_4007
 .text.___libgatt_lib_db_4008
                0x00003139       0x78 C:\CSR_uEnergy_SDK-2.1.0\tools\lib\CSR100x\libgatt_lib.a(encryption.o)
                0x00003139                ___libgatt_lib_db_4008
 .text.___libgatt_lib_db_4006
                0x000031b1       0x4d C:\CSR_uEnergy_SDK-2.1.0\tools\lib\CSR100x\libgatt_lib.a(encryption.o)
                0x000031b1                ___libgatt_lib_db_4006
 .text.whitelist_update_permitted
                0x000031fe       0x2b C:\CSR_uEnergy_SDK-2.1.0\tools\lib\CSR100x\libgatt_lib.a(whitelist.o)
 .text.whitelist_clear
                0x00003229        0xc C:\CSR_uEnergy_SDK-2.1.0\tools\lib\CSR100x\libgatt_lib.a(whitelist.o)
 .text.___libgatt_lib_db_4017
                0x00003235        0xc C:\CSR_uEnergy_SDK-2.1.0\tools\lib\CSR100x\libgatt_lib.a(whitelist.o)
                0x00003235                ___libgatt_lib_db_4017
 .text.whitelist_search
                0x00003241       0x1f C:\CSR_uEnergy_SDK-2.1.0\tools\lib\CSR100x\libgatt_lib.a(whitelist.o)
 .text.___libgatt_lib_db_4015
                0x00003260       0x2d C:\CSR_uEnergy_SDK-2.1.0\tools\lib\CSR100x\libgatt_lib.a(whitelist.o)
                0x00003260                ___libgatt_lib_db_4015
 .text.___libgatt_lib_db_4025
                0x0000328d        0x8 C:\CSR_uEnergy_SDK-2.1.0\tools\lib\CSR100x\libgatt_lib.a(dbase.o)
                0x0000328d                ___libgatt_lib_db_4025
 .text.___libgatt_lib_db_4030
                0x00003295        0x6 C:\CSR_uEnergy_SDK-2.1.0\tools\lib\CSR100x\libgatt_lib.a(dbase.o)
                0x00003295                ___libgatt_lib_db_4030
 .text.___libgatt_lib_db_4033
                0x0000329b       0x1c C:\CSR_uEnergy_SDK-2.1.0\tools\lib\CSR100x\libgatt_lib.a(dbase.o)
                0x0000329b                ___libgatt_lib_db_4033
 .text.___libgatt_lib_db_4028
                0x000032b7       0x16 C:\CSR_uEnergy_SDK-2.1.0\tools\lib\CSR100x\libgatt_lib.a(dbase.o)
                0x000032b7                ___libgatt_lib_db_4028
 .text.___libgatt_lib_db_4034
                0x000032cd       0x1f C:\CSR_uEnergy_SDK-2.1.0\tools\lib\CSR100x\libgatt_lib.a(dbase.o)
                0x000032cd                ___libgatt_lib_db_4034
 .text.___libgatt_lib_db_4029
                0x000032ec       0x1a C:\CSR_uEnergy_SDK-2.1.0\tools\lib\CSR100x\libgatt_lib.a(dbase.o)
                0x000032ec                ___libgatt_lib_db_4029
 .text.___libgatt_lib_db_4032
                0x00003306       0x1d C:\CSR_uEnergy_SDK-2.1.0\tools\lib\CSR100x\libgatt_lib.a(dbase.o)
                0x00003306                ___libgatt_lib_db_4032
 .text.___libgatt_lib_db_4031
                0x00003323       0x15 C:\CSR_uEnergy_SDK-2.1.0\tools\lib\CSR100x\libgatt_lib.a(dbase.o)
                0x00003323                ___libgatt_lib_db_4031
 .text.___libgatt_lib_db_4026
                0x00003338        0xf C:\CSR_uEnergy_SDK-2.1.0\tools\lib\CSR100x\libgatt_lib.a(dbase.o)
                0x00003338                ___libgatt_lib_db_4026
 .text.___libgatt_lib_db_4045
                0x00003347       0x30 C:\CSR_uEnergy_SDK-2.1.0\tools\lib\CSR100x\libgatt_lib.a(access_address.o)
                0x00003347                ___libgatt_lib_db_4045
 .text.___libgatt_lib_db_4046
                0x00003377       0x66 C:\CSR_uEnergy_SDK-2.1.0\tools\lib\CSR100x\libgatt_lib.a(access_address.o)
                0x00003377                ___libgatt_lib_db_4046
 .text.btle_get_register
                0x000033dd        0xa C:\CSR_uEnergy_SDK-2.1.0\tools\lib\CSR100x\libgatt_lib.a(halbtle.o)
 .text.___libgatt_lib_db_4053
                0x000033e7        0x7 C:\CSR_uEnergy_SDK-2.1.0\tools\lib\CSR100x\libgatt_lib.a(halbtle.o)
                0x000033e7                ___libgatt_lib_db_4053
 .text.___libgatt_lib_db_4058
                0x000033ee        0x9 C:\CSR_uEnergy_SDK-2.1.0\tools\lib\CSR100x\libgatt_lib.a(halbtle.o)
                0x000033ee                ___libgatt_lib_db_4058
 .text.___libgatt_lib_db_4052
                0x000033f7        0x7 C:\CSR_uEnergy_SDK-2.1.0\tools\lib\CSR100x\libgatt_lib.a(halbtle.o)
                0x000033f7                ___libgatt_lib_db_4052
 .text.___libgatt_lib_db_4056
                0x000033fe        0x7 C:\CSR_uEnergy_SDK-2.1.0\tools\lib\CSR100x\libgatt_lib.a(halbtle.o)
                0x000033fe                ___libgatt_lib_db_4056
 .text.___libgatt_lib_db_4055
                0x00003405        0x7 C:\CSR_uEnergy_SDK-2.1.0\tools\lib\CSR100x\libgatt_lib.a(halbtle.o)
                0x00003405                ___libgatt_lib_db_4055
 .text.___libgatt_lib_db_4059
                0x0000340c        0x9 C:\CSR_uEnergy_SDK-2.1.0\tools\lib\CSR100x\libgatt_lib.a(halbtle.o)
                0x0000340c                ___libgatt_lib_db_4059
 .text.___libgatt_lib_db_4051
                0x00003415        0xc C:\CSR_uEnergy_SDK-2.1.0\tools\lib\CSR100x\libgatt_lib.a(halbtle.o)
                0x00003415                ___libgatt_lib_db_4051
 .text.get_btle_txrx_buffer_ptr
                0x00003421       0x10 C:\CSR_uEnergy_SDK-2.1.0\tools\lib\CSR100x\libgatt_lib.a(halbtle.o)
 .text.___libgatt_lib_db_4054
                0x00003431        0x8 C:\CSR_uEnergy_SDK-2.1.0\tools\lib\CSR100x\libgatt_lib.a(halbtle.o)
                0x00003431                ___libgatt_lib_db_4054
 .text.___libgatt_lib_db_4057
                0x00003439        0x8 C:\CSR_uEnergy_SDK-2.1.0\tools\lib\CSR100x\libgatt_lib.a(halbtle.o)
                0x00003439                ___libgatt_lib_db_4057
 .text.___libgatt_lib_db_4077
                0x00003441       0x90 C:\CSR_uEnergy_SDK-2.1.0\tools\lib\CSR100x\libgatt_lib.a(halradio.o)
                0x00003441                ___libgatt_lib_db_4077
 .text.___libgatt_lib_db_4085
                0x000034d1       0x27 C:\CSR_uEnergy_SDK-2.1.0\tools\lib\CSR100x\libgatt_lib.a(halradiotrim.o)
                0x000034d1                ___libgatt_lib_db_4085
 .text.___libgatt_lib_db_4083
                0x000034f8        0x3 C:\CSR_uEnergy_SDK-2.1.0\tools\lib\CSR100x\libgatt_lib.a(halradiotrim.o)
                0x000034f8                ___libgatt_lib_db_4083
 .text.calc_and_set_synth_in_half_mhz
                0x000034fb       0x40 C:\CSR_uEnergy_SDK-2.1.0\tools\lib\CSR100x\libgatt_lib.a(halradiotrim.o)
 .text.stop_rx_adc_dc_offset_push
                0x0000353b        0xa C:\CSR_uEnergy_SDK-2.1.0\tools\lib\CSR100x\libgatt_lib.a(halradiotrim.o)
 .text.get_reg_btle_rc_lo_trim_offset_status_as_int16
                0x00003545        0xd C:\CSR_uEnergy_SDK-2.1.0\tools\lib\CSR100x\libgatt_lib.a(halradiotrim.o)
 .text.___libgatt_lib_db_4087
                0x00003552       0x28 C:\CSR_uEnergy_SDK-2.1.0\tools\lib\CSR100x\libgatt_lib.a(halradiotrim.o)
                0x00003552                ___libgatt_lib_db_4087
 .text.___libgatt_lib_db_4088
                0x0000357a       0x1d C:\CSR_uEnergy_SDK-2.1.0\tools\lib\CSR100x\libgatt_lib.a(halradiotrim.o)
                0x0000357a                ___libgatt_lib_db_4088
 .text.clear_and_init_bt_dcrs_agc_pwr_meas
                0x00003597        0xb C:\CSR_uEnergy_SDK-2.1.0\tools\lib\CSR100x\libgatt_lib.a(halradiotrim.o)
 .text.setup_ana_lo_lvl
                0x000035a2       0xcd C:\CSR_uEnergy_SDK-2.1.0\tools\lib\CSR100x\libgatt_lib.a(halradiotrim.o)
 .text.optimise_lo_trim_offset
                0x0000366f       0x4d C:\CSR_uEnergy_SDK-2.1.0\tools\lib\CSR100x\libgatt_lib.a(halradiotrim.o)
 .text.start_rx_adc_dc_offset_push
                0x000036bc       0x29 C:\CSR_uEnergy_SDK-2.1.0\tools\lib\CSR100x\libgatt_lib.a(halradiotrim.o)
 .text.___libgatt_lib_db_4084
                0x000036e5      0x5c6 C:\CSR_uEnergy_SDK-2.1.0\tools\lib\CSR100x\libgatt_lib.a(halradiotrim.o)
                0x000036e5                ___libgatt_lib_db_4084
 .text.___libgatt_lib_db_4082
                0x00003cab       0x22 C:\CSR_uEnergy_SDK-2.1.0\tools\lib\CSR100x\libgatt_lib.a(halradiotrim.o)
                0x00003cab                ___libgatt_lib_db_4082
 .text.___libgatt_lib_db_4098
                0x00003ccd       0x30 C:\CSR_uEnergy_SDK-2.1.0\tools\lib\CSR100x\libgatt_lib.a(hal_freq_counter.o)
                0x00003ccd                ___libgatt_lib_db_4098
 .text.___libgatt_lib_db_4097
                0x00003cfd       0x24 C:\CSR_uEnergy_SDK-2.1.0\tools\lib\CSR100x\libgatt_lib.a(hal_freq_counter.o)
                0x00003cfd                ___libgatt_lib_db_4097
 .text.___libgatt_lib_db_4096
                0x00003d21        0xc C:\CSR_uEnergy_SDK-2.1.0\tools\lib\CSR100x\libgatt_lib.a(hal_freq_counter.o)
                0x00003d21                ___libgatt_lib_db_4096
 .text.___libgatt_lib_db_4103
                0x00003d2d        0xc C:\CSR_uEnergy_SDK-2.1.0\tools\lib\CSR100x\libgatt_lib.a(hal_debugbus.o)
                0x00003d2d                ___libgatt_lib_db_4103
 .text.___libgatt_lib_db_4102
                0x00003d39        0xc C:\CSR_uEnergy_SDK-2.1.0\tools\lib\CSR100x\libgatt_lib.a(hal_debugbus.o)
                0x00003d39                ___libgatt_lib_db_4102
 .text.uart_get_out_index_units
                0x00003d45       0x14 C:\CSR_uEnergy_SDK-2.1.0\tools\lib\CSR100x\libgatt_lib.a(uart.o)
 .text.uart_do_tx
                0x00003d59       0x21 C:\CSR_uEnergy_SDK-2.1.0\tools\lib\CSR100x\libgatt_lib.a(uart.o)
 .text.___libgatt_lib_db_4116
                0x00003d7a        0x8 C:\CSR_uEnergy_SDK-2.1.0\tools\lib\CSR100x\libgatt_lib.a(uart.o)
                0x00003d7a                ___libgatt_lib_db_4116
 .text.___libgatt_lib_db_4115
                0x00003d82       0x8c C:\CSR_uEnergy_SDK-2.1.0\tools\lib\CSR100x\libgatt_lib.a(uart.o)
                0x00003d82                ___libgatt_lib_db_4115
 .text.UartWrite
                0x00003e0e       0x38 C:\CSR_uEnergy_SDK-2.1.0\tools\lib\CSR100x\libgatt_lib.a(uart.o)
                0x00003e0e                UartWrite
 .text.UartWriteBlocking
                0x00003e46       0x10 C:\CSR_uEnergy_SDK-2.1.0\tools\lib\CSR100x\libgatt_lib.a(uart.o)
                0x00003e46                UartWriteBlocking
 .text.UartRead
                0x00003e56       0x19 C:\CSR_uEnergy_SDK-2.1.0\tools\lib\CSR100x\libgatt_lib.a(uart.o)
                0x00003e56                UartRead
 .text.UartEnable
                0x00003e6f       0x51 C:\CSR_uEnergy_SDK-2.1.0\tools\lib\CSR100x\libgatt_lib.a(uart.o)
                0x00003e6f                UartEnable
 .text.UartConfig
                0x00003ec0       0x41 C:\CSR_uEnergy_SDK-2.1.0\tools\lib\CSR100x\libgatt_lib.a(uart.o)
                0x00003ec0                UartConfig
 .text.UartInit
                0x00003f01       0x37 C:\CSR_uEnergy_SDK-2.1.0\tools\lib\CSR100x\libgatt_lib.a(uart.o)
                0x00003f01                UartInit
 .text.init_queue
                0x00003f38        0xc C:\CSR_uEnergy_SDK-2.1.0\tools\lib\CSR100x\libgatt_lib.a(timer.o)
 .text.get_timer_queue_from_qid
                0x00003f44       0x15 C:\CSR_uEnergy_SDK-2.1.0\tools\lib\CSR100x\libgatt_lib.a(timer.o)
 .text.___libgatt_lib_db_4117
                0x00003f59        0x6 C:\CSR_uEnergy_SDK-2.1.0\tools\lib\CSR100x\libgatt_lib.a(timer.o)
                0x00003f59                ___libgatt_lib_db_4117
 .text.___libgatt_lib_db_4129
                0x00003f5f        0xe C:\CSR_uEnergy_SDK-2.1.0\tools\lib\CSR100x\libgatt_lib.a(timer.o)
                0x00003f5f                ___libgatt_lib_db_4129
 .text.TimerInit
                0x00003f6d        0xf C:\CSR_uEnergy_SDK-2.1.0\tools\lib\CSR100x\libgatt_lib.a(timer.o)
                0x00003f6d                TimerInit
 .text.timer_program_hardware
                0x00003f7c       0x2e C:\CSR_uEnergy_SDK-2.1.0\tools\lib\CSR100x\libgatt_lib.a(timer.o)
 .text.timer_delete_from_queue
                0x00003faa       0x29 C:\CSR_uEnergy_SDK-2.1.0\tools\lib\CSR100x\libgatt_lib.a(timer.o)
 .text.___libgatt_lib_db_4128
                0x00003fd3       0x26 C:\CSR_uEnergy_SDK-2.1.0\tools\lib\CSR100x\libgatt_lib.a(timer.o)
                0x00003fd3                ___libgatt_lib_db_4128
 .text.TimerDelete
                0x00003ff9        0x4 C:\CSR_uEnergy_SDK-2.1.0\tools\lib\CSR100x\libgatt_lib.a(timer.o)
                0x00003ff9                TimerDelete
 .text.timer_trigger
                0x00003ffd       0x11 C:\CSR_uEnergy_SDK-2.1.0\tools\lib\CSR100x\libgatt_lib.a(timer.o)
 .text.timer3_event
                0x0000400e        0x2 C:\CSR_uEnergy_SDK-2.1.0\tools\lib\CSR100x\libgatt_lib.a(timer.o)
 .text.timer2_event
                0x00004010        0x2 C:\CSR_uEnergy_SDK-2.1.0\tools\lib\CSR100x\libgatt_lib.a(timer.o)
 .text.timer1_event
                0x00004012        0x2 C:\CSR_uEnergy_SDK-2.1.0\tools\lib\CSR100x\libgatt_lib.a(timer.o)
 .text.timer_create_on_queue
                0x00004014       0x89 C:\CSR_uEnergy_SDK-2.1.0\tools\lib\CSR100x\libgatt_lib.a(timer.o)
 .text.___libgatt_lib_db_4126
                0x0000409d       0x10 C:\CSR_uEnergy_SDK-2.1.0\tools\lib\CSR100x\libgatt_lib.a(timer.o)
                0x0000409d                ___libgatt_lib_db_4126
 .text.___libgatt_lib_db_4127
                0x000040ad        0xa C:\CSR_uEnergy_SDK-2.1.0\tools\lib\CSR100x\libgatt_lib.a(timer.o)
                0x000040ad                ___libgatt_lib_db_4127
 .text.TimerCreate
                0x000040b7        0xf C:\CSR_uEnergy_SDK-2.1.0\tools\lib\CSR100x\libgatt_lib.a(timer.o)
                0x000040b7                TimerCreate
 .text.___libgatt_lib_db_4146
                0x000040c6       0x15 C:\CSR_uEnergy_SDK-2.1.0\tools\lib\CSR100x\libgatt_lib.a(swirq.o)
                0x000040c6                ___libgatt_lib_db_4146
 .text.___libgatt_lib_db_4149
                0x000040db       0x31 C:\CSR_uEnergy_SDK-2.1.0\tools\lib\CSR100x\libgatt_lib.a(swirq.o)
                0x000040db                ___libgatt_lib_db_4149
 .text.___libgatt_lib_db_4147
                0x0000410c        0xb C:\CSR_uEnergy_SDK-2.1.0\tools\lib\CSR100x\libgatt_lib.a(swirq.o)
                0x0000410c                ___libgatt_lib_db_4147
 .text.CSReadBdaddr
                0x00004117       0x1b C:\CSR_uEnergy_SDK-2.1.0\tools\lib\CSR100x\libgatt_lib.a(config_store.o)
                0x00004117                CSReadBdaddr
 .text.___libgatt_lib_db_4154
                0x00004132       0x2d C:\CSR_uEnergy_SDK-2.1.0\tools\lib\CSR100x\libgatt_lib.a(reset.o)
                0x00004132                ___libgatt_lib_db_4154
 .text.WarmReset
                0x0000415f        0x7 C:\CSR_uEnergy_SDK-2.1.0\tools\lib\CSR100x\libgatt_lib.a(reset.o)
                0x0000415f                WarmReset
 .text.___libgatt_lib_db_4157
                0x00004166        0x9 C:\CSR_uEnergy_SDK-2.1.0\tools\lib\CSR100x\libgatt_lib.a(interrupts.o)
                0x00004166                ___libgatt_lib_db_4157
 .text.___libgatt_lib_db_4164
                0x0000416f        0xe C:\CSR_uEnergy_SDK-2.1.0\tools\lib\CSR100x\libgatt_lib.a(interrupts.o)
                0x0000416f                ___libgatt_lib_db_4164
 .text.___libgatt_lib_db_4158
                0x0000417d       0x2a C:\CSR_uEnergy_SDK-2.1.0\tools\lib\CSR100x\libgatt_lib.a(interrupts.o)
                0x0000417d                ___libgatt_lib_db_4158
 .text.___libgatt_lib_db_4165
                0x000041a7       0x26 C:\CSR_uEnergy_SDK-2.1.0\tools\lib\CSR100x\libgatt_lib.a(pools.o)
                0x000041a7                ___libgatt_lib_db_4165
 .text.___libgatt_lib_db_4167
                0x000041cd       0x31 C:\CSR_uEnergy_SDK-2.1.0\tools\lib\CSR100x\libgatt_lib.a(pools.o)
                0x000041cd                ___libgatt_lib_db_4167
 .text.___libgatt_lib_db_4166
                0x000041fe       0x2f C:\CSR_uEnergy_SDK-2.1.0\tools\lib\CSR100x\libgatt_lib.a(pools.o)
                0x000041fe                ___libgatt_lib_db_4166
 .text.___libgatt_lib_db_4168
                0x0000422d       0x25 C:\CSR_uEnergy_SDK-2.1.0\tools\lib\CSR100x\libgatt_lib.a(pools.o)
                0x0000422d                ___libgatt_lib_db_4168
 .text.___libgatt_lib_db_4178
                0x00004252       0x21 C:\CSR_uEnergy_SDK-2.1.0\tools\lib\CSR100x\libgatt_lib.a(queue.o)
                0x00004252                ___libgatt_lib_db_4178
 .text.___libgatt_lib_db_4176
                0x00004273        0x4 C:\CSR_uEnergy_SDK-2.1.0\tools\lib\CSR100x\libgatt_lib.a(queue.o)
                0x00004273                ___libgatt_lib_db_4176
 .text.___libgatt_lib_db_4182
                0x00004277        0x4 C:\CSR_uEnergy_SDK-2.1.0\tools\lib\CSR100x\libgatt_lib.a(queue.o)
                0x00004277                ___libgatt_lib_db_4182
 .text.___libgatt_lib_db_4174
                0x0000427b       0x12 C:\CSR_uEnergy_SDK-2.1.0\tools\lib\CSR100x\libgatt_lib.a(queue.o)
                0x0000427b                ___libgatt_lib_db_4174
 .text.___libgatt_lib_db_4177
                0x0000428d        0xe C:\CSR_uEnergy_SDK-2.1.0\tools\lib\CSR100x\libgatt_lib.a(queue.o)
                0x0000428d                ___libgatt_lib_db_4177
 .text.___libgatt_lib_db_4183
                0x0000429b       0x13 C:\CSR_uEnergy_SDK-2.1.0\tools\lib\CSR100x\libgatt_lib.a(queue.o)
                0x0000429b                ___libgatt_lib_db_4183
 .text.___libgatt_lib_db_4184
                0x000042ae       0x1d C:\CSR_uEnergy_SDK-2.1.0\tools\lib\CSR100x\libgatt_lib.a(queue.o)
                0x000042ae                ___libgatt_lib_db_4184
 .text.___libgatt_lib_db_4173
                0x000042cb       0x20 C:\CSR_uEnergy_SDK-2.1.0\tools\lib\CSR100x\libgatt_lib.a(queue.o)
                0x000042cb                ___libgatt_lib_db_4173
 .text.queue_new_implementation
                0x000042eb       0x34 C:\CSR_uEnergy_SDK-2.1.0\tools\lib\CSR100x\libgatt_lib.a(queue.o)
 .text.___libgatt_lib_db_4180
                0x0000431f        0x7 C:\CSR_uEnergy_SDK-2.1.0\tools\lib\CSR100x\libgatt_lib.a(queue.o)
                0x0000431f                ___libgatt_lib_db_4180
 .text.___libgatt_lib_db_4181
                0x00004326        0x7 C:\CSR_uEnergy_SDK-2.1.0\tools\lib\CSR100x\libgatt_lib.a(queue.o)
                0x00004326                ___libgatt_lib_db_4181
 .text.___libgatt_lib_db_4179
                0x0000432d        0x5 C:\CSR_uEnergy_SDK-2.1.0\tools\lib\CSR100x\libgatt_lib.a(queue.o)
                0x0000432d                ___libgatt_lib_db_4179
 .text.encryption_start_block
                0x00004332        0xd C:\CSR_uEnergy_SDK-2.1.0\tools\lib\CSR100x\libgatt_lib.a(crypt.o)
 .text.encryption_end_block
                0x0000433f       0x1d C:\CSR_uEnergy_SDK-2.1.0\tools\lib\CSR100x\libgatt_lib.a(crypt.o)
 .text.___libgatt_lib_db_4197
                0x0000435c       0x6f C:\CSR_uEnergy_SDK-2.1.0\tools\lib\CSR100x\libgatt_lib.a(crypt.o)
                0x0000435c                ___libgatt_lib_db_4197
 .text.___libgatt_lib_db_4198
                0x000043cb       0x45 C:\CSR_uEnergy_SDK-2.1.0\tools\lib\CSR100x\libgatt_lib.a(crypt.o)
                0x000043cb                ___libgatt_lib_db_4198
 .text.___libgatt_lib_db_4208
                0x00004410        0x4 C:\CSR_uEnergy_SDK-2.1.0\tools\lib\CSR100x\libgatt_lib.a(wd.o)
                0x00004410                ___libgatt_lib_db_4208
 .text.kick_watchdog_hardware
                0x00004414        0x5 C:\CSR_uEnergy_SDK-2.1.0\tools\lib\CSR100x\libgatt_lib.a(wd.o)
 .text.set_watchdog_delay
                0x00004419       0x15 C:\CSR_uEnergy_SDK-2.1.0\tools\lib\CSR100x\libgatt_lib.a(wd.o)
 .text.___libgatt_lib_db_4210
                0x0000442e       0x12 C:\CSR_uEnergy_SDK-2.1.0\tools\lib\CSR100x\libgatt_lib.a(wd.o)
                0x0000442e                ___libgatt_lib_db_4210
 .text.___libgatt_lib_db_4211
                0x00004440        0xa C:\CSR_uEnergy_SDK-2.1.0\tools\lib\CSR100x\libgatt_lib.a(wd.o)
                0x00004440                ___libgatt_lib_db_4211
 .text.wd_timer_event
                0x0000444a       0x54 C:\CSR_uEnergy_SDK-2.1.0\tools\lib\CSR100x\libgatt_lib.a(wd.o)
 .text.___libgatt_lib_db_4209
                0x0000449e        0xb C:\CSR_uEnergy_SDK-2.1.0\tools\lib\CSR100x\libgatt_lib.a(wd.o)
                0x0000449e                ___libgatt_lib_db_4209
 .text.___libgatt_lib_db_4235
                0x000044a9        0x7 C:\CSR_uEnergy_SDK-2.1.0\tools\lib\CSR100x\libgatt_lib.a(persistent.o)
                0x000044a9                ___libgatt_lib_db_4235
 .text.checksum_region
                0x000044b0       0x12 C:\CSR_uEnergy_SDK-2.1.0\tools\lib\CSR100x\libgatt_lib.a(persistent.o)
 .text.___libgatt_lib_db_4217
                0x000044c2        0xd C:\CSR_uEnergy_SDK-2.1.0\tools\lib\CSR100x\libgatt_lib.a(persistent.o)
                0x000044c2                ___libgatt_lib_db_4217
 .text.___libgatt_lib_db_4236
                0x000044cf        0x9 C:\CSR_uEnergy_SDK-2.1.0\tools\lib\CSR100x\libgatt_lib.a(persistent.o)
                0x000044cf                ___libgatt_lib_db_4236
 .text.___libgatt_lib_db_4216
                0x000044d8       0x18 C:\CSR_uEnergy_SDK-2.1.0\tools\lib\CSR100x\libgatt_lib.a(persistent.o)
                0x000044d8                ___libgatt_lib_db_4216
 .text.___libgatt_lib_db_4213
                0x000044f0       0x1d C:\CSR_uEnergy_SDK-2.1.0\tools\lib\CSR100x\libgatt_lib.a(persistent.o)
                0x000044f0                ___libgatt_lib_db_4213
 .text.___libgatt_lib_db_4238
                0x0000450d       0x1b C:\CSR_uEnergy_SDK-2.1.0\tools\lib\CSR100x\libgatt_lib.a(persistent.o)
                0x0000450d                ___libgatt_lib_db_4238
 .text.___libgatt_lib_db_4219
                0x00004528       0x1c C:\CSR_uEnergy_SDK-2.1.0\tools\lib\CSR100x\libgatt_lib.a(persistent.o)
                0x00004528                ___libgatt_lib_db_4219
 .text.___libgatt_lib_db_4215
                0x00004544       0x3b C:\CSR_uEnergy_SDK-2.1.0\tools\lib\CSR100x\libgatt_lib.a(persistent.o)
                0x00004544                ___libgatt_lib_db_4215
 .text.fault    0x0000457f       0x59 C:\CSR_uEnergy_SDK-2.1.0\tools\lib\CSR100x\libgatt_lib.a(fault.o)
                0x0000457f                fault
 .text.reinitialise_nvm
                0x000045d8        0xa C:\CSR_uEnergy_SDK-2.1.0\tools\lib\CSR100x\libgatt_lib.a(nvm.o)
 .text.NvmRead  0x000045e2       0x26 C:\CSR_uEnergy_SDK-2.1.0\tools\lib\CSR100x\libgatt_lib.a(nvm.o)
                0x000045e2                NvmRead
 .text.read_i2c
                0x00004608       0x14 C:\CSR_uEnergy_SDK-2.1.0\tools\lib\CSR100x\libgatt_lib.a(i2c_app_mem_mgr.o)
 .text.NvmConfigureI2cEeprom
                0x0000461c       0x4d C:\CSR_uEnergy_SDK-2.1.0\tools\lib\CSR100x\libgatt_lib.a(i2c_app_mem_mgr.o)
                0x0000461c                NvmConfigureI2cEeprom
 .text.disable_i2c
                0x00004669        0x8 C:\CSR_uEnergy_SDK-2.1.0\tools\lib\CSR100x\libgatt_lib.a(i2c_app_mem_mgr.o)
 .text.write_i2c
                0x00004671       0x14 C:\CSR_uEnergy_SDK-2.1.0\tools\lib\CSR100x\libgatt_lib.a(i2c_app_mem_mgr.o)
 .text.erase_i2c
                0x00004685       0x26 C:\CSR_uEnergy_SDK-2.1.0\tools\lib\CSR100x\libgatt_lib.a(i2c_app_mem_mgr.o)
 .text.___libgatt_lib_db_4313
                0x000046ab        0x3 C:\CSR_uEnergy_SDK-2.1.0\tools\lib\CSR100x\libgatt_lib.a(pmu.o)
                0x000046ab                ___libgatt_lib_db_4313
 .text.___libgatt_lib_db_4320
                0x000046ae       0x1e C:\CSR_uEnergy_SDK-2.1.0\tools\lib\CSR100x\libgatt_lib.a(pmu.o)
                0x000046ae                ___libgatt_lib_db_4320
 .text.___libgatt_lib_db_4333
                0x000046cc        0x7 C:\CSR_uEnergy_SDK-2.1.0\tools\lib\CSR100x\libgatt_lib.a(pmu.o)
                0x000046cc                ___libgatt_lib_db_4333
 .text.___libgatt_lib_db_4332
                0x000046d3        0x5 C:\CSR_uEnergy_SDK-2.1.0\tools\lib\CSR100x\libgatt_lib.a(pmu.o)
                0x000046d3                ___libgatt_lib_db_4332
 .text.___libgatt_lib_db_4314
                0x000046d8       0x3c C:\CSR_uEnergy_SDK-2.1.0\tools\lib\CSR100x\libgatt_lib.a(pmu.o)
                0x000046d8                ___libgatt_lib_db_4314
 .text.___libgatt_lib_db_4318
                0x00004714       0x3b C:\CSR_uEnergy_SDK-2.1.0\tools\lib\CSR100x\libgatt_lib.a(pmu.o)
                0x00004714                ___libgatt_lib_db_4318
 .text.___libgatt_lib_db_4319
                0x0000474f        0xf C:\CSR_uEnergy_SDK-2.1.0\tools\lib\CSR100x\libgatt_lib.a(pmu.o)
                0x0000474f                ___libgatt_lib_db_4319
 .text.___libgatt_lib_db_4317
                0x0000475e       0x3e C:\CSR_uEnergy_SDK-2.1.0\tools\lib\CSR100x\libgatt_lib.a(pmu.o)
                0x0000475e                ___libgatt_lib_db_4317
 .text.trim_smps_freq_over_temp
                0x0000479c       0x21 C:\CSR_uEnergy_SDK-2.1.0\tools\lib\CSR100x\libgatt_lib.a(pmu.o)
 .text.___libgatt_lib_db_4312
                0x000047bd       0x18 C:\CSR_uEnergy_SDK-2.1.0\tools\lib\CSR100x\libgatt_lib.a(pmu.o)
                0x000047bd                ___libgatt_lib_db_4312
 .text.___libgatt_lib_db_4316
                0x000047d5       0x86 C:\CSR_uEnergy_SDK-2.1.0\tools\lib\CSR100x\libgatt_lib.a(pmu.o)
                0x000047d5                ___libgatt_lib_db_4316
 .text.___libgatt_lib_db_4315
                0x0000485b      0x10e C:\CSR_uEnergy_SDK-2.1.0\tools\lib\CSR100x\libgatt_lib.a(pmu.o)
                0x0000485b                ___libgatt_lib_db_4315
 .text.mask_bits
                0x00004969        0xa C:\CSR_uEnergy_SDK-2.1.0\tools\lib\CSR100x\libgatt_lib.a(robs_pio.o)
 .text.mask_bit
                0x00004973        0xa C:\CSR_uEnergy_SDK-2.1.0\tools\lib\CSR100x\libgatt_lib.a(robs_pio.o)
 .text.PioSet   0x0000497d        0xe C:\CSR_uEnergy_SDK-2.1.0\tools\lib\CSR100x\libgatt_lib.a(robs_pio.o)
                0x0000497d                PioSet
 .text.PioSets  0x0000498b       0x15 C:\CSR_uEnergy_SDK-2.1.0\tools\lib\CSR100x\libgatt_lib.a(robs_pio.o)
                0x0000498b                PioSets
 .text.PioSetPullModes
                0x000049a0       0x3a C:\CSR_uEnergy_SDK-2.1.0\tools\lib\CSR100x\libgatt_lib.a(robs_pio.o)
                0x000049a0                PioSetPullModes
 .text.PioSetMode
                0x000049da       0x1a C:\CSR_uEnergy_SDK-2.1.0\tools\lib\CSR100x\libgatt_lib.a(robs_pio.o)
                0x000049da                PioSetMode
 .text.PioSetModes
                0x000049f4       0x18 C:\CSR_uEnergy_SDK-2.1.0\tools\lib\CSR100x\libgatt_lib.a(robs_pio.o)
                0x000049f4                PioSetModes
 .text.PioConfigPWM
                0x00004a0c       0x3d C:\CSR_uEnergy_SDK-2.1.0\tools\lib\CSR100x\libgatt_lib.a(robs_pio.o)
                0x00004a0c                PioConfigPWM
 .text.PioEnablePWM
                0x00004a49       0x15 C:\CSR_uEnergy_SDK-2.1.0\tools\lib\CSR100x\libgatt_lib.a(robs_pio.o)
                0x00004a49                PioEnablePWM
 .text.___libgatt_lib_db_4336
                0x00004a5e       0x1a C:\CSR_uEnergy_SDK-2.1.0\tools\lib\CSR100x\libgatt_lib.a(robs_pio.o)
                0x00004a5e                ___libgatt_lib_db_4336
 .text.PioSetEventMask
                0x00004a78       0x41 C:\CSR_uEnergy_SDK-2.1.0\tools\lib\CSR100x\libgatt_lib.a(robs_pio.o)
                0x00004a78                PioSetEventMask
 .text.PioSetDirs
                0x00004ab9       0x1a C:\CSR_uEnergy_SDK-2.1.0\tools\lib\CSR100x\libgatt_lib.a(robs_pio.o)
                0x00004ab9                PioSetDirs
 .text.PioSetDir
                0x00004ad3       0x11 C:\CSR_uEnergy_SDK-2.1.0\tools\lib\CSR100x\libgatt_lib.a(robs_pio.o)
                0x00004ad3                PioSetDir
 .text.PioSetI2CPullMode
                0x00004ae4        0x4 C:\CSR_uEnergy_SDK-2.1.0\tools\lib\CSR100x\libgatt_lib.a(robs_i2c.o)
                0x00004ae4                PioSetI2CPullMode
 .text.BatteryReadVoltage
                0x00004ae8        0x3 C:\CSR_uEnergy_SDK-2.1.0\tools\lib\CSR100x\libgatt_lib.a(battery.o)
                0x00004ae8                BatteryReadVoltage
 .text.___libgatt_lib_db_4362
                0x00004aeb       0x6e C:\CSR_uEnergy_SDK-2.1.0\tools\lib\CSR100x\libgatt_lib.a(battery.o)
                0x00004aeb                ___libgatt_lib_db_4362
 .text.___libgatt_lib_db_4361
                0x00004b59        0x5 C:\CSR_uEnergy_SDK-2.1.0\tools\lib\CSR100x\libgatt_lib.a(battery.o)
                0x00004b59                ___libgatt_lib_db_4361
 .text.IdGetBuild
                0x00004b5e        0x3 C:\CSR_uEnergy_SDK-2.1.0\tools\lib\CSR100x\libgatt_lib.a(id.o)
                0x00004b5e                IdGetBuild
 .text.___libgatt_lib_db_4375
                0x00004b61        0x3 C:\CSR_uEnergy_SDK-2.1.0\tools\lib\CSR100x\libgatt_lib.a(radiotest_init.o)
                0x00004b61                ___libgatt_lib_db_4375
 .text.___libgatt_lib_db_4381
                0x00004b64        0x3 C:\CSR_uEnergy_SDK-2.1.0\tools\lib\CSR100x\libgatt_lib.a(thermometer.o)
                0x00004b64                ___libgatt_lib_db_4381
 .text.___libgatt_lib_db_4380
                0x00004b67        0xf C:\CSR_uEnergy_SDK-2.1.0\tools\lib\CSR100x\libgatt_lib.a(thermometer.o)
                0x00004b67                ___libgatt_lib_db_4380
 .text.___libgatt_lib_db_4382
                0x00004b76       0x6c C:\CSR_uEnergy_SDK-2.1.0\tools\lib\CSR100x\libgatt_lib.a(thermometer.o)
                0x00004b76                ___libgatt_lib_db_4382
 .text.___libgatt_lib_db_4384
                0x00004be2        0x6 C:\CSR_uEnergy_SDK-2.1.0\tools\lib\CSR100x\libgatt_lib.a(updates.o)
                0x00004be2                ___libgatt_lib_db_4384
 .text.bg_update_task_execute
                0x00004be8       0x64 C:\CSR_uEnergy_SDK-2.1.0\tools\lib\CSR100x\libgatt_lib.a(updates.o)
 .text.___libgatt_lib_db_4385
                0x00004c4c       0x6d C:\CSR_uEnergy_SDK-2.1.0\tools\lib\CSR100x\libgatt_lib.a(updates.o)
                0x00004c4c                ___libgatt_lib_db_4385
 .text.___libgatt_lib_db_4392
                0x00004cb9        0xa C:\CSR_uEnergy_SDK-2.1.0\tools\lib\CSR100x\libgatt_lib.a(adc.o)
                0x00004cb9                ___libgatt_lib_db_4392
 .text.___libgatt_lib_db_4398
                0x00004cc3        0x6 C:\CSR_uEnergy_SDK-2.1.0\tools\lib\CSR100x\libgatt_lib.a(adc.o)
                0x00004cc3                ___libgatt_lib_db_4398
 .text.___libgatt_lib_db_4393